Archive member included because of file (symbol)

C:\llilum\Zelig\mbed/TARGET_DISCO_F746NG/TOOLCHAIN_GCC_ARM\libmbed.a(analogin_api.o)
                              DISCO_F746NG\InteropExports_adc.o (analogin_init)
C:\llilum\Zelig\mbed/TARGET_DISCO_F746NG/TOOLCHAIN_GCC_ARM\libmbed.a(gpio_api.o)
                              DISCO_F746NG\InteropExports_gpio.o (gpio_mode)
C:\llilum\Zelig\mbed/TARGET_DISCO_F746NG/TOOLCHAIN_GCC_ARM\libmbed.a(gpio_irq_api.o)
                              DISCO_F746NG\InteropExports_gpio.o (gpio_irq_init)
C:\llilum\Zelig\mbed/TARGET_DISCO_F746NG/TOOLCHAIN_GCC_ARM\libmbed.a(i2c_api.o)
                              DISCO_F746NG\InteropExports_i2c.o (i2c_init)
C:\llilum\Zelig\mbed/TARGET_DISCO_F746NG/TOOLCHAIN_GCC_ARM\libmbed.a(pinmap.o)
                              C:\llilum\Zelig\mbed/TARGET_DISCO_F746NG/TOOLCHAIN_GCC_ARM\libmbed.a(gpio_api.o) (Set_GPIO_Clock)
C:\llilum\Zelig\mbed/TARGET_DISCO_F746NG/TOOLCHAIN_GCC_ARM\libmbed.a(serial_api.o)
                              C:\llilum\Zelig\mbed/TARGET_DISCO_F746NG/TOOLCHAIN_GCC_ARM/retarget.o (stdio_uart_inited)
C:\llilum\Zelig\mbed/TARGET_DISCO_F746NG/TOOLCHAIN_GCC_ARM\libmbed.a(spi_api.o)
                              DISCO_F746NG\InteropExports_spi.o (spi_init)
C:\llilum\Zelig\mbed/TARGET_DISCO_F746NG/TOOLCHAIN_GCC_ARM\libmbed.a(us_ticker.o)
                              DISCO_F746NG\InteropExports_system_timer.o (us_ticker_init)
C:\llilum\Zelig\mbed/TARGET_DISCO_F746NG/TOOLCHAIN_GCC_ARM\libmbed.a(assert.o)
                              DISCO_F746NG\InteropExports_gpio.o (mbed_assert_internal)
C:\llilum\Zelig\mbed/TARGET_DISCO_F746NG/TOOLCHAIN_GCC_ARM\libmbed.a(FilePath.o)
                              C:\llilum\Zelig\mbed/TARGET_DISCO_F746NG/TOOLCHAIN_GCC_ARM/retarget.o (mbed::FilePath::FilePath(char const*))
C:\llilum\Zelig\mbed/TARGET_DISCO_F746NG/TOOLCHAIN_GCC_ARM\libmbed.a(FileSystemLike.o)
                              C:\llilum\Zelig\mbed/TARGET_DISCO_F746NG/TOOLCHAIN_GCC_ARM/retarget.o (mbed::FileSystemLike::opendir())
C:\llilum\Zelig\mbed/TARGET_DISCO_F746NG/TOOLCHAIN_GCC_ARM\libmbed.a(error.o)
                              C:\llilum\Zelig\mbed/TARGET_DISCO_F746NG/TOOLCHAIN_GCC_ARM/retarget.o (error)
C:\llilum\Zelig\mbed/TARGET_DISCO_F746NG/TOOLCHAIN_GCC_ARM\libmbed.a(gpio.o)
                              DISCO_F746NG\InteropExports_gpio.o (gpio_init_in)
C:\llilum\Zelig\mbed/TARGET_DISCO_F746NG/TOOLCHAIN_GCC_ARM\libmbed.a(pinmap_common.o)
                              C:\llilum\Zelig\mbed/TARGET_DISCO_F746NG/TOOLCHAIN_GCC_ARM\libmbed.a(analogin_api.o) (pinmap_pinout)
C:\llilum\Zelig\mbed/TARGET_DISCO_F746NG/TOOLCHAIN_GCC_ARM\libmbed.a(ticker_api.o)
                              DISCO_F746NG\InteropExports_system_timer.o (ticker_set_handler)
C:\llilum\Zelig\mbed/TARGET_DISCO_F746NG/TOOLCHAIN_GCC_ARM\libmbed.a(us_ticker_api.o)
                              DISCO_F746NG\InteropExports_system_timer.o (get_us_ticker_data)
C:\llilum\Zelig\mbed/TARGET_DISCO_F746NG/TOOLCHAIN_GCC_ARM\libmbed.a(wait_api.o)
                              C:\llilum\Zelig\mbed/TARGET_DISCO_F746NG/TOOLCHAIN_GCC_ARM/board.o (wait_ms)
C:\llilum\Zelig\mbed/TARGET_DISCO_F746NG/TOOLCHAIN_GCC_ARM\libmbed.a(PeripheralPins.o)
                              C:\llilum\Zelig\mbed/TARGET_DISCO_F746NG/TOOLCHAIN_GCC_ARM\libmbed.a(analogin_api.o) (PinMap_ADC)
C:\llilum\Zelig\mbed/TARGET_DISCO_F746NG/TOOLCHAIN_GCC_ARM\libmbed.a(FileBase.o)
                              C:\llilum\Zelig\mbed/TARGET_DISCO_F746NG/TOOLCHAIN_GCC_ARM\libmbed.a(FileSystemLike.o) (mbed::FileBase::FileBase(char const*, mbed::PathType))
c:/gccarm/bin/../lib/gcc/arm-none-eabi/4.9.3/../../../../arm-none-eabi/lib/armv7e-m/softfp\libstdc++_nano.a(del_op.o)
                              C:\llilum\Zelig\mbed/TARGET_DISCO_F746NG/TOOLCHAIN_GCC_ARM/retarget.o (operator delete(void*))
c:/gccarm/bin/../lib/gcc/arm-none-eabi/4.9.3/../../../../arm-none-eabi/lib/armv7e-m/softfp\libstdc++_nano.a(new_op.o)
                              C:\llilum\Zelig\mbed/TARGET_DISCO_F746NG/TOOLCHAIN_GCC_ARM\libmbed.a(FileSystemLike.o) (operator new(unsigned int))
c:/gccarm/bin/../lib/gcc/arm-none-eabi/4.9.3/../../../../arm-none-eabi/lib/armv7e-m/softfp\libstdc++_nano.a(new_handler.o)
                              c:/gccarm/bin/../lib/gcc/arm-none-eabi/4.9.3/../../../../arm-none-eabi/lib/armv7e-m/softfp\libstdc++_nano.a(new_op.o) (std::get_new_handler())
c:/gccarm/bin/../lib/gcc/arm-none-eabi/4.9.3/../../../../arm-none-eabi/lib/armv7e-m/softfp\libc_nano.a(lib_a-abort.o)
                              c:/gccarm/bin/../lib/gcc/arm-none-eabi/4.9.3/../../../../arm-none-eabi/lib/armv7e-m/softfp\libstdc++_nano.a(new_op.o) (abort)
c:/gccarm/bin/../lib/gcc/arm-none-eabi/4.9.3/../../../../arm-none-eabi/lib/armv7e-m/softfp\libc_nano.a(lib_a-aeabi_memclr.o)
                              .\Microsoft.Zelig.Test.mbed.Simple_opt.o (__aeabi_memclr)
[...]
Memory Configuration

Name             Origin             Length             Attributes
FLASH            0x08000000         0x00100000         xr
RAM              0x200001c8         0x0004fe38         xrw
*default*        0x00000000         0xffffffff

Linker script and memory map

LOAD c:/gccarm/bin/../lib/gcc/arm-none-eabi/4.9.3/armv7e-m/softfp/crti.o
LOAD c:/gccarm/bin/../lib/gcc/arm-none-eabi/4.9.3/armv7e-m/softfp/crtbegin.o
LOAD c:/gccarm/bin/../lib/gcc/arm-none-eabi/4.9.3/../../../../arm-none-eabi/lib/armv7e-m/softfp/crt0.o
LOAD .\Microsoft.Zelig.Test.mbed.Simple_opt.o
LOAD DISCO_F746NG\InteropExports_adc.o
LOAD DISCO_F746NG\InteropExports_clock.o
LOAD DISCO_F746NG\InteropExports_core.o
LOAD DISCO_F746NG\InteropExports_debug.o
LOAD DISCO_F746NG\InteropExports_gpio.o
LOAD DISCO_F746NG\InteropExports_i2c.o
LOAD DISCO_F746NG\InteropExports_mem.o
LOAD DISCO_F746NG\InteropExports_NVIC.o
LOAD DISCO_F746NG\InteropExports_serial.o
LOAD DISCO_F746NG\InteropExports_spi.o
LOAD DISCO_F746NG\InteropExports_system_timer.o
LOAD DISCO_F746NG\InteropExports_SysTick.o
LOAD DISCO_F746NG\InteropExports_threading.o
LOAD DISCO_F746NG\startup_stm32f746xx.o
LOAD C:\llilum\Zelig\mbed/TARGET_DISCO_F746NG/TOOLCHAIN_GCC_ARM/system_stm32f7xx.o
LOAD C:\llilum\Zelig\mbed/TARGET_DISCO_F746NG/TOOLCHAIN_GCC_ARM/board.o
LOAD C:\llilum\Zelig\mbed/TARGET_DISCO_F746NG/TOOLCHAIN_GCC_ARM/cmsis_nvic.o
LOAD C:\llilum\Zelig\mbed/TARGET_DISCO_F746NG/TOOLCHAIN_GCC_ARM/retarget.o
LOAD C:\llilum\Zelig\mbed/TARGET_DISCO_F746NG/TOOLCHAIN_GCC_ARM/stm32f7xx_hal_rcc.o
LOAD C:\llilum\Zelig\mbed/TARGET_DISCO_F746NG/TOOLCHAIN_GCC_ARM/stm32f7xx_hal_pwr_ex.o
LOAD C:\llilum\Zelig\mbed/TARGET_DISCO_F746NG/TOOLCHAIN_GCC_ARM/stm32f7xx_hal.o
LOAD C:\llilum\Zelig\mbed/TARGET_DISCO_F746NG/TOOLCHAIN_GCC_ARM/stm32f7xx_hal_cortex.o
LOAD C:\llilum\Zelig\mbed/TARGET_DISCO_F746NG/TOOLCHAIN_GCC_ARM/stm32f7xx_hal_gpio.o
LOAD C:\llilum\Zelig\mbed/TARGET_DISCO_F746NG/TOOLCHAIN_GCC_ARM/stm32f7xx_hal_uart.o
LOAD C:\llilum\Zelig\mbed/TARGET_DISCO_F746NG/TOOLCHAIN_GCC_ARM/stm32f7xx_hal_spi.o
LOAD C:\llilum\Zelig\mbed/TARGET_DISCO_F746NG/TOOLCHAIN_GCC_ARM/hal_tick.o
LOAD C:\llilum\Zelig\mbed/TARGET_DISCO_F746NG/TOOLCHAIN_GCC_ARM/stm32f7xx_hal_tim.o
LOAD C:\llilum\Zelig\mbed/TARGET_DISCO_F746NG/TOOLCHAIN_GCC_ARM/stm32f7xx_hal_adc.o
LOAD C:\llilum\Zelig\mbed/TARGET_DISCO_F746NG/TOOLCHAIN_GCC_ARM\libmbed.a
LOAD c:/gccarm/bin/../lib/gcc/arm-none-eabi/4.9.3/../../../../arm-none-eabi/lib/armv7e-m/softfp\libstdc++_nano.a
LOAD c:/gccarm/bin/../lib/gcc/arm-none-eabi/4.9.3/../../../../arm-none-eabi/lib/armv7e-m/softfp\libsupc++_nano.a
LOAD c:/gccarm/bin/../lib/gcc/arm-none-eabi/4.9.3/../../../../arm-none-eabi/lib/armv7e-m/softfp\libm.a
LOAD c:/gccarm/bin/../lib/gcc/arm-none-eabi/4.9.3/../../../../arm-none-eabi/lib/armv7e-m/softfp\libc_nano.a
LOAD c:/gccarm/bin/../lib/gcc/arm-none-eabi/4.9.3/armv7e-m/softfp\libgcc.a
LOAD c:/gccarm/bin/../lib/gcc/arm-none-eabi/4.9.3/../../../../arm-none-eabi/lib/armv7e-m/softfp\libnosys.a
LOAD C:\llilum\Zelig\mbed/TARGET_DISCO_F746NG/TOOLCHAIN_GCC_ARM\libmbed.a
LOAD c:/gccarm/bin/../lib/gcc/arm-none-eabi/4.9.3/../../../../arm-none-eabi/lib/armv7e-m/softfp\libstdc++_nano.a
LOAD c:/gccarm/bin/../lib/gcc/arm-none-eabi/4.9.3/../../../../arm-none-eabi/lib/armv7e-m/softfp\libsupc++_nano.a
LOAD c:/gccarm/bin/../lib/gcc/arm-none-eabi/4.9.3/../../../../arm-none-eabi/lib/armv7e-m/softfp\libm.a
LOAD c:/gccarm/bin/../lib/gcc/arm-none-eabi/4.9.3/../../../../arm-none-eabi/lib/armv7e-m/softfp\libc_nano.a
LOAD c:/gccarm/bin/../lib/gcc/arm-none-eabi/4.9.3/armv7e-m/softfp\libgcc.a
LOAD c:/gccarm/bin/../lib/gcc/arm-none-eabi/4.9.3/../../../../arm-none-eabi/lib/armv7e-m/softfp\libnosys.a
START GROUP
LOAD c:/gccarm/bin/../lib/gcc/arm-none-eabi/4.9.3/armv7e-m/softfp\libgcc.a
LOAD c:/gccarm/bin/../lib/gcc/arm-none-eabi/4.9.3/../../../../arm-none-eabi/lib/armv7e-m/softfp\libc_nano.a
END GROUP
START GROUP
LOAD c:/gccarm/bin/../lib/gcc/arm-none-eabi/4.9.3/armv7e-m/softfp\libgcc.a
LOAD c:/gccarm/bin/../lib/gcc/arm-none-eabi/4.9.3/../../../../arm-none-eabi/lib/armv7e-m/softfp\libc_nano.a
END GROUP
LOAD c:/gccarm/bin/../lib/gcc/arm-none-eabi/4.9.3/armv7e-m/softfp/crtend.o
LOAD c:/gccarm/bin/../lib/gcc/arm-none-eabi/4.9.3/armv7e-m/softfp/crtn.o

.text           0x08000000    0x1d430
 *(.isr_vector)
 .isr_vector    0x08000000      0x1c8 DISCO_F746NG\startup_stm32f746xx.o
                0x08000000                g_pfnVectors
 *(.text*)
 .text          0x080001c8       0x5c c:/gccarm/bin/../lib/gcc/arm-none-eabi/4.9.3/armv7e-m/softfp/crtbegin.o
 .text          0x08000224       0x74 c:/gccarm/bin/../lib/gcc/arm-none-eabi/4.9.3/../../../../arm-none-eabi/lib/armv7e-m/softfp/crt0.o
                0x08000224                _start
                0x08000224                _mainCRTStartup
 *fill*         0x08000298        0x8 
 .text          0x080002a0    0x137e4 .\Microsoft.Zelig.Test.mbed.Simple_opt.o
                0x080002a0                HardFault_Handler
                0x080002fc                MemManage_Handler_Zelig
                0x08000370                UsageFault_Handler_Zelig
                0x080003b4                BusFault_Handler_Zelig
                0x08000428                main
                0x08000460                SVC_Handler_Zelig
                0x080004b4                PendSV_Handler_Zelig
                0x08000554                AnyInterrupt
                0x08000556                SVC_Handler_Zelig_VFP_NoFPContext
                0x080005a8                PendSV_Handler_Zelig_VFP
                0x08000628                AnyInterrupt.1
                0x0800066e                SystemTimer_Handler
                0x08000724                SysTick_Handler_Zelig
                0x08008348                HandleGpioInterrupt
                0x080083b0                HandleSerialPortInterrupt
 .text.CMSIS_STUB_CLOCK__GetSystemCoreClock
                0x08013a84        0xc DISCO_F746NG\InteropExports_clock.o
                0x08013a84                CMSIS_STUB_CLOCK__GetSystemCoreClock
 .text.HAL_MPU_Disable
                0x08013a90       0x24 DISCO_F746NG\InteropExports_core.o
 .text.CMSIS_STUB_SCB__get_CONTROL
                0x08013ab4       0x14 DISCO_F746NG\InteropExports_core.o
                0x08013ab4                CMSIS_STUB_SCB__get_CONTROL
 .text.CMSIS_STUB_SCB__get_IPSR
                0x08013ac8       0x14 DISCO_F746NG\InteropExports_core.o
                0x08013ac8                CMSIS_STUB_SCB__get_IPSR
 .text.CMSIS_STUB_SCB__set_PSP
                0x08013adc       0x18 DISCO_F746NG\InteropExports_core.o
                0x08013adc                CMSIS_STUB_SCB__set_PSP
 .text.CMSIS_STUB_SCB__get_BASEPRI
                0x08013af4       0x14 DISCO_F746NG\InteropExports_core.o
                0x08013af4                CMSIS_STUB_SCB__get_BASEPRI
 .text.CMSIS_STUB_SCB__set_BASEPRI
                0x08013b08       0x44 DISCO_F746NG\InteropExports_core.o
                0x08013b08                CMSIS_STUB_SCB__set_BASEPRI
 .text.CUSTOM_STUB_SCB__get_FPCCR
                0x08013b4c        0xc DISCO_F746NG\InteropExports_core.o
                0x08013b4c                CUSTOM_STUB_SCB__get_FPCCR
 .text.CUSTOM_STUB_SCB__set_FPCCR
                0x08013b58       0x14 DISCO_F746NG\InteropExports_core.o
                0x08013b58                CUSTOM_STUB_SCB__set_FPCCR
 .text.CUSTOM_STUB_SCB_get_CCR
                0x08013b6c        0xc DISCO_F746NG\InteropExports_core.o
                0x08013b6c                CUSTOM_STUB_SCB_get_CCR
 .text.CUSTOM_STUB_SCB_set_CCR
                0x08013b78       0x14 DISCO_F746NG\InteropExports_core.o
                0x08013b78                CUSTOM_STUB_SCB_set_CCR
 .text.CUSTOM_STUB_SCB_SHCRS_EnableSystemHandler
                0x08013b8c       0x20 DISCO_F746NG\InteropExports_core.o
                0x08013b8c                CUSTOM_STUB_SCB_SHCRS_EnableSystemHandler
 .text.CUSTOM_STUB_SCB_ICSR_RaiseSystemException
                0x08013bac       0x20 DISCO_F746NG\InteropExports_core.o
                0x08013bac                CUSTOM_STUB_SCB_ICSR_RaiseSystemException
 .text.CUSTOM_STUB_SCB_SCR_SetSystemControlRegister
                0x08013bcc       0x14 DISCO_F746NG\InteropExports_core.o
                0x08013bcc                CUSTOM_STUB_SCB_SCR_SetSystemControlRegister
 .text.CMSIS_STUB_POWER_WaitForEvent
                0x08013be0        0x4 DISCO_F746NG\InteropExports_core.o
                0x08013be0                CMSIS_STUB_POWER_WaitForEvent
 *fill*         0x08013be4        0x4 
 .text.CUSTOM_STUB_RaiseSupervisorCallForLongJump
                0x08013be8        0x4 DISCO_F746NG\InteropExports_core.o
                0x08013be8                CUSTOM_STUB_RaiseSupervisorCallForLongJump
 *fill*         0x08013bec        0x4 
 .text.CUSTOM_STUB_RaiseSupervisorCallForStartThreads
                0x08013bf0        0x4 DISCO_F746NG\InteropExports_core.o
                0x08013bf0                CUSTOM_STUB_RaiseSupervisorCallForStartThreads
 *fill*         0x08013bf4        0x4 
 .text.CUSTOM_STUB_RaiseSupervisorCallForRetireThread
                0x08013bf8        0x4 DISCO_F746NG\InteropExports_core.o
                0x08013bf8                CUSTOM_STUB_RaiseSupervisorCallForRetireThread
 .text.PendSV_Handler
                0x08013bfc       0x40 DISCO_F746NG\InteropExports_core.o
                0x08013bfc                PendSV_Handler
 .text.CUSTOM_STUB_SetExcReturn
                0x08013c3c       0x14 DISCO_F746NG\InteropExports_core.o
                0x08013c3c                CUSTOM_STUB_SetExcReturn
 .text.SVC_Handler
                0x08013c50       0x28 DISCO_F746NG\InteropExports_core.o
                0x08013c50                SVC_Handler
 .text.CUSTOM_STUB_DISCO_F746NG_DisableMPU
                0x08013c78        0x8 DISCO_F746NG\InteropExports_core.o
                0x08013c78                CUSTOM_STUB_DISCO_F746NG_DisableMPU
 .text.Break    0x08013c80        0x4 DISCO_F746NG\InteropExports_debug.o
                0x08013c80                Break
 .text.Breakpoint
                0x08013c84       0x1c DISCO_F746NG\InteropExports_debug.o
                0x08013c84                Breakpoint
 .text.Nop      0x08013ca0        0x4 DISCO_F746NG\InteropExports_debug.o
                0x08013ca0                Nop
 .text.ConvertToCharString
                0x08013ca4       0x48 DISCO_F746NG\InteropExports_debug.o
                0x08013ca4                ConvertToCharString
 .text.DebugLogPrint
                0x08013cec        0x8 DISCO_F746NG\InteropExports_debug.o
                0x08013cec                DebugLogPrint
 .text.DebugLog0
                0x08013cf4       0x4c DISCO_F746NG\InteropExports_debug.o
                0x08013cf4                DebugLog0
 .text.DebugLog1
                0x08013d40       0x64 DISCO_F746NG\InteropExports_debug.o
                0x08013d40                DebugLog1
 .text.CUSTOM_STUB_DebuggerConnected
                0x08013da4       0x10 DISCO_F746NG\InteropExports_debug.o
                0x08013da4                CUSTOM_STUB_DebuggerConnected
 .text.CUSTOM_STUB_SCB__get_CFSR
                0x08013db4        0xc DISCO_F746NG\InteropExports_debug.o
                0x08013db4                CUSTOM_STUB_SCB__get_CFSR
 .text.CUSTOM_STUB_SCB__get_HFSR
                0x08013dc0        0xc DISCO_F746NG\InteropExports_debug.o
                0x08013dc0                CUSTOM_STUB_SCB__get_HFSR
 .text.CUSTOM_STUB_SCB__get_MMFAR
                0x08013dcc        0xc DISCO_F746NG\InteropExports_debug.o
                0x08013dcc                CUSTOM_STUB_SCB__get_MMFAR
 .text.CUSTOM_STUB_SCB__get_BFAR
                0x08013dd8        0xc DISCO_F746NG\InteropExports_debug.o
                0x08013dd8                CUSTOM_STUB_SCB__get_BFAR
 .text.MemManage_Handler
                0x08013de4       0x14 DISCO_F746NG\InteropExports_debug.o
                0x08013de4                MemManage_Handler
 .text.BusFault_Handler
                0x08013df8       0x14 DISCO_F746NG\InteropExports_debug.o
                0x08013df8                BusFault_Handler
 .text.UsageFault_Handler
                0x08013e0c       0x14 DISCO_F746NG\InteropExports_debug.o
                0x08013e0c                UsageFault_Handler
 .text.gpio_write
                0x08013e20       0x4c DISCO_F746NG\InteropExports_gpio.o
 .text.tmp_gpio_write
                0x08013e6c       0x18 DISCO_F746NG\InteropExports_gpio.o
                0x08013e6c                tmp_gpio_write
 .text.tmp_gpio_alloc_init
                0x08013e84       0x30 DISCO_F746NG\InteropExports_gpio.o
                0x08013e84                tmp_gpio_alloc_init
 .text.tmp_gpio_free
                0x08013eb4       0x14 DISCO_F746NG\InteropExports_gpio.o
                0x08013eb4                tmp_gpio_free
 .text.tmp_gpio_dir
                0x08013ec8       0x1c DISCO_F746NG\InteropExports_gpio.o
                0x08013ec8                tmp_gpio_dir
 .text.tmp_gpio_mode
                0x08013ee4       0x1c DISCO_F746NG\InteropExports_gpio.o
                0x08013ee4                tmp_gpio_mode
 .text.tmp_gpio_irq_alloc
                0x08013f00       0x1c DISCO_F746NG\InteropExports_gpio.o
                0x08013f00                tmp_gpio_irq_alloc
 .text.tmp_gpio_irq_free
                0x08013f1c       0x14 DISCO_F746NG\InteropExports_gpio.o
                0x08013f1c                tmp_gpio_irq_free
 .text.tmp_gpio_irq_uninit
                0x08013f30       0x14 DISCO_F746NG\InteropExports_gpio.o
                0x08013f30                tmp_gpio_irq_uninit
 .text.tmp_gpio_irq_set
                0x08013f44       0x20 DISCO_F746NG\InteropExports_gpio.o
                0x08013f44                tmp_gpio_irq_set
 .text.NVIC_SetPriorityGrouping
                0x08013f64       0x3c DISCO_F746NG\InteropExports_NVIC.o
 .text.NVIC_SetPriority
                0x08013fa0       0x4c DISCO_F746NG\InteropExports_NVIC.o
 .text.CMSIS_STUB_NVIC_SetPriorityGrouping
                0x08013fec       0x18 DISCO_F746NG\InteropExports_NVIC.o
                0x08013fec                CMSIS_STUB_NVIC_SetPriorityGrouping
 .text.CMSIS_STUB_NVIC_SetPriority
                0x08014004       0x24 DISCO_F746NG\InteropExports_NVIC.o
                0x08014004                CMSIS_STUB_NVIC_SetPriority
 .text.tmp_timer_event_alloc
                0x08014028       0x1c DISCO_F746NG\InteropExports_system_timer.o
                0x08014028                tmp_timer_event_alloc
 .text.tmp_sys_timer_read
                0x08014044        0xc DISCO_F746NG\InteropExports_system_timer.o
                0x08014044                tmp_sys_timer_read
 .text.tmp_interrupt_handler
                0x08014050       0x14 DISCO_F746NG\InteropExports_system_timer.o
                0x08014050                tmp_interrupt_handler
 .text.tmp_sys_timer_init
                0x08014064       0x1c DISCO_F746NG\InteropExports_system_timer.o
                0x08014064                tmp_sys_timer_init
 .text.tmp_sys_timer_insert_event
                0x08014080       0x28 DISCO_F746NG\InteropExports_system_timer.o
                0x08014080                tmp_sys_timer_insert_event
 .text.tmp_sys_timer_remove_event
                0x080140a8       0x1c DISCO_F746NG\InteropExports_system_timer.o
                0x080140a8                tmp_sys_timer_remove_event
 .text.CMSIS_STUB_SysTick_GetCTRL
                0x080140c4        0xc DISCO_F746NG\InteropExports_SysTick.o
                0x080140c4                CMSIS_STUB_SysTick_GetCTRL
 .text.CMSIS_STUB_SysTick_SetCTRL
                0x080140d0       0x14 DISCO_F746NG\InteropExports_SysTick.o
                0x080140d0                CMSIS_STUB_SysTick_SetCTRL
 .text.CMSIS_STUB_SysTick_SetLOAD
                0x080140e4       0x1c DISCO_F746NG\InteropExports_SysTick.o
                0x080140e4                CMSIS_STUB_SysTick_SetLOAD
 .text.CMSIS_STUB_SysTick_GetVAL
                0x08014100       0x10 DISCO_F746NG\InteropExports_SysTick.o
                0x08014100                CMSIS_STUB_SysTick_GetVAL
 .text.CMSIS_STUB_SysTick_SetVAL
                0x08014110       0x1c DISCO_F746NG\InteropExports_SysTick.o
                0x08014110                CMSIS_STUB_SysTick_SetVAL
 .text.CMSIS_STUB_SysTick_GetCALIB
                0x0801412c        0xc DISCO_F746NG\InteropExports_SysTick.o
                0x0801412c                CMSIS_STUB_SysTick_GetCALIB
 .text.SysTick_Handler
                0x08014138       0x10 DISCO_F746NG\InteropExports_SysTick.o
                0x08014138                SysTick_Handler
 .text.Reset_Handler
                0x08014148       0x4c DISCO_F746NG\startup_stm32f746xx.o
                0x08014148                Reset_Handler
 .text.Default_Handler
                0x08014194        0x2 DISCO_F746NG\startup_stm32f746xx.o
                0x08014194                RTC_Alarm_IRQHandler
                0x08014194                EXTI2_IRQHandler
                0x08014194                TIM8_CC_IRQHandler
                0x08014194                DebugMon_Handler
                0x08014194                UART8_IRQHandler
                0x08014194                SPI4_IRQHandler
                0x08014194                TIM1_CC_IRQHandler
                0x08014194                DMA2_Stream5_IRQHandler
                0x08014194                DMA1_Stream5_IRQHandler
                0x08014194                PVD_IRQHandler
                0x08014194                TAMP_STAMP_IRQHandler
                0x08014194                NMI_Handler
                0x08014194                CAN2_RX1_IRQHandler
                0x08014194                EXTI3_IRQHandler
                0x08014194                TIM8_TRG_COM_TIM14_IRQHandler
                0x08014194                TIM1_UP_TIM10_IRQHandler
                0x08014194                TIM8_UP_TIM13_IRQHandler
                0x08014194                I2C3_ER_IRQHandler
                0x08014194                EXTI0_IRQHandler
                0x08014194                I2C2_EV_IRQHandler
                0x08014194                DMA1_Stream2_IRQHandler
                0x08014194                CAN1_RX0_IRQHandler
                0x08014194                FPU_IRQHandler
                0x08014194                OTG_HS_WKUP_IRQHandler
                0x08014194                LTDC_ER_IRQHandler
                0x08014194                CAN2_SCE_IRQHandler
                0x08014194                DMA2_Stream2_IRQHandler
                0x08014194                SPI1_IRQHandler
                0x08014194                TIM6_DAC_IRQHandler
                0x08014194                TIM1_BRK_TIM9_IRQHandler
                0x08014194                DCMI_IRQHandler
                0x08014194                CAN2_RX0_IRQHandler
                0x08014194                DMA2_Stream3_IRQHandler
                0x08014194                SAI2_IRQHandler
                0x08014194                USART6_IRQHandler
                0x08014194                USART3_IRQHandler
                0x08014194                CAN1_RX1_IRQHandler
                0x08014194                UART5_IRQHandler
                0x08014194                DMA2_Stream0_IRQHandler
                0x08014194                TIM4_IRQHandler
                0x08014194                QUADSPI_IRQHandler
                0x08014194                I2C1_EV_IRQHandler
                0x08014194                DMA1_Stream6_IRQHandler
                0x08014194                DMA1_Stream1_IRQHandler
                0x08014194                UART4_IRQHandler
                0x08014194                TIM3_IRQHandler
                0x08014194                RCC_IRQHandler
                0x08014194                TIM8_BRK_TIM12_IRQHandler
                0x08014194                Default_Handler
                0x08014194                CEC_IRQHandler
                0x08014194                EXTI15_10_IRQHandler
                0x08014194                ADC_IRQHandler
                0x08014194                DMA1_Stream7_IRQHandler
                0x08014194                SPI5_IRQHandler
                0x08014194                TIM7_IRQHandler
                0x08014194                SDMMC1_IRQHandler
                0x08014194                CAN2_TX_IRQHandler
                0x08014194                TIM5_IRQHandler
                0x08014194                DMA2_Stream7_IRQHandler
                0x08014194                I2C3_EV_IRQHandler
                0x08014194                EXTI9_5_IRQHandler
                0x08014194                RTC_WKUP_IRQHandler
                0x08014194                LTDC_IRQHandler
                0x08014194                ETH_WKUP_IRQHandler
                0x08014194                SPDIF_RX_IRQHandler
                0x08014194                SPI2_IRQHandler
                0x08014194                OTG_HS_EP1_IN_IRQHandler
                0x08014194                DMA1_Stream0_IRQHandler
                0x08014194                CAN1_TX_IRQHandler
                0x08014194                EXTI4_IRQHandler
                0x08014194                RNG_IRQHandler
                0x08014194                ETH_IRQHandler
                0x08014194                OTG_HS_EP1_OUT_IRQHandler
                0x08014194                WWDG_IRQHandler
                0x08014194                SPI6_IRQHandler
                0x08014194                I2C4_EV_IRQHandler
                0x08014194                TIM2_IRQHandler
                0x08014194                OTG_FS_WKUP_IRQHandler
                0x08014194                TIM1_TRG_COM_TIM11_IRQHandler
                0x08014194                OTG_HS_IRQHandler
                0x08014194                DMA2D_IRQHandler
                0x08014194                EXTI1_IRQHandler
                0x08014194                UART7_IRQHandler
                0x08014194                USART2_IRQHandler
                0x08014194                I2C2_ER_IRQHandler
                0x08014194                DMA2_Stream1_IRQHandler
                0x08014194                CAN1_SCE_IRQHandler
                0x08014194                FLASH_IRQHandler
                0x08014194                DMA2_Stream4_IRQHandler
                0x08014194                USART1_IRQHandler
                0x08014194                OTG_FS_IRQHandler
                0x08014194                SPI3_IRQHandler
                0x08014194                DMA1_Stream4_IRQHandler
                0x08014194                I2C1_ER_IRQHandler
                0x08014194                FMC_IRQHandler
                0x08014194                LPTIM1_IRQHandler
                0x08014194                I2C4_ER_IRQHandler
                0x08014194                DMA2_Stream6_IRQHandler
                0x08014194                SAI1_IRQHandler
                0x08014194                DMA1_Stream3_IRQHandler
 *fill*         0x08014196        0x2 
 .text.SetSysClock_PLL_HSE
                0x08014198       0x88 C:\llilum\Zelig\mbed/TARGET_DISCO_F746NG/TOOLCHAIN_GCC_ARM/system_stm32f7xx.o
                0x08014198                SetSysClock_PLL_HSE
 .text.SetSysClock_PLL_HSI
                0x08014220      0x100 C:\llilum\Zelig\mbed/TARGET_DISCO_F746NG/TOOLCHAIN_GCC_ARM/system_stm32f7xx.o
                0x08014220                SetSysClock_PLL_HSI
 .text.SetSysClock
                0x08014320       0x18 C:\llilum\Zelig\mbed/TARGET_DISCO_F746NG/TOOLCHAIN_GCC_ARM/system_stm32f7xx.o
                0x08014320                SetSysClock
 .text.SystemInit
                0x08014338       0xe0 C:\llilum\Zelig\mbed/TARGET_DISCO_F746NG/TOOLCHAIN_GCC_ARM/system_stm32f7xx.o
                0x08014338                SystemInit
 .text.mbed_die
                0x08014418       0x14 C:\llilum\Zelig\mbed/TARGET_DISCO_F746NG/TOOLCHAIN_GCC_ARM/board.o
                0x08014418                mbed_die
 .text.NVIC_SetVector
                0x0801442c       0x48 C:\llilum\Zelig\mbed/TARGET_DISCO_F746NG/TOOLCHAIN_GCC_ARM/cmsis_nvic.o
                0x0801442c                NVIC_SetVector
 .text._ZL11init_serialv
                0x08014474       0x20 C:\llilum\Zelig\mbed/TARGET_DISCO_F746NG/TOOLCHAIN_GCC_ARM/retarget.o
 .text._close   0x08014494       0x50 C:\llilum\Zelig\mbed/TARGET_DISCO_F746NG/TOOLCHAIN_GCC_ARM/retarget.o
                0x08014494                _close
 .text._write   0x080144e4       0x88 C:\llilum\Zelig\mbed/TARGET_DISCO_F746NG/TOOLCHAIN_GCC_ARM/retarget.o
                0x080144e4                _write
 .text._read    0x0801456c       0x74 C:\llilum\Zelig\mbed/TARGET_DISCO_F746NG/TOOLCHAIN_GCC_ARM/retarget.o
                0x0801456c                _read
 .text._isatty  0x080145e0       0x44 C:\llilum\Zelig\mbed/TARGET_DISCO_F746NG/TOOLCHAIN_GCC_ARM/retarget.o
                0x080145e0                _isatty
 .text._lseek   0x08014624       0x4c C:\llilum\Zelig\mbed/TARGET_DISCO_F746NG/TOOLCHAIN_GCC_ARM/retarget.o
                0x08014624                _lseek
 .text._fstat   0x08014670       0x3c C:\llilum\Zelig\mbed/TARGET_DISCO_F746NG/TOOLCHAIN_GCC_ARM/retarget.o
                0x08014670                _fstat
 .text.mbed_main
                0x080146ac        0x4 C:\llilum\Zelig\mbed/TARGET_DISCO_F746NG/TOOLCHAIN_GCC_ARM/retarget.o
                0x080146ac                mbed_main
 .text.mbed_sdk_init
                0x080146b0        0x4 C:\llilum\Zelig\mbed/TARGET_DISCO_F746NG/TOOLCHAIN_GCC_ARM/retarget.o
                0x080146b0                mbed_sdk_init
 .text.__wrap_main
                0x080146b4       0x14 C:\llilum\Zelig\mbed/TARGET_DISCO_F746NG/TOOLCHAIN_GCC_ARM/retarget.o
                0x080146b4                __wrap_main
 .text._sbrk    0x080146c8       0x58 C:\llilum\Zelig\mbed/TARGET_DISCO_F746NG/TOOLCHAIN_GCC_ARM/retarget.o
                0x080146c8                _sbrk
 .text._exit    0x08014720       0x30 C:\llilum\Zelig\mbed/TARGET_DISCO_F746NG/TOOLCHAIN_GCC_ARM/retarget.o
                0x08014720                _exit
 .text.HAL_RCC_OscConfig
                0x08014750      0x428 C:\llilum\Zelig\mbed/TARGET_DISCO_F746NG/TOOLCHAIN_GCC_ARM/stm32f7xx_hal_rcc.o
                0x08014750                HAL_RCC_OscConfig
 .text.HAL_RCC_ClockConfig
                0x08014b78      0x1bc C:\llilum\Zelig\mbed/TARGET_DISCO_F746NG/TOOLCHAIN_GCC_ARM/stm32f7xx_hal_rcc.o
                0x08014b78                HAL_RCC_ClockConfig
 .text.HAL_RCC_GetSysClockFreq
                0x08014d34       0x9c C:\llilum\Zelig\mbed/TARGET_DISCO_F746NG/TOOLCHAIN_GCC_ARM/stm32f7xx_hal_rcc.o
                0x08014d34                HAL_RCC_GetSysClockFreq
 .text.HAL_RCC_GetHCLKFreq
                0x08014dd0       0x38 C:\llilum\Zelig\mbed/TARGET_DISCO_F746NG/TOOLCHAIN_GCC_ARM/stm32f7xx_hal_rcc.o
                0x08014dd0                HAL_RCC_GetHCLKFreq
 .text.HAL_RCC_GetPCLK1Freq
                0x08014e08       0x30 C:\llilum\Zelig\mbed/TARGET_DISCO_F746NG/TOOLCHAIN_GCC_ARM/stm32f7xx_hal_rcc.o
                0x08014e08                HAL_RCC_GetPCLK1Freq
 .text.HAL_RCC_GetPCLK2Freq
                0x08014e38       0x30 C:\llilum\Zelig\mbed/TARGET_DISCO_F746NG/TOOLCHAIN_GCC_ARM/stm32f7xx_hal_rcc.o
                0x08014e38                HAL_RCC_GetPCLK2Freq
 .text.HAL_RCC_GetClockConfig
                0x08014e68       0x44 C:\llilum\Zelig\mbed/TARGET_DISCO_F746NG/TOOLCHAIN_GCC_ARM/stm32f7xx_hal_rcc.o
                0x08014e68                HAL_RCC_GetClockConfig
 .text.HAL_PWREx_EnableOverDrive
                0x08014eac       0x78 C:\llilum\Zelig\mbed/TARGET_DISCO_F746NG/TOOLCHAIN_GCC_ARM/stm32f7xx_hal_pwr_ex.o
                0x08014eac                HAL_PWREx_EnableOverDrive
 .text.HAL_MspInit
                0x08014f24        0x4 C:\llilum\Zelig\mbed/TARGET_DISCO_F746NG/TOOLCHAIN_GCC_ARM/stm32f7xx_hal.o
                0x08014f24                HAL_MspInit
 .text.HAL_Init
                0x08014f28       0x24 C:\llilum\Zelig\mbed/TARGET_DISCO_F746NG/TOOLCHAIN_GCC_ARM/stm32f7xx_hal.o
                0x08014f28                HAL_Init
 .text.HAL_IncTick
                0x08014f4c       0x10 C:\llilum\Zelig\mbed/TARGET_DISCO_F746NG/TOOLCHAIN_GCC_ARM/stm32f7xx_hal.o
                0x08014f4c                HAL_IncTick
 .text.HAL_GetTick
                0x08014f5c        0xc C:\llilum\Zelig\mbed/TARGET_DISCO_F746NG/TOOLCHAIN_GCC_ARM/stm32f7xx_hal.o
                0x08014f5c                HAL_GetTick
 .text.HAL_NVIC_SetPriorityGrouping
                0x08014f68       0x28 C:\llilum\Zelig\mbed/TARGET_DISCO_F746NG/TOOLCHAIN_GCC_ARM/stm32f7xx_hal_cortex.o
                0x08014f68                HAL_NVIC_SetPriorityGrouping
 .text.HAL_GPIO_Init
                0x08014f90      0x254 C:\llilum\Zelig\mbed/TARGET_DISCO_F746NG/TOOLCHAIN_GCC_ARM/stm32f7xx_hal_gpio.o
                0x08014f90                HAL_GPIO_Init
 .text.HAL_UART_MspInit
                0x080151e4        0x4 C:\llilum\Zelig\mbed/TARGET_DISCO_F746NG/TOOLCHAIN_GCC_ARM/stm32f7xx_hal_uart.o
                0x080151e4                HAL_UART_MspInit
 .text.UART_WaitOnFlagUntilTimeout
                0x080151e8       0x90 C:\llilum\Zelig\mbed/TARGET_DISCO_F746NG/TOOLCHAIN_GCC_ARM/stm32f7xx_hal_uart.o
                0x080151e8                UART_WaitOnFlagUntilTimeout
 .text.UART_SetConfig
                0x08015278      0x2d0 C:\llilum\Zelig\mbed/TARGET_DISCO_F746NG/TOOLCHAIN_GCC_ARM/stm32f7xx_hal_uart.o
                0x08015278                UART_SetConfig
 .text.UART_AdvFeatureConfig
                0x08015548       0xb0 C:\llilum\Zelig\mbed/TARGET_DISCO_F746NG/TOOLCHAIN_GCC_ARM/stm32f7xx_hal_uart.o
                0x08015548                UART_AdvFeatureConfig
 .text.UART_CheckIdleState
                0x080155f8       0x54 C:\llilum\Zelig\mbed/TARGET_DISCO_F746NG/TOOLCHAIN_GCC_ARM/stm32f7xx_hal_uart.o
                0x080155f8                UART_CheckIdleState
 .text.HAL_UART_Init
                0x0801564c       0x6c C:\llilum\Zelig\mbed/TARGET_DISCO_F746NG/TOOLCHAIN_GCC_ARM/stm32f7xx_hal_uart.o
                0x0801564c                HAL_UART_Init
 .text.timer_irq_handler
                0x080156b8       0x50 C:\llilum\Zelig\mbed/TARGET_DISCO_F746NG/TOOLCHAIN_GCC_ARM/hal_tick.o
                0x080156b8                timer_irq_handler
 .text.HAL_InitTick
                0x08015708       0xc8 C:\llilum\Zelig\mbed/TARGET_DISCO_F746NG/TOOLCHAIN_GCC_ARM/hal_tick.o
                0x08015708                HAL_InitTick
 .text.HAL_TIM_OC_MspInit
                0x080157d0        0x4 C:\llilum\Zelig\mbed/TARGET_DISCO_F746NG/TOOLCHAIN_GCC_ARM/stm32f7xx_hal_tim.o
                0x080157d0                HAL_TIM_OC_MspInit
 .text.HAL_TIM_OC_Start
                0x080157d4       0x48 C:\llilum\Zelig\mbed/TARGET_DISCO_F746NG/TOOLCHAIN_GCC_ARM/stm32f7xx_hal_tim.o
                0x080157d4                HAL_TIM_OC_Start
 .text.TIM_Base_SetConfig
                0x0801581c      0x110 C:\llilum\Zelig\mbed/TARGET_DISCO_F746NG/TOOLCHAIN_GCC_ARM/stm32f7xx_hal_tim.o
                0x0801581c                TIM_Base_SetConfig
 .text.HAL_TIM_OC_Init
                0x0801592c       0x38 C:\llilum\Zelig\mbed/TARGET_DISCO_F746NG/TOOLCHAIN_GCC_ARM/stm32f7xx_hal_tim.o
                0x0801592c                HAL_TIM_OC_Init
 .text.gpio_set
                0x08015964       0x48 C:\llilum\Zelig\mbed/TARGET_DISCO_F746NG/TOOLCHAIN_GCC_ARM\libmbed.a(gpio_api.o)
                0x08015964                gpio_set
 .text.gpio_init
                0x080159ac       0x64 C:\llilum\Zelig\mbed/TARGET_DISCO_F746NG/TOOLCHAIN_GCC_ARM\libmbed.a(gpio_api.o)
                0x080159ac                gpio_init
 .text.gpio_mode
                0x08015a10       0x24 C:\llilum\Zelig\mbed/TARGET_DISCO_F746NG/TOOLCHAIN_GCC_ARM\libmbed.a(gpio_api.o)
                0x08015a10                gpio_mode
 .text.gpio_dir
                0x08015a34       0x58 C:\llilum\Zelig\mbed/TARGET_DISCO_F746NG/TOOLCHAIN_GCC_ARM\libmbed.a(gpio_api.o)
                0x08015a34                gpio_dir
 .text.gpio_irq_free
                0x08015a8c       0x8c C:\llilum\Zelig\mbed/TARGET_DISCO_F746NG/TOOLCHAIN_GCC_ARM\libmbed.a(gpio_irq_api.o)
                0x08015a8c                gpio_irq_free
 .text.gpio_irq_set
                0x08015b18       0xfc C:\llilum\Zelig\mbed/TARGET_DISCO_F746NG/TOOLCHAIN_GCC_ARM\libmbed.a(gpio_irq_api.o)
                0x08015b18                gpio_irq_set
 .text.Set_GPIO_Clock
                0x08015c14      0x1d4 C:\llilum\Zelig\mbed/TARGET_DISCO_F746NG/TOOLCHAIN_GCC_ARM\libmbed.a(pinmap.o)
                0x08015c14                Set_GPIO_Clock
 .text.pin_function
                0x08015de8       0x9c C:\llilum\Zelig\mbed/TARGET_DISCO_F746NG/TOOLCHAIN_GCC_ARM\libmbed.a(pinmap.o)
                0x08015de8                pin_function
 .text.pin_mode
                0x08015e84       0x90 C:\llilum\Zelig\mbed/TARGET_DISCO_F746NG/TOOLCHAIN_GCC_ARM\libmbed.a(pinmap.o)
                0x08015e84                pin_mode
 .text.init_uart
                0x08015f14       0x84 C:\llilum\Zelig\mbed/TARGET_DISCO_F746NG/TOOLCHAIN_GCC_ARM\libmbed.a(serial_api.o)
 .text.serial_init
                0x08015f98      0x268 C:\llilum\Zelig\mbed/TARGET_DISCO_F746NG/TOOLCHAIN_GCC_ARM\libmbed.a(serial_api.o)
                0x08015f98                serial_init
 .text.serial_getc
                0x08016200       0x2c C:\llilum\Zelig\mbed/TARGET_DISCO_F746NG/TOOLCHAIN_GCC_ARM\libmbed.a(serial_api.o)
                0x08016200                serial_getc
 .text.serial_putc
                0x0801622c       0x2c C:\llilum\Zelig\mbed/TARGET_DISCO_F746NG/TOOLCHAIN_GCC_ARM\libmbed.a(serial_api.o)
                0x0801622c                serial_putc
 .text.serial_readable
                0x08016258       0x30 C:\llilum\Zelig\mbed/TARGET_DISCO_F746NG/TOOLCHAIN_GCC_ARM\libmbed.a(serial_api.o)
                0x08016258                serial_readable
 .text.serial_writable
                0x08016288       0x30 C:\llilum\Zelig\mbed/TARGET_DISCO_F746NG/TOOLCHAIN_GCC_ARM\libmbed.a(serial_api.o)
                0x08016288                serial_writable
 .text.us_ticker_init
                0x080162b8       0x2c C:\llilum\Zelig\mbed/TARGET_DISCO_F746NG/TOOLCHAIN_GCC_ARM\libmbed.a(us_ticker.o)
                0x080162b8                us_ticker_init
 .text.us_ticker_read
                0x080162e4       0x20 C:\llilum\Zelig\mbed/TARGET_DISCO_F746NG/TOOLCHAIN_GCC_ARM\libmbed.a(us_ticker.o)
                0x080162e4                us_ticker_read
 .text.us_ticker_set_interrupt
                0x08016304       0x24 C:\llilum\Zelig\mbed/TARGET_DISCO_F746NG/TOOLCHAIN_GCC_ARM\libmbed.a(us_ticker.o)
                0x08016304                us_ticker_set_interrupt
 .text.us_ticker_disable_interrupt
                0x08016328       0x18 C:\llilum\Zelig\mbed/TARGET_DISCO_F746NG/TOOLCHAIN_GCC_ARM\libmbed.a(us_ticker.o)
                0x08016328                us_ticker_disable_interrupt
 .text.us_ticker_clear_interrupt
                0x08016340       0x10 C:\llilum\Zelig\mbed/TARGET_DISCO_F746NG/TOOLCHAIN_GCC_ARM\libmbed.a(us_ticker.o)
                0x08016340                us_ticker_clear_interrupt
 .text.mbed_assert_internal
                0x08016350       0x18 C:\llilum\Zelig\mbed/TARGET_DISCO_F746NG/TOOLCHAIN_GCC_ARM\libmbed.a(assert.o)
                0x08016350                mbed_assert_internal
 .text.error    0x08016368       0x24 C:\llilum\Zelig\mbed/TARGET_DISCO_F746NG/TOOLCHAIN_GCC_ARM\libmbed.a(error.o)
                0x08016368                error
 .text._gpio_init_in
                0x0801638c       0x44 C:\llilum\Zelig\mbed/TARGET_DISCO_F746NG/TOOLCHAIN_GCC_ARM\libmbed.a(gpio.o)
 .text.gpio_init_in
                0x080163d0       0x20 C:\llilum\Zelig\mbed/TARGET_DISCO_F746NG/TOOLCHAIN_GCC_ARM\libmbed.a(gpio.o)
                0x080163d0                gpio_init_in
 .text.gpio_init_in_ex
                0x080163f0       0x2c C:\llilum\Zelig\mbed/TARGET_DISCO_F746NG/TOOLCHAIN_GCC_ARM\libmbed.a(gpio.o)
                0x080163f0                gpio_init_in_ex
 .text.pinmap_pinout
                0x0801641c       0x68 C:\llilum\Zelig\mbed/TARGET_DISCO_F746NG/TOOLCHAIN_GCC_ARM\libmbed.a(pinmap_common.o)
                0x0801641c                pinmap_pinout
 .text.pinmap_merge
                0x08016484       0x44 C:\llilum\Zelig\mbed/TARGET_DISCO_F746NG/TOOLCHAIN_GCC_ARM\libmbed.a(pinmap_common.o)
                0x08016484                pinmap_merge
 .text.pinmap_find_peripheral
                0x080164c8       0x3c C:\llilum\Zelig\mbed/TARGET_DISCO_F746NG/TOOLCHAIN_GCC_ARM\libmbed.a(pinmap_common.o)
                0x080164c8                pinmap_find_peripheral
 .text.pinmap_peripheral
                0x08016504       0x4c C:\llilum\Zelig\mbed/TARGET_DISCO_F746NG/TOOLCHAIN_GCC_ARM\libmbed.a(pinmap_common.o)
                0x08016504                pinmap_peripheral
 .text.ticker_set_handler
                0x08016550       0x20 C:\llilum\Zelig\mbed/TARGET_DISCO_F746NG/TOOLCHAIN_GCC_ARM\libmbed.a(ticker_api.o)
                0x08016550                ticker_set_handler
 .text.ticker_irq_handler
                0x08016570       0x88 C:\llilum\Zelig\mbed/TARGET_DISCO_F746NG/TOOLCHAIN_GCC_ARM\libmbed.a(ticker_api.o)
                0x08016570                ticker_irq_handler
 .text.ticker_insert_event
                0x080165f8       0x74 C:\llilum\Zelig\mbed/TARGET_DISCO_F746NG/TOOLCHAIN_GCC_ARM\libmbed.a(ticker_api.o)
                0x080165f8                ticker_insert_event
 .text.ticker_remove_event
                0x0801666c       0x7c C:\llilum\Zelig\mbed/TARGET_DISCO_F746NG/TOOLCHAIN_GCC_ARM\libmbed.a(ticker_api.o)
                0x0801666c                ticker_remove_event
 .text.get_us_ticker_data
                0x080166e8        0xc C:\llilum\Zelig\mbed/TARGET_DISCO_F746NG/TOOLCHAIN_GCC_ARM\libmbed.a(us_ticker_api.o)
                0x080166e8                get_us_ticker_data
 .text.us_ticker_irq_handler
                0x080166f4       0x10 C:\llilum\Zelig\mbed/TARGET_DISCO_F746NG/TOOLCHAIN_GCC_ARM\libmbed.a(us_ticker_api.o)
                0x080166f4                us_ticker_irq_handler
 .text.wait_ms  0x08016704       0x1c C:\llilum\Zelig\mbed/TARGET_DISCO_F746NG/TOOLCHAIN_GCC_ARM\libmbed.a(wait_api.o)
                0x08016704                wait_ms
 .text.wait_us  0x08016720       0x24 C:\llilum\Zelig\mbed/TARGET_DISCO_F746NG/TOOLCHAIN_GCC_ARM\libmbed.a(wait_api.o)
                0x08016720                wait_us
 .text.abort    0x08016744        0xe c:/gccarm/bin/../lib/gcc/arm-none-eabi/4.9.3/../../../../arm-none-eabi/lib/armv7e-m/softfp\libc_nano.a(lib_a-abort.o)
                0x08016744                abort
 .text.__aeabi_memclr
                0x08016752        0x6 c:/gccarm/bin/../lib/gcc/arm-none-eabi/4.9.3/../../../../arm-none-eabi/lib/armv7e-m/softfp\libc_nano.a(lib_a-aeabi_memclr.o)
                0x08016752                __aeabi_memclr
                0x08016752                __aeabi_memclr4
                0x08016752                __aeabi_memclr8
 .text.__aeabi_memcpy
                0x08016758        0x4 c:/gccarm/bin/../lib/gcc/arm-none-eabi/4.9.3/../../../../arm-none-eabi/lib/armv7e-m/softfp\libc_nano.a(lib_a-aeabi_memcpy.o)
                0x08016758                __aeabi_memcpy4
                0x08016758                __aeabi_memcpy8
                0x08016758                __aeabi_memcpy
 .text          0x0801675c       0x3a c:/gccarm/bin/../lib/gcc/arm-none-eabi/4.9.3/../../../../arm-none-eabi/lib/armv7e-m/softfp\libc_nano.a(lib_a-aeabi_memmove-soft.o)
                0x0801675c                __aeabi_memmove
                0x0801675c                __aeabi_memmove4
                0x0801675c                __aeabi_memmove8
 .text          0x08016796       0x9a c:/gccarm/bin/../lib/gcc/arm-none-eabi/4.9.3/../../../../arm-none-eabi/lib/armv7e-m/softfp\libc_nano.a(lib_a-aeabi_memset-soft.o)
                0x08016796                __aeabi_memset8
                0x08016796                __aeabi_memset4
                0x08016796                __aeabi_memset
 .text.calloc   0x08016830       0x14 c:/gccarm/bin/../lib/gcc/arm-none-eabi/4.9.3/../../../../arm-none-eabi/lib/armv7e-m/softfp\libc_nano.a(lib_a-calloc.o)
                0x08016830                calloc
 .text.__errno  0x08016844        0xc c:/gccarm/bin/../lib/gcc/arm-none-eabi/4.9.3/../../../../arm-none-eabi/lib/armv7e-m/softfp\libc_nano.a(lib_a-errno.o)
                0x08016844                __errno
 .text.exit     0x08016850       0x28 c:/gccarm/bin/../lib/gcc/arm-none-eabi/4.9.3/../../../../arm-none-eabi/lib/armv7e-m/softfp\libc_nano.a(lib_a-exit.o)
                0x08016850                exit
 .text.__sflush_r
                0x08016878      0x108 c:/gccarm/bin/../lib/gcc/arm-none-eabi/4.9.3/../../../../arm-none-eabi/lib/armv7e-m/softfp\libc_nano.a(lib_a-fflush.o)
                0x08016878                __sflush_r
 .text._fflush_r
                0x08016980       0x54 c:/gccarm/bin/../lib/gcc/arm-none-eabi/4.9.3/../../../../arm-none-eabi/lib/armv7e-m/softfp\libc_nano.a(lib_a-fflush.o)
                0x08016980                _fflush_r
 .text.fflush   0x080169d4       0x24 c:/gccarm/bin/../lib/gcc/arm-none-eabi/4.9.3/../../../../arm-none-eabi/lib/armv7e-m/softfp\libc_nano.a(lib_a-fflush.o)
                0x080169d4                fflush
 .text._cleanup_r
                0x080169f8        0xc c:/gccarm/bin/../lib/gcc/arm-none-eabi/4.9.3/../../../../arm-none-eabi/lib/armv7e-m/softfp\libc_nano.a(lib_a-findfp.o)
                0x080169f8                _cleanup_r
 .text.std.isra.0
                0x08016a04       0x48 c:/gccarm/bin/../lib/gcc/arm-none-eabi/4.9.3/../../../../arm-none-eabi/lib/armv7e-m/softfp\libc_nano.a(lib_a-findfp.o)
 .text.__sfmoreglue
                0x08016a4c       0x2c c:/gccarm/bin/../lib/gcc/arm-none-eabi/4.9.3/../../../../arm-none-eabi/lib/armv7e-m/softfp\libc_nano.a(lib_a-findfp.o)
                0x08016a4c                __sfmoreglue
 .text.__sinit  0x08016a78       0x60 c:/gccarm/bin/../lib/gcc/arm-none-eabi/4.9.3/../../../../arm-none-eabi/lib/armv7e-m/softfp\libc_nano.a(lib_a-findfp.o)
                0x08016a78                __sinit
 .text.__sfp    0x08016ad8       0x74 c:/gccarm/bin/../lib/gcc/arm-none-eabi/4.9.3/../../../../arm-none-eabi/lib/armv7e-m/softfp\libc_nano.a(lib_a-findfp.o)
                0x08016ad8                __sfp
 .text._fwalk_reent
                0x08016b4c       0x3c c:/gccarm/bin/../lib/gcc/arm-none-eabi/4.9.3/../../../../arm-none-eabi/lib/armv7e-m/softfp\libc_nano.a(lib_a-fwalk.o)
                0x08016b4c                _fwalk_reent
 .text.__libc_init_array
                0x08016b88       0x4c c:/gccarm/bin/../lib/gcc/arm-none-eabi/4.9.3/../../../../arm-none-eabi/lib/armv7e-m/softfp\libc_nano.a(lib_a-init.o)
                0x08016b88                __libc_init_array
 .text.malloc   0x08016bd4       0x10 c:/gccarm/bin/../lib/gcc/arm-none-eabi/4.9.3/../../../../arm-none-eabi/lib/armv7e-m/softfp\libc_nano.a(lib_a-malloc.o)
                0x08016bd4                malloc
 .text.free     0x08016be4       0x10 c:/gccarm/bin/../lib/gcc/arm-none-eabi/4.9.3/../../../../arm-none-eabi/lib/armv7e-m/softfp\libc_nano.a(lib_a-malloc.o)
                0x08016be4                free
 .text.memchr   0x08016bf4       0x1e c:/gccarm/bin/../lib/gcc/arm-none-eabi/4.9.3/../../../../arm-none-eabi/lib/armv7e-m/softfp\libc_nano.a(lib_a-memchr.o)
                0x08016bf4                memchr
 .text.memcpy   0x08016c12       0x16 c:/gccarm/bin/../lib/gcc/arm-none-eabi/4.9.3/../../../../arm-none-eabi/lib/armv7e-m/softfp\libc_nano.a(lib_a-memcpy.o)
                0x08016c12                memcpy
 .text.memset   0x08016c28       0x10 c:/gccarm/bin/../lib/gcc/arm-none-eabi/4.9.3/../../../../arm-none-eabi/lib/armv7e-m/softfp\libc_nano.a(lib_a-memset.o)
                0x08016c28                memset
 .text._calloc_r
                0x08016c38       0x1c c:/gccarm/bin/../lib/gcc/arm-none-eabi/4.9.3/../../../../arm-none-eabi/lib/armv7e-m/softfp\libc_nano.a(lib_a-nano-callocr.o)
                0x08016c38                _calloc_r
 .text._free_r  0x08016c54       0x88 c:/gccarm/bin/../lib/gcc/arm-none-eabi/4.9.3/../../../../arm-none-eabi/lib/armv7e-m/softfp\libc_nano.a(lib_a-nano-freer.o)
                0x08016c54                _free_r
 .text._malloc_r
                0x08016cdc       0xac c:/gccarm/bin/../lib/gcc/arm-none-eabi/4.9.3/../../../../arm-none-eabi/lib/armv7e-m/softfp\libc_nano.a(lib_a-nano-mallocr.o)
                0x08016cdc                _malloc_r
 .text.__sfputc_r
                0x08016d88       0x2c c:/gccarm/bin/../lib/gcc/arm-none-eabi/4.9.3/../../../../arm-none-eabi/lib/armv7e-m/softfp\libc_nano.a(lib_a-nano-vfprintf.o)
 .text.__sfputs_r
                0x08016db4       0x24 c:/gccarm/bin/../lib/gcc/arm-none-eabi/4.9.3/../../../../arm-none-eabi/lib/armv7e-m/softfp\libc_nano.a(lib_a-nano-vfprintf.o)
                0x08016db4                __sfputs_r
 .text._vfprintf_r
                0x08016dd8      0x210 c:/gccarm/bin/../lib/gcc/arm-none-eabi/4.9.3/../../../../arm-none-eabi/lib/armv7e-m/softfp\libc_nano.a(lib_a-nano-vfprintf.o)
                0x08016dd8                _vfprintf_r
                0x08016dd8                _vfiprintf_r
 .text.vfprintf
                0x08016fe8       0x1c c:/gccarm/bin/../lib/gcc/arm-none-eabi/4.9.3/../../../../arm-none-eabi/lib/armv7e-m/softfp\libc_nano.a(lib_a-nano-vfprintf.o)
                0x08016fe8                vfprintf
                0x08016fe8                vfiprintf
 .text.__cvt    0x08017004       0xc0 c:/gccarm/bin/../lib/gcc/arm-none-eabi/4.9.3/../../../../arm-none-eabi/lib/armv7e-m/softfp\libc_nano.a(lib_a-nano-vfprintf_float.o)
                0x08017004                __cvt
 .text.__exponent
                0x080170c4       0x60 c:/gccarm/bin/../lib/gcc/arm-none-eabi/4.9.3/../../../../arm-none-eabi/lib/armv7e-m/softfp\libc_nano.a(lib_a-nano-vfprintf_float.o)
                0x080170c4                __exponent
 .text._printf_float
                0x08017124      0x48c c:/gccarm/bin/../lib/gcc/arm-none-eabi/4.9.3/../../../../arm-none-eabi/lib/armv7e-m/softfp\libc_nano.a(lib_a-nano-vfprintf_float.o)
                0x08017124                _printf_float
 .text._printf_common
                0x080175b0       0xea c:/gccarm/bin/../lib/gcc/arm-none-eabi/4.9.3/../../../../arm-none-eabi/lib/armv7e-m/softfp\libc_nano.a(lib_a-nano-vfprintf_i.o)
                0x080175b0                _printf_common
 *fill*         0x0801769a        0x2 
 .text._printf_i
                0x0801769c      0x240 c:/gccarm/bin/../lib/gcc/arm-none-eabi/4.9.3/../../../../arm-none-eabi/lib/armv7e-m/softfp\libc_nano.a(lib_a-nano-vfprintf_i.o)
                0x0801769c                _printf_i
 .text._scanf_float
                0x080178dc      0x3cc c:/gccarm/bin/../lib/gcc/arm-none-eabi/4.9.3/../../../../arm-none-eabi/lib/armv7e-m/softfp\libc_nano.a(lib_a-nano-vfscanf_float.o)
                0x080178dc                _scanf_float
 .text.__fpclassifyd
                0x08017ca8       0x54 c:/gccarm/bin/../lib/gcc/arm-none-eabi/4.9.3/../../../../arm-none-eabi/lib/armv7e-m/softfp\libc_nano.a(lib_a-s_fpclassify.o)
                0x08017ca8                __fpclassifyd
 .text._sbrk_r  0x08017cfc       0x20 c:/gccarm/bin/../lib/gcc/arm-none-eabi/4.9.3/../../../../arm-none-eabi/lib/armv7e-m/softfp\libc_nano.a(lib_a-sbrkr.o)
                0x08017cfc                _sbrk_r
 .text.nanf     0x08017d1c        0x8 c:/gccarm/bin/../lib/gcc/arm-none-eabi/4.9.3/../../../../arm-none-eabi/lib/armv7e-m/softfp\libc_nano.a(lib_a-sf_nan.o)
                0x08017d1c                nanf
 .text._raise_r
                0x08017d24       0x50 c:/gccarm/bin/../lib/gcc/arm-none-eabi/4.9.3/../../../../arm-none-eabi/lib/armv7e-m/softfp\libc_nano.a(lib_a-signal.o)
                0x08017d24                _raise_r
 .text.raise    0x08017d74       0x10 c:/gccarm/bin/../lib/gcc/arm-none-eabi/4.9.3/../../../../arm-none-eabi/lib/armv7e-m/softfp\libc_nano.a(lib_a-signal.o)
                0x08017d74                raise
 .text._kill_r  0x08017d84       0x24 c:/gccarm/bin/../lib/gcc/arm-none-eabi/4.9.3/../../../../arm-none-eabi/lib/armv7e-m/softfp\libc_nano.a(lib_a-signalr.o)
                0x08017d84                _kill_r
 .text._getpid_r
                0x08017da8        0x4 c:/gccarm/bin/../lib/gcc/arm-none-eabi/4.9.3/../../../../arm-none-eabi/lib/armv7e-m/softfp\libc_nano.a(lib_a-signalr.o)
                0x08017da8                _getpid_r
 .text.snprintf
                0x08017dac       0x64 c:/gccarm/bin/../lib/gcc/arm-none-eabi/4.9.3/../../../../arm-none-eabi/lib/armv7e-m/softfp\libc_nano.a(lib_a-snprintf.o)
                0x08017dac                sniprintf
                0x08017dac                snprintf
 .text.sprintf  0x08017e10       0x48 c:/gccarm/bin/../lib/gcc/arm-none-eabi/4.9.3/../../../../arm-none-eabi/lib/armv7e-m/softfp\libc_nano.a(lib_a-sprintf.o)
                0x08017e10                siprintf
                0x08017e10                sprintf
 .text.__sread  0x08017e58       0x22 c:/gccarm/bin/../lib/gcc/arm-none-eabi/4.9.3/../../../../arm-none-eabi/lib/armv7e-m/softfp\libc_nano.a(lib_a-stdio.o)
                0x08017e58                __sread
 .text.__swrite
                0x08017e7a       0x38 c:/gccarm/bin/../lib/gcc/arm-none-eabi/4.9.3/../../../../arm-none-eabi/lib/armv7e-m/softfp\libc_nano.a(lib_a-stdio.o)
                0x08017e7a                __swrite
 .text.__sseek  0x08017eb2       0x24 c:/gccarm/bin/../lib/gcc/arm-none-eabi/4.9.3/../../../../arm-none-eabi/lib/armv7e-m/softfp\libc_nano.a(lib_a-stdio.o)
                0x08017eb2                __sseek
 .text.__sclose
                0x08017ed6        0x8 c:/gccarm/bin/../lib/gcc/arm-none-eabi/4.9.3/../../../../arm-none-eabi/lib/armv7e-m/softfp\libc_nano.a(lib_a-stdio.o)
                0x08017ed6                __sclose
 .text.strlen   0x08017ede       0x10 c:/gccarm/bin/../lib/gcc/arm-none-eabi/4.9.3/../../../../arm-none-eabi/lib/armv7e-m/softfp\libc_nano.a(lib_a-strlen.o)
                0x08017ede                strlen
 .text.strncmp  0x08017eee       0x34 c:/gccarm/bin/../lib/gcc/arm-none-eabi/4.9.3/../../../../arm-none-eabi/lib/armv7e-m/softfp\libc_nano.a(lib_a-strncmp.o)
                0x08017eee                strncmp
 .text.match    0x08017f22       0x26 c:/gccarm/bin/../lib/gcc/arm-none-eabi/4.9.3/../../../../arm-none-eabi/lib/armv7e-m/softfp\libc_nano.a(lib_a-strtod.o)
 .text.sulp     0x08017f48       0x42 c:/gccarm/bin/../lib/gcc/arm-none-eabi/4.9.3/../../../../arm-none-eabi/lib/armv7e-m/softfp\libc_nano.a(lib_a-strtod.o)
 *fill*         0x08017f8a        0x6 
 .text._strtod_r
                0x08017f90      0xc24 c:/gccarm/bin/../lib/gcc/arm-none-eabi/4.9.3/../../../../arm-none-eabi/lib/armv7e-m/softfp\libc_nano.a(lib_a-strtod.o)
                0x08017f90                _strtod_r
 .text._strtol_r
                0x08018bb4      0x10c c:/gccarm/bin/../lib/gcc/arm-none-eabi/4.9.3/../../../../arm-none-eabi/lib/armv7e-m/softfp\libc_nano.a(lib_a-strtol.o)
                0x08018bb4                _strtol_r
 .text.__swbuf_r
                0x08018cc0       0xa8 c:/gccarm/bin/../lib/gcc/arm-none-eabi/4.9.3/../../../../arm-none-eabi/lib/armv7e-m/softfp\libc_nano.a(lib_a-wbuf.o)
                0x08018cc0                __swbuf_r
 .text._write_r
                0x08018d68       0x24 c:/gccarm/bin/../lib/gcc/arm-none-eabi/4.9.3/../../../../arm-none-eabi/lib/armv7e-m/softfp\libc_nano.a(lib_a-writer.o)
                0x08018d68                _write_r
 .text.__swsetup_r
                0x08018d8c       0xd8 c:/gccarm/bin/../lib/gcc/arm-none-eabi/4.9.3/../../../../arm-none-eabi/lib/armv7e-m/softfp\libc_nano.a(lib_a-wsetup.o)
                0x08018d8c                __swsetup_r
 .text._close_r
                0x08018e64       0x20 c:/gccarm/bin/../lib/gcc/arm-none-eabi/4.9.3/../../../../arm-none-eabi/lib/armv7e-m/softfp\libc_nano.a(lib_a-closer.o)
                0x08018e64                _close_r
 .text.quorem   0x08018e84      0x11a c:/gccarm/bin/../lib/gcc/arm-none-eabi/4.9.3/../../../../arm-none-eabi/lib/armv7e-m/softfp\libc_nano.a(lib_a-dtoa.o)
 *fill*         0x08018f9e        0x2 
 .text._dtoa_r  0x08018fa0      0xb88 c:/gccarm/bin/../lib/gcc/arm-none-eabi/4.9.3/../../../../arm-none-eabi/lib/armv7e-m/softfp\libc_nano.a(lib_a-dtoa.o)
                0x08018fa0                _dtoa_r
 .text.rshift   0x08019b28       0x6c c:/gccarm/bin/../lib/gcc/arm-none-eabi/4.9.3/../../../../arm-none-eabi/lib/armv7e-m/softfp\libc_nano.a(lib_a-gdtoa-gethex.o)
 .text.__hexdig_fun
                0x08019b94       0x2a c:/gccarm/bin/../lib/gcc/arm-none-eabi/4.9.3/../../../../arm-none-eabi/lib/armv7e-m/softfp\libc_nano.a(lib_a-gdtoa-gethex.o)
                0x08019b94                __hexdig_fun
 .text.__gethex
                0x08019bbe      0x44a c:/gccarm/bin/../lib/gcc/arm-none-eabi/4.9.3/../../../../arm-none-eabi/lib/armv7e-m/softfp\libc_nano.a(lib_a-gdtoa-gethex.o)
                0x08019bbe                __gethex
 .text.L_shift  0x0801a008       0x24 c:/gccarm/bin/../lib/gcc/arm-none-eabi/4.9.3/../../../../arm-none-eabi/lib/armv7e-m/softfp\libc_nano.a(lib_a-gdtoa-hexnan.o)
 .text.__hexnan
                0x0801a02c      0x114 c:/gccarm/bin/../lib/gcc/arm-none-eabi/4.9.3/../../../../arm-none-eabi/lib/armv7e-m/softfp\libc_nano.a(lib_a-gdtoa-hexnan.o)
                0x0801a02c                __hexnan
 .text._localeconv_r
                0x0801a140        0x8 c:/gccarm/bin/../lib/gcc/arm-none-eabi/4.9.3/../../../../arm-none-eabi/lib/armv7e-m/softfp\libc_nano.a(lib_a-locale.o)
                0x0801a140                _localeconv_r
 .text._lseek_r
                0x0801a148       0x24 c:/gccarm/bin/../lib/gcc/arm-none-eabi/4.9.3/../../../../arm-none-eabi/lib/armv7e-m/softfp\libc_nano.a(lib_a-lseekr.o)
                0x0801a148                _lseek_r
 .text.__smakebuf_r
                0x0801a16c       0x9c c:/gccarm/bin/../lib/gcc/arm-none-eabi/4.9.3/../../../../arm-none-eabi/lib/armv7e-m/softfp\libc_nano.a(lib_a-makebuf.o)
                0x0801a16c                __smakebuf_r
 .text.memmove  0x0801a208       0x36 c:/gccarm/bin/../lib/gcc/arm-none-eabi/4.9.3/../../../../arm-none-eabi/lib/armv7e-m/softfp\libc_nano.a(lib_a-memmove.o)
                0x0801a208                memmove
 .text._Balloc  0x0801a23e       0x6a c:/gccarm/bin/../lib/gcc/arm-none-eabi/4.9.3/../../../../arm-none-eabi/lib/armv7e-m/softfp\libc_nano.a(lib_a-mprec.o)
                0x0801a23e                _Balloc
 .text._Bfree   0x0801a2a8       0x2e c:/gccarm/bin/../lib/gcc/arm-none-eabi/4.9.3/../../../../arm-none-eabi/lib/armv7e-m/softfp\libc_nano.a(lib_a-mprec.o)
                0x0801a2a8                _Bfree
 .text.__multadd
                0x0801a2d6       0x7c c:/gccarm/bin/../lib/gcc/arm-none-eabi/4.9.3/../../../../arm-none-eabi/lib/armv7e-m/softfp\libc_nano.a(lib_a-mprec.o)
                0x0801a2d6                __multadd
 .text.__s2b    0x0801a352       0x80 c:/gccarm/bin/../lib/gcc/arm-none-eabi/4.9.3/../../../../arm-none-eabi/lib/armv7e-m/softfp\libc_nano.a(lib_a-mprec.o)
                0x0801a352                __s2b
 .text.__hi0bits
                0x0801a3d2       0x40 c:/gccarm/bin/../lib/gcc/arm-none-eabi/4.9.3/../../../../arm-none-eabi/lib/armv7e-m/softfp\libc_nano.a(lib_a-mprec.o)
                0x0801a3d2                __hi0bits
 .text.__lo0bits
                0x0801a412       0x5a c:/gccarm/bin/../lib/gcc/arm-none-eabi/4.9.3/../../../../arm-none-eabi/lib/armv7e-m/softfp\libc_nano.a(lib_a-mprec.o)
                0x0801a412                __lo0bits
 .text.__i2b    0x0801a46c       0x12 c:/gccarm/bin/../lib/gcc/arm-none-eabi/4.9.3/../../../../arm-none-eabi/lib/armv7e-m/softfp\libc_nano.a(lib_a-mprec.o)
                0x0801a46c                __i2b
 .text.__multiply
                0x0801a47e      0x122 c:/gccarm/bin/../lib/gcc/arm-none-eabi/4.9.3/../../../../arm-none-eabi/lib/armv7e-m/softfp\libc_nano.a(lib_a-mprec.o)
                0x0801a47e                __multiply
 .text.__pow5mult
                0x0801a5a0       0x9c c:/gccarm/bin/../lib/gcc/arm-none-eabi/4.9.3/../../../../arm-none-eabi/lib/armv7e-m/softfp\libc_nano.a(lib_a-mprec.o)
                0x0801a5a0                __pow5mult
 .text.__lshift
                0x0801a63c       0xa6 c:/gccarm/bin/../lib/gcc/arm-none-eabi/4.9.3/../../../../arm-none-eabi/lib/armv7e-m/softfp\libc_nano.a(lib_a-mprec.o)
                0x0801a63c                __lshift
 .text.__mcmp   0x0801a6e2       0x38 c:/gccarm/bin/../lib/gcc/arm-none-eabi/4.9.3/../../../../arm-none-eabi/lib/armv7e-m/softfp\libc_nano.a(lib_a-mprec.o)
                0x0801a6e2                __mcmp
 .text.__mdiff  0x0801a71a       0xbe c:/gccarm/bin/../lib/gcc/arm-none-eabi/4.9.3/../../../../arm-none-eabi/lib/armv7e-m/softfp\libc_nano.a(lib_a-mprec.o)
                0x0801a71a                __mdiff
 .text.__ulp    0x0801a7d8       0x48 c:/gccarm/bin/../lib/gcc/arm-none-eabi/4.9.3/../../../../arm-none-eabi/lib/armv7e-m/softfp\libc_nano.a(lib_a-mprec.o)
                0x0801a7d8                __ulp
 .text.__b2d    0x0801a820       0x9e c:/gccarm/bin/../lib/gcc/arm-none-eabi/4.9.3/../../../../arm-none-eabi/lib/armv7e-m/softfp\libc_nano.a(lib_a-mprec.o)
                0x0801a820                __b2d
 .text.__d2b    0x0801a8be       0xa4 c:/gccarm/bin/../lib/gcc/arm-none-eabi/4.9.3/../../../../arm-none-eabi/lib/armv7e-m/softfp\libc_nano.a(lib_a-mprec.o)
                0x0801a8be                __d2b
 .text.__ratio  0x0801a962       0x52 c:/gccarm/bin/../lib/gcc/arm-none-eabi/4.9.3/../../../../arm-none-eabi/lib/armv7e-m/softfp\libc_nano.a(lib_a-mprec.o)
                0x0801a962                __ratio
 .text.__copybits
                0x0801a9b4       0x34 c:/gccarm/bin/../lib/gcc/arm-none-eabi/4.9.3/../../../../arm-none-eabi/lib/armv7e-m/softfp\libc_nano.a(lib_a-mprec.o)
                0x0801a9b4                __copybits
 .text.__any_on
                0x0801a9e8       0x44 c:/gccarm/bin/../lib/gcc/arm-none-eabi/4.9.3/../../../../arm-none-eabi/lib/armv7e-m/softfp\libc_nano.a(lib_a-mprec.o)
                0x0801a9e8                __any_on
 .text._realloc_r
                0x0801aa2c       0x4c c:/gccarm/bin/../lib/gcc/arm-none-eabi/4.9.3/../../../../arm-none-eabi/lib/armv7e-m/softfp\libc_nano.a(lib_a-nano-reallocr.o)
                0x0801aa2c                _realloc_r
 .text.__ssputs_r
                0x0801aa78       0xb2 c:/gccarm/bin/../lib/gcc/arm-none-eabi/4.9.3/../../../../arm-none-eabi/lib/armv7e-m/softfp\libc_nano.a(lib_a-nano-svfprintf.o)
                0x0801aa78                __ssputs_r
 *fill*         0x0801ab2a        0x2 
 .text._svfprintf_r
                0x0801ab2c      0x1e4 c:/gccarm/bin/../lib/gcc/arm-none-eabi/4.9.3/../../../../arm-none-eabi/lib/armv7e-m/softfp\libc_nano.a(lib_a-nano-svfprintf.o)
                0x0801ab2c                _svfiprintf_r
                0x0801ab2c                _svfprintf_r
 .text._read_r  0x0801ad10       0x24 c:/gccarm/bin/../lib/gcc/arm-none-eabi/4.9.3/../../../../arm-none-eabi/lib/armv7e-m/softfp\libc_nano.a(lib_a-readr.o)
                0x0801ad10                _read_r
 .text._fstat_r
                0x0801ad34       0x24 c:/gccarm/bin/../lib/gcc/arm-none-eabi/4.9.3/../../../../arm-none-eabi/lib/armv7e-m/softfp\libc_nano.a(lib_a-fstatr.o)
                0x0801ad34                _fstat_r
 .text._isatty_r
                0x0801ad58       0x20 c:/gccarm/bin/../lib/gcc/arm-none-eabi/4.9.3/../../../../arm-none-eabi/lib/armv7e-m/softfp\libc_nano.a(lib_a-isattyr.o)
                0x0801ad58                _isatty_r
 .text._malloc_usable_size_r
                0x0801ad78       0x14 c:/gccarm/bin/../lib/gcc/arm-none-eabi/4.9.3/../../../../arm-none-eabi/lib/armv7e-m/softfp\libc_nano.a(lib_a-nano-msizer.o)
                0x0801ad78                _malloc_usable_size_r
 .text          0x0801ad8c      0x370 c:/gccarm/bin/../lib/gcc/arm-none-eabi/4.9.3/armv7e-m/softfp\libgcc.a(_arm_addsubdf3.o)
                0x0801ad8c                __aeabi_drsub
                0x0801ad94                __aeabi_dsub
                0x0801ad94                __subdf3
                0x0801ad98                __aeabi_dadd
                0x0801ad98                __adddf3
                0x0801b010                __floatunsidf
                0x0801b010                __aeabi_ui2d
                0x0801b030                __floatsidf
                0x0801b030                __aeabi_i2d
                0x0801b054                __aeabi_f2d
                0x0801b054                __extendsfdf2
                0x0801b090                __floatundidf
                0x0801b090                __aeabi_ul2d
                0x0801b0a0                __floatdidf
                0x0801b0a0                __aeabi_l2d
 .text          0x0801b0fc      0x424 c:/gccarm/bin/../lib/gcc/arm-none-eabi/4.9.3/armv7e-m/softfp\libgcc.a(_arm_muldivdf3.o)
                0x0801b0fc                __aeabi_dmul
                0x0801b0fc                __muldf3
                0x0801b350                __divdf3
                0x0801b350                __aeabi_ddiv
 .text          0x0801b520      0x110 c:/gccarm/bin/../lib/gcc/arm-none-eabi/4.9.3/armv7e-m/softfp\libgcc.a(_arm_cmpdf2.o)
                0x0801b520                __gtdf2
                0x0801b520                __gedf2
                0x0801b528                __ltdf2
                0x0801b528                __ledf2
                0x0801b530                __nedf2
                0x0801b530                __eqdf2
                0x0801b530                __cmpdf2
                0x0801b5ac                __aeabi_cdrcmple
                0x0801b5bc                __aeabi_cdcmpeq
                0x0801b5bc                __aeabi_cdcmple
                0x0801b5cc                __aeabi_dcmpeq
                0x0801b5e0                __aeabi_dcmplt
                0x0801b5f4                __aeabi_dcmple
                0x0801b608                __aeabi_dcmpge
                0x0801b61c                __aeabi_dcmpgt
 .text          0x0801b630       0x50 c:/gccarm/bin/../lib/gcc/arm-none-eabi/4.9.3/armv7e-m/softfp\libgcc.a(_arm_fixdfsi.o)
                0x0801b630                __aeabi_d2iz
                0x0801b630                __fixdfsi
 .text          0x0801b680       0x40 c:/gccarm/bin/../lib/gcc/arm-none-eabi/4.9.3/armv7e-m/softfp\libgcc.a(_arm_fixunsdfsi.o)
                0x0801b680                __aeabi_d2uiz
                0x0801b680                __fixunsdfsi
 .text          0x0801b6c0       0xa0 c:/gccarm/bin/../lib/gcc/arm-none-eabi/4.9.3/armv7e-m/softfp\libgcc.a(_arm_truncdfsf2.o)
                0x0801b6c0                __truncdfsf2
                0x0801b6c0                __aeabi_d2f
 .text          0x0801b760      0x21c c:/gccarm/bin/../lib/gcc/arm-none-eabi/4.9.3/armv7e-m/softfp\libgcc.a(_arm_addsubsf3.o)
                0x0801b760                __aeabi_frsub
                0x0801b768                __subsf3
                0x0801b768                __aeabi_fsub
                0x0801b76c                __aeabi_fadd
                0x0801b76c                __addsf3
                0x0801b8cc                __aeabi_ui2f
                0x0801b8cc                __floatunsisf
                0x0801b8d4                __aeabi_i2f
                0x0801b8d4                __floatsisf
                0x0801b8f0                __aeabi_ul2f
                0x0801b8f0                __floatundisf
                0x0801b900                __aeabi_l2f
                0x0801b900                __floatdisf
 .text          0x0801b97c      0x2a0 c:/gccarm/bin/../lib/gcc/arm-none-eabi/4.9.3/armv7e-m/softfp\libgcc.a(_arm_muldivsf3.o)
                0x0801b97c                __mulsf3
                0x0801b97c                __aeabi_fmul
                0x0801bae4                __aeabi_fdiv
                0x0801bae4                __divsf3
 .text          0x0801bc1c       0xec c:/gccarm/bin/../lib/gcc/arm-none-eabi/4.9.3/armv7e-m/softfp\libgcc.a(_arm_cmpsf2.o)
                0x0801bc1c                __gesf2
                0x0801bc1c                __gtsf2
                0x0801bc24                __lesf2
                0x0801bc24                __ltsf2
                0x0801bc2c                __nesf2
                0x0801bc2c                __eqsf2
                0x0801bc2c                __cmpsf2
                0x0801bc8c                __aeabi_cfrcmple
                0x0801bc94                __aeabi_cfcmpeq
                0x0801bc94                __aeabi_cfcmple
                0x0801bca4                __aeabi_fcmpeq
                0x0801bcb8                __aeabi_fcmplt
                0x0801bccc                __aeabi_fcmple
                0x0801bce0                __aeabi_fcmpge
                0x0801bcf4                __aeabi_fcmpgt
 .text          0x0801bd08       0x2c c:/gccarm/bin/../lib/gcc/arm-none-eabi/4.9.3/armv7e-m/softfp\libgcc.a(_arm_unordsf2.o)
                0x0801bd08                __unordsf2
                0x0801bd08                __aeabi_fcmpun
 .text          0x0801bd34       0x40 c:/gccarm/bin/../lib/gcc/arm-none-eabi/4.9.3/armv7e-m/softfp\libgcc.a(_arm_fixunssfsi.o)
                0x0801bd34                __fixunssfsi
                0x0801bd34                __aeabi_f2uiz
 .text          0x0801bd74      0xa50 c:/gccarm/bin/../lib/gcc/arm-none-eabi/4.9.3/armv7e-m/softfp\libgcc.a(unwind-arm.o)
                0x0801c050                _Unwind_GetCFA
                0x0801c054                __gnu_Unwind_RaiseException
                0x0801c0b4                __gnu_Unwind_ForcedUnwind
                0x0801c0c8                __gnu_Unwind_Resume
                0x0801c10c                __gnu_Unwind_Resume_or_Rethrow
                0x0801c11c                _Unwind_Complete
                0x0801c120                _Unwind_DeleteException
                0x0801c12c                _Unwind_VRS_Get
                0x0801c17c                _Unwind_VRS_Set
                0x0801c1cc                __gnu_Unwind_Backtrace
                0x0801c510                __aeabi_unwind_cpp_pr0
                0x0801c514                __aeabi_unwind_cpp_pr1
                0x0801c518                __aeabi_unwind_cpp_pr2
                0x0801c51c                _Unwind_VRS_Pop
 .text          0x0801c7c4      0x1ac c:/gccarm/bin/../lib/gcc/arm-none-eabi/4.9.3/armv7e-m/softfp\libgcc.a(libunwind.o)
                0x0801c7c4                __restore_core_regs
                0x0801c7c4                restore_core_regs
                0x0801c7dc                __gnu_Unwind_Restore_VFP
                0x0801c7e4                __gnu_Unwind_Save_VFP
                0x0801c7ec                __gnu_Unwind_Restore_VFP_D
                0x0801c7f4                __gnu_Unwind_Save_VFP_D
                0x0801c7fc                __gnu_Unwind_Restore_VFP_D_16_to_31
                0x0801c804                __gnu_Unwind_Save_VFP_D_16_to_31
                0x0801c80c                __gnu_Unwind_Restore_WMMXD
                0x0801c850                __gnu_Unwind_Save_WMMXD
                0x0801c894                __gnu_Unwind_Restore_WMMXC
                0x0801c8a8                __gnu_Unwind_Save_WMMXC
                0x0801c8bc                ___Unwind_RaiseException
                0x0801c8bc                _Unwind_RaiseException
                0x0801c8e0                _Unwind_Resume
                0x0801c8e0                ___Unwind_Resume
                0x0801c904                _Unwind_Resume_or_Rethrow
                0x0801c904                ___Unwind_Resume_or_Rethrow
                0x0801c928                _Unwind_ForcedUnwind
                0x0801c928                ___Unwind_ForcedUnwind
                0x0801c94c                ___Unwind_Backtrace
                0x0801c94c                _Unwind_Backtrace
 .text          0x0801c970      0x37c c:/gccarm/bin/../lib/gcc/arm-none-eabi/4.9.3/armv7e-m/softfp\libgcc.a(pr-support.o)
                0x0801c9c8                __gnu_unwind_execute
                0x0801cc94                __gnu_unwind_frame
                0x0801ccbc                _Unwind_GetRegionStart
                0x0801ccc8                _Unwind_GetLanguageSpecificData
                0x0801ccdc                _Unwind_GetDataRelBase
                0x0801cce4                _Unwind_GetTextRelBase
 .text._getpid  0x0801ccec       0x10 c:/gccarm/bin/../lib/gcc/arm-none-eabi/4.9.3/../../../../arm-none-eabi/lib/armv7e-m/softfp\libnosys.a(getpid.o)
                0x0801ccec                _getpid
 .text._kill    0x0801ccfc       0x10 c:/gccarm/bin/../lib/gcc/arm-none-eabi/4.9.3/../../../../arm-none-eabi/lib/armv7e-m/softfp\libnosys.a(kill.o)
                0x0801ccfc                _kill
 *(.init)
 .init          0x0801cd0c        0x4 c:/gccarm/bin/../lib/gcc/arm-none-eabi/4.9.3/armv7e-m/softfp/crti.o
                0x0801cd0c                _init
 .init          0x0801cd10        0x8 c:/gccarm/bin/../lib/gcc/arm-none-eabi/4.9.3/armv7e-m/softfp/crtn.o
 *(.fini)
 .fini          0x0801cd18        0x4 c:/gccarm/bin/../lib/gcc/arm-none-eabi/4.9.3/armv7e-m/softfp/crti.o
                0x0801cd18                _fini
 .fini          0x0801cd1c        0x8 c:/gccarm/bin/../lib/gcc/arm-none-eabi/4.9.3/armv7e-m/softfp/crtn.o
 *crtbegin.o(.ctors)
 *crtbegin?.o(.ctors)
 *(EXCLUDE_FILE(*crtend.o *crtend?.o) .ctors)
 *(SORT(.ctors.*))
 *(.ctors)
 *crtbegin.o(.dtors)
 *crtbegin?.o(.dtors)
 *(EXCLUDE_FILE(*crtend.o *crtend?.o) .dtors)
 *(SORT(.dtors.*))
 *(.dtors)
 *(.rodata*)
 *fill*         0x0801cd24        0xc 
 .rodata..Lswitch.table
                0x0801cd30       0x40 .\Microsoft.Zelig.Test.mbed.Simple_opt.o
 .rodata        0x0801cd70       0x25 DISCO_F746NG\InteropExports_debug.o
 *fill*         0x0801cd95        0x3 
 .rodata        0x0801cd98       0x69 DISCO_F746NG\InteropExports_gpio.o
 *fill*         0x0801ce01        0x3 
 .rodata.APBAHBPrescTable
                0x0801ce04       0x10 C:\llilum\Zelig\mbed/TARGET_DISCO_F746NG/TOOLCHAIN_GCC_ARM/stm32f7xx_hal_rcc.o
                0x0801ce04                APBAHBPrescTable
 .rodata.CSWTCH.36
                0x0801ce14        0xd C:\llilum\Zelig\mbed/TARGET_DISCO_F746NG/TOOLCHAIN_GCC_ARM/stm32f7xx_hal_uart.o
 *fill*         0x0801ce21        0x3 
 .rodata.CSWTCH.35
                0x0801ce24        0x4 C:\llilum\Zelig\mbed/TARGET_DISCO_F746NG/TOOLCHAIN_GCC_ARM/stm32f7xx_hal_uart.o
 .rodata        0x0801ce28       0x7c C:\llilum\Zelig\mbed/TARGET_DISCO_F746NG/TOOLCHAIN_GCC_ARM\libmbed.a(gpio_api.o)
 .rodata.gpio_mode
                0x0801cea4       0x34 C:\llilum\Zelig\mbed/TARGET_DISCO_F746NG/TOOLCHAIN_GCC_ARM\libmbed.a(pinmap.o)
 .rodata        0x0801ced8       0x85 C:\llilum\Zelig\mbed/TARGET_DISCO_F746NG/TOOLCHAIN_GCC_ARM\libmbed.a(pinmap.o)
 *fill*         0x0801cf5d        0x3 
 .rodata        0x0801cf60       0x85 C:\llilum\Zelig\mbed/TARGET_DISCO_F746NG/TOOLCHAIN_GCC_ARM\libmbed.a(serial_api.o)
 *fill*         0x0801cfe5        0x3 
 .rodata.str1.4
                0x0801cfe8       0x34 C:\llilum\Zelig\mbed/TARGET_DISCO_F746NG/TOOLCHAIN_GCC_ARM\libmbed.a(assert.o)
                                 0x31 (size before relaxing)
 .rodata        0x0801d01c       0x66 C:\llilum\Zelig\mbed/TARGET_DISCO_F746NG/TOOLCHAIN_GCC_ARM\libmbed.a(pinmap_common.o)
 *fill*         0x0801d082        0x2 
 .rodata.us_interface
                0x0801d084       0x14 C:\llilum\Zelig\mbed/TARGET_DISCO_F746NG/TOOLCHAIN_GCC_ARM\libmbed.a(us_ticker_api.o)
 .rodata.us_data
                0x0801d098        0x8 C:\llilum\Zelig\mbed/TARGET_DISCO_F746NG/TOOLCHAIN_GCC_ARM\libmbed.a(us_ticker_api.o)
 .rodata.PinMap_UART_TX
                0x0801d0a0       0x3c C:\llilum\Zelig\mbed/TARGET_DISCO_F746NG/TOOLCHAIN_GCC_ARM\libmbed.a(PeripheralPins.o)
                0x0801d0a0                PinMap_UART_TX
 .rodata.PinMap_UART_RX
                0x0801d0dc       0x30 C:\llilum\Zelig\mbed/TARGET_DISCO_F746NG/TOOLCHAIN_GCC_ARM\libmbed.a(PeripheralPins.o)
                0x0801d0dc                PinMap_UART_RX
 .rodata.__sf_fake_stdin
                0x0801d10c       0x20 c:/gccarm/bin/../lib/gcc/arm-none-eabi/4.9.3/../../../../arm-none-eabi/lib/armv7e-m/softfp\libc_nano.a(lib_a-findfp.o)
                0x0801d10c                __sf_fake_stdin
 .rodata.__sf_fake_stdout
                0x0801d12c       0x20 c:/gccarm/bin/../lib/gcc/arm-none-eabi/4.9.3/../../../../arm-none-eabi/lib/armv7e-m/softfp\libc_nano.a(lib_a-findfp.o)
                0x0801d12c                __sf_fake_stdout
 .rodata.__sf_fake_stderr
                0x0801d14c       0x20 c:/gccarm/bin/../lib/gcc/arm-none-eabi/4.9.3/../../../../arm-none-eabi/lib/armv7e-m/softfp\libc_nano.a(lib_a-findfp.o)
                0x0801d14c                __sf_fake_stderr
 .rodata.str1.1
                0x0801d16c        0x2 c:/gccarm/bin/../lib/gcc/arm-none-eabi/4.9.3/../../../../arm-none-eabi/lib/armv7e-m/softfp\libc_nano.a(lib_a-impure.o)
 *fill*         0x0801d16e        0x2 
 .rodata._global_impure_ptr
                0x0801d170        0x4 c:/gccarm/bin/../lib/gcc/arm-none-eabi/4.9.3/../../../../arm-none-eabi/lib/armv7e-m/softfp\libc_nano.a(lib_a-impure.o)
                0x0801d170                _global_impure_ptr
 .rodata.str1.1
                0x0801d174       0x11 c:/gccarm/bin/../lib/gcc/arm-none-eabi/4.9.3/../../../../arm-none-eabi/lib/armv7e-m/softfp\libc_nano.a(lib_a-nano-vfprintf.o)
 .rodata.str1.1
                0x0801d185       0x12 c:/gccarm/bin/../lib/gcc/arm-none-eabi/4.9.3/../../../../arm-none-eabi/lib/armv7e-m/softfp\libc_nano.a(lib_a-nano-vfprintf_float.o)
 .rodata.str1.1
                0x0801d197       0x22 c:/gccarm/bin/../lib/gcc/arm-none-eabi/4.9.3/../../../../arm-none-eabi/lib/armv7e-m/softfp\libc_nano.a(lib_a-nano-vfprintf_i.o)
 .rodata.str1.1
                0x0801d1b9        0x5 c:/gccarm/bin/../lib/gcc/arm-none-eabi/4.9.3/../../../../arm-none-eabi/lib/armv7e-m/softfp\libc_nano.a(lib_a-nano-vfscanf_float.o)
 .rodata.str1.1
                0x00000000        0x5 c:/gccarm/bin/../lib/gcc/arm-none-eabi/4.9.3/../../../../arm-none-eabi/lib/armv7e-m/softfp\libc_nano.a(lib_a-strtod.o)
                                  0xc (size before relaxing)
 *fill*         0x0801d1be        0x2 
 .rodata.fpinan.5315
                0x0801d1c0       0x14 c:/gccarm/bin/../lib/gcc/arm-none-eabi/4.9.3/../../../../arm-none-eabi/lib/armv7e-m/softfp\libc_nano.a(lib_a-strtod.o)
 *fill*         0x0801d1d4        0x4 
 .rodata.tinytens
                0x0801d1d8       0x28 c:/gccarm/bin/../lib/gcc/arm-none-eabi/4.9.3/../../../../arm-none-eabi/lib/armv7e-m/softfp\libc_nano.a(lib_a-strtod.o)
 .rodata.fpi.5279
                0x0801d200       0x14 c:/gccarm/bin/../lib/gcc/arm-none-eabi/4.9.3/../../../../arm-none-eabi/lib/armv7e-m/softfp\libc_nano.a(lib_a-strtod.o)
 .rodata._ctype_
                0x0801d214      0x101 c:/gccarm/bin/../lib/gcc/arm-none-eabi/4.9.3/../../../../arm-none-eabi/lib/armv7e-m/softfp\libc_nano.a(lib_a-ctype_.o)
                0x0801d214                _ctype_
 .rodata.str1.1
                0x0801d315        0xd c:/gccarm/bin/../lib/gcc/arm-none-eabi/4.9.3/../../../../arm-none-eabi/lib/armv7e-m/softfp\libc_nano.a(lib_a-dtoa.o)
                                  0xf (size before relaxing)
 .rodata.str1.1
                0x0801d322        0x8 c:/gccarm/bin/../lib/gcc/arm-none-eabi/4.9.3/../../../../arm-none-eabi/lib/armv7e-m/softfp\libc_nano.a(lib_a-locale.o)
                                  0xb (size before relaxing)
 *fill*         0x0801d32a        0x6 
 .rodata.__mprec_tens
                0x0801d330       0xc8 c:/gccarm/bin/../lib/gcc/arm-none-eabi/4.9.3/../../../../arm-none-eabi/lib/armv7e-m/softfp\libc_nano.a(lib_a-mprec.o)
                0x0801d330                __mprec_tens
 .rodata.__mprec_bigtens
                0x0801d3f8       0x28 c:/gccarm/bin/../lib/gcc/arm-none-eabi/4.9.3/../../../../arm-none-eabi/lib/armv7e-m/softfp\libc_nano.a(lib_a-mprec.o)
                0x0801d3f8                __mprec_bigtens
 .rodata.p05.5314
                0x0801d420        0xc c:/gccarm/bin/../lib/gcc/arm-none-eabi/4.9.3/../../../../arm-none-eabi/lib/armv7e-m/softfp\libc_nano.a(lib_a-mprec.o)
 .rodata.str1.1
                0x00000000       0x11 c:/gccarm/bin/../lib/gcc/arm-none-eabi/4.9.3/../../../../arm-none-eabi/lib/armv7e-m/softfp\libc_nano.a(lib_a-nano-svfprintf.o)
 *(.eh_frame*)
 .eh_frame      0x0801d42c        0x0 c:/gccarm/bin/../lib/gcc/arm-none-eabi/4.9.3/armv7e-m/softfp/crtbegin.o
 .eh_frame      0x0801d42c        0x0 c:/gccarm/bin/../lib/gcc/arm-none-eabi/4.9.3/../../../../arm-none-eabi/lib/armv7e-m/softfp\libc_nano.a(lib_a-strcmp.o)
                                 0x28 (size before relaxing)
 .eh_frame      0x0801d42c        0x4 c:/gccarm/bin/../lib/gcc/arm-none-eabi/4.9.3/armv7e-m/softfp/crtend.o

.glue_7         0x0801d430        0x0
 .glue_7        0x00000000        0x0 linker stubs

.glue_7t        0x0801d430        0x0
 .glue_7t       0x00000000        0x0 linker stubs

.vfp11_veneer   0x0801d430        0x0
 .vfp11_veneer  0x00000000        0x0 linker stubs

.v4_bx          0x0801d430        0x0
 .v4_bx         0x00000000        0x0 linker stubs

.iplt           0x0801d430        0x0
 .iplt          0x00000000        0x0 c:/gccarm/bin/../lib/gcc/arm-none-eabi/4.9.3/armv7e-m/softfp/crtbegin.o

.ARM.extab      0x0801d430       0x18
 *(.ARM.extab* .gnu.linkonce.armextab.*)
 .ARM.extab     0x0801d430       0x18 c:/gccarm/bin/../lib/gcc/arm-none-eabi/4.9.3/armv7e-m/softfp\libgcc.a(pr-support.o)
                0x0801d448                __exidx_start = .

.ARM.exidx      0x0801d448       0xc8
 *(.ARM.exidx* .gnu.linkonce.armexidx.*)
 .ARM.exidx     0x0801d448        0x8 c:/gccarm/bin/../lib/gcc/arm-none-eabi/4.9.3/../../../../arm-none-eabi/lib/armv7e-m/softfp/crt0.o
 .ARM.exidx     0x0801d450       0x10 .\Microsoft.Zelig.Test.mbed.Simple_opt.o
                               0x1598 (size before relaxing)
 .ARM.exidx     0x0801d460       0x78 c:/gccarm/bin/../lib/gcc/arm-none-eabi/4.9.3/armv7e-m/softfp\libgcc.a(unwind-arm.o)
                                 0xd8 (size before relaxing)
 .ARM.exidx     0x0801d4d8       0x38 c:/gccarm/bin/../lib/gcc/arm-none-eabi/4.9.3/armv7e-m/softfp\libgcc.a(pr-support.o)
                                 0x48 (size before relaxing)
                0x0801d510                __exidx_end = .
                0x0801d510                __etext = .
                0x0801d510                _sidata = .

.rel.dyn        0x0801d510        0x0
 .rel.iplt      0x00000000        0x0 c:/gccarm/bin/../lib/gcc/arm-none-eabi/4.9.3/armv7e-m/softfp/crtbegin.o
 .rel.got       0x00000000        0x0 c:/gccarm/bin/../lib/gcc/arm-none-eabi/4.9.3/armv7e-m/softfp/crtbegin.o

.data           0x200001d0     0x15e4 load address 0x0801d510
                0x200001d0                __data_start__ = .
                0x200001d0                _sdata = .
 *(vtable)
 *(.data*)
 .data.rel.local.Microsoft.Zelig.DISCO_F746NG.ThreadManager_4
                0x200001d0       0x48 .\Microsoft.Zelig.Test.mbed.Simple_opt.o
 .data.rel.local.Microsoft.CortexM3OnMBED.TypeSystemManager_6
                0x20000218        0x8 .\Microsoft.Zelig.Test.mbed.Simple_opt.o
 .data.rel.local.Microsoft.CortexM3OnMBED.HardwareModel.HardwareProvider_8
                0x20000220        0x8 .\Microsoft.Zelig.Test.mbed.Simple_opt.o
 *fill*         0x20000228        0x8 
 .data.rel.local.Microsoft.CortexM3OnMBED.MemoryManager_10
                0x20000230       0x1c .\Microsoft.Zelig.Test.mbed.Simple_opt.o
 .data.rel.local.Microsoft.CortexM3OnMBED.Peripherals_11
                0x2000024c        0x8 .\Microsoft.Zelig.Test.mbed.Simple_opt.o
 .data.rel.local.Microsoft.CortexM3OnMBED.Storage_12
                0x20000254        0x8 .\Microsoft.Zelig.Test.mbed.Simple_opt.o
 .data.rel.local.Microsoft.DeviceModels.Chipset.CortexM3.SysTick_13
                0x2000025c        0x8 .\Microsoft.Zelig.Test.mbed.Simple_opt.o
 .data.rel.local.Microsoft.Zelig.DISCO_F746NG.Board_14
                0x20000264        0x8 .\Microsoft.Zelig.Test.mbed.Simple_opt.o
 *fill*         0x2000026c        0x4 
 .data.rel.local.Microsoft.Zelig.DISCO_F746NG.Drivers.ContextSwitchTimer_16
                0x20000270       0x21 .\Microsoft.Zelig.Test.mbed.Simple_opt.o
 *fill*         0x20000291        0xf 
 .data.rel.local.Microsoft.Zelig.DISCO_F746NG.Drivers.InterruptController_17
                0x200002a0       0x14 .\Microsoft.Zelig.Test.mbed.Simple_opt.o
 *fill*         0x200002b4        0xc 
 .data.rel.local.Microsoft.Zelig.DISCO_F746NG.Drivers.SystemTimer_18
                0x200002c0       0x1c .\Microsoft.Zelig.Test.mbed.Simple_opt.o
 .data.rel.local.Microsoft.Zelig.DISCO_F746NG.HardwareModel.HardwareProviders.GpioProvider_19
                0x200002dc        0x8 .\Microsoft.Zelig.Test.mbed.Simple_opt.o
 .data.rel.local.Microsoft.Zelig.Runtime.GarbageCollectionManager.EmptyManager_21
                0x200002e4        0x8 .\Microsoft.Zelig.Test.mbed.Simple_opt.o
 *fill*         0x200002ec        0x4 
 .data.rel.local.Microsoft.Zelig.Runtime.SyncBlockTable_22
                0x200002f0       0x18 .\Microsoft.Zelig.Test.mbed.Simple_opt.o
 .data.rel.local.Microsoft.Zelig.Runtime.Synchronization.YieldLock_23
                0x20000308       0x10 .\Microsoft.Zelig.Test.mbed.Simple_opt.o
 *fill*         0x20000318        0x8 
 .data.rel.ro.local.System.UInt32[]_26
                0x20000320     0x100c .\Microsoft.Zelig.Test.mbed.Simple_opt.o
 *fill*         0x2000132c        0x4 
 .data.rel.ro.local.System.UInt32[]_27
                0x20001330      0x20c .\Microsoft.Zelig.Test.mbed.Simple_opt.o
 .data.rel.ro.local.System.Int32[]_31
                0x2000153c       0x10 .\Microsoft.Zelig.Test.mbed.Simple_opt.o
 *fill*         0x2000154c        0x4 
 .data.rel.ro.local.System.Char[]_33
                0x20001550       0x3e .\Microsoft.Zelig.Test.mbed.Simple_opt.o
 *fill*         0x2000158e        0x2 
 .data.rel.ro.local.System.String[]_36
                0x20001590       0x20 .\Microsoft.Zelig.Test.mbed.Simple_opt.o
 .data.rel.ro.local.System.String[]_37
                0x200015b0       0x18 .\Microsoft.Zelig.Test.mbed.Simple_opt.o
 *fill*         0x200015c8        0x8 
 .data.rel.ro.local.System.String[]_38
                0x200015d0       0x18 .\Microsoft.Zelig.Test.mbed.Simple_opt.o
 *fill*         0x200015e8        0x8 
 .data.rel.local.Microsoft.Zelig.Runtime.TypeSystem.GlobalRoot_39
                0x200015f0       0xcc .\Microsoft.Zelig.Test.mbed.Simple_opt.o
 .data.svc_exc_return
                0x200016bc        0x4 DISCO_F746NG\InteropExports_core.o
                0x200016bc                svc_exc_return
 .data.SystemCoreClock
                0x200016c0        0x4 C:\llilum\Zelig\mbed/TARGET_DISCO_F746NG/TOOLCHAIN_GCC_ARM/system_stm32f7xx.o
                0x200016c0                SystemCoreClock
 .data._ZZ5_sbrkE4heap
                0x200016c4        0x4 C:\llilum\Zelig\mbed/TARGET_DISCO_F746NG/TOOLCHAIN_GCC_ARM/retarget.o
 .data.pin_base_nr
                0x200016c8       0x40 C:\llilum\Zelig\mbed/TARGET_DISCO_F746NG/TOOLCHAIN_GCC_ARM\libmbed.a(gpio_irq_api.o)
 .data.impure_data
                0x20001708       0x60 c:/gccarm/bin/../lib/gcc/arm-none-eabi/4.9.3/../../../../arm-none-eabi/lib/armv7e-m/softfp\libc_nano.a(lib_a-impure.o)
 .data._impure_ptr
                0x20001768        0x4 c:/gccarm/bin/../lib/gcc/arm-none-eabi/4.9.3/../../../../arm-none-eabi/lib/armv7e-m/softfp\libc_nano.a(lib_a-impure.o)
                0x20001768                _impure_ptr
 .data.__ctype_ptr__
                0x2000176c        0x4 c:/gccarm/bin/../lib/gcc/arm-none-eabi/4.9.3/../../../../arm-none-eabi/lib/armv7e-m/softfp\libc_nano.a(lib_a-ctype_.o)
                0x2000176c                __ctype_ptr__
 .data.lconv    0x20001770       0x38 c:/gccarm/bin/../lib/gcc/arm-none-eabi/4.9.3/../../../../arm-none-eabi/lib/armv7e-m/softfp\libc_nano.a(lib_a-locale.o)
                0x200017a8                . = ALIGN (0x4)
                0x200017a8                PROVIDE (__preinit_array_start, .)
 *(.preinit_array)
                0x200017a8                PROVIDE (__preinit_array_end, .)
                0x200017a8                . = ALIGN (0x4)
                0x200017a8                PROVIDE (__init_array_start, .)
 *(SORT(.init_array.*))
 *(.init_array)
 .init_array    0x200017a8        0x4 c:/gccarm/bin/../lib/gcc/arm-none-eabi/4.9.3/armv7e-m/softfp/crtbegin.o
                0x200017ac                PROVIDE (__init_array_end, .)
                0x200017ac                . = ALIGN (0x4)
                0x200017ac                PROVIDE (__fini_array_start, .)
 *(SORT(.fini_array.*))
 *(.fini_array)
 .fini_array    0x200017ac        0x4 c:/gccarm/bin/../lib/gcc/arm-none-eabi/4.9.3/armv7e-m/softfp/crtbegin.o
                0x200017b0                PROVIDE (__fini_array_end, .)
 *(.jcr*)
 .jcr           0x200017b0        0x0 c:/gccarm/bin/../lib/gcc/arm-none-eabi/4.9.3/armv7e-m/softfp/crtbegin.o
 .jcr           0x200017b0        0x4 c:/gccarm/bin/../lib/gcc/arm-none-eabi/4.9.3/armv7e-m/softfp/crtend.o
                0x200017b4                . = ALIGN (0x4)
                0x200017b4                __data_end__ = .
                0x200017b4                _edata = .

.igot.plt       0x200017b4        0x0 load address 0x0801eaf4
 .igot.plt      0x00000000        0x0 c:/gccarm/bin/../lib/gcc/arm-none-eabi/4.9.3/armv7e-m/softfp/crtbegin.o

.got            0x200017b4        0x0 load address 0x0801eaf4
 .got           0x00000000        0x0 c:/gccarm/bin/../lib/gcc/arm-none-eabi/4.9.3/armv7e-m/softfp/crtbegin.o

.got.plt        0x200017b4        0xc load address 0x0801eaf4
 .got.plt       0x200017b4        0xc c:/gccarm/bin/../lib/gcc/arm-none-eabi/4.9.3/armv7e-m/softfp/crtbegin.o
                0x200017b4                _GLOBAL_OFFSET_TABLE_

.bss            0x200017c0      0x45c load address 0x0801eb00
                0x200017c0                . = ALIGN (0x4)
                0x200017c0                __bss_start__ = .
                0x200017c0                _sbss = .
 *(.bss*)
 .bss           0x200017c0       0x1c c:/gccarm/bin/../lib/gcc/arm-none-eabi/4.9.3/armv7e-m/softfp/crtbegin.o
 .bss.valueToWatch
                0x200017dc        0x4 DISCO_F746NG\InteropExports_debug.o
                0x200017dc                valueToWatch
 .bss._ZL11filehandles
                0x200017e0      0x100 C:\llilum\Zelig\mbed/TARGET_DISCO_F746NG/TOOLCHAIN_GCC_ARM/retarget.o
 .bss.uwTick    0x200018e0        0x4 C:\llilum\Zelig\mbed/TARGET_DISCO_F746NG/TOOLCHAIN_GCC_ARM/stm32f7xx_hal.o
 .bss.PreviousVal
                0x200018e4        0x4 C:\llilum\Zelig\mbed/TARGET_DISCO_F746NG/TOOLCHAIN_GCC_ARM/hal_tick.o
                0x200018e4                PreviousVal
 .bss.channels  0x200018e8      0x214 C:\llilum\Zelig\mbed/TARGET_DISCO_F746NG/TOOLCHAIN_GCC_ARM\libmbed.a(gpio_irq_api.o)
 .bss.stdio_uart_inited
                0x20001afc        0x4 C:\llilum\Zelig\mbed/TARGET_DISCO_F746NG/TOOLCHAIN_GCC_ARM\libmbed.a(serial_api.o)
                0x20001afc                stdio_uart_inited
 .bss.TimMasterHandle
                0x20001b00       0x3c C:\llilum\Zelig\mbed/TARGET_DISCO_F746NG/TOOLCHAIN_GCC_ARM\libmbed.a(us_ticker.o)
 .bss.us_ticker_inited
                0x20001b3c        0x4 C:\llilum\Zelig\mbed/TARGET_DISCO_F746NG/TOOLCHAIN_GCC_ARM\libmbed.a(us_ticker.o)
 .bss.events    0x20001b40        0x8 C:\llilum\Zelig\mbed/TARGET_DISCO_F746NG/TOOLCHAIN_GCC_ARM\libmbed.a(us_ticker_api.o)
 .bss.__malloc_sbrk_start
                0x20001b48        0x4 c:/gccarm/bin/../lib/gcc/arm-none-eabi/4.9.3/../../../../arm-none-eabi/lib/armv7e-m/softfp\libc_nano.a(lib_a-nano-mallocr.o)
                0x20001b48                __malloc_sbrk_start
 .bss.__malloc_free_list
                0x20001b4c        0x4 c:/gccarm/bin/../lib/gcc/arm-none-eabi/4.9.3/../../../../arm-none-eabi/lib/armv7e-m/softfp\libc_nano.a(lib_a-nano-mallocr.o)
                0x20001b4c                __malloc_free_list
 *(COMMON)
 COMMON         0x20001b50       0x3c C:\llilum\Zelig\mbed/TARGET_DISCO_F746NG/TOOLCHAIN_GCC_ARM/hal_tick.o
                0x20001b50                TimMasterHandle
 COMMON         0x20001b8c       0x8c C:\llilum\Zelig\mbed/TARGET_DISCO_F746NG/TOOLCHAIN_GCC_ARM\libmbed.a(serial_api.o)
                0x20001b8c                UartHandle
                0x20001bfc                stdio_uart
 COMMON         0x20001c18        0x4 c:/gccarm/bin/../lib/gcc/arm-none-eabi/4.9.3/../../../../arm-none-eabi/lib/armv7e-m/softfp\libc_nano.a(lib_a-reent.o)
                0x20001c18                errno
                0x20001c1c                . = ALIGN (0x4)
                0x20001c1c                __bss_end__ = .
                0x20001c1c                _ebss = .

.heap           0x20001c1c        0x0
                0x20001c1c                __end__ = .
                0x20001c1c                end = __end__
 *(.heap*)
                0x20001c1c                __HeapLimit = .

.stack_dummy    0x20001c1c        0x0
 *(.stack*)
                0x20050000                __StackTop = (ORIGIN (RAM) + 0x4fe38)
                0x20050000                _estack = __StackTop
                0x20050000                __StackLimit = (__StackTop - SIZEOF (.stack_dummy))
                0x20050000                PROVIDE (__stack, __StackTop)
                0x00000001                ASSERT ((__StackLimit >= __HeapLimit), region RAM overflowed with stack)
OUTPUT(DISCO_F746NG\mbed_simple.elf elf32-littlearm)

.ARM.attributes
                0x00000000       0x32
 .ARM.attributes
                0x00000000       0x22 c:/gccarm/bin/../lib/gcc/arm-none-eabi/4.9.3/armv7e-m/softfp/crti.o
 .ARM.attributes
                0x00000022       0x32 c:/gccarm/bin/../lib/gcc/arm-none-eabi/4.9.3/armv7e-m/softfp/crtbegin.o
 .ARM.attributes
                0x00000054       0x20 c:/gccarm/bin/../lib/gcc/arm-none-eabi/4.9.3/../../../../arm-none-eabi/lib/armv7e-m/softfp/crt0.o
 .ARM.attributes
                0x00000074       0x3f .\Microsoft.Zelig.Test.mbed.Simple_opt.o
 .ARM.attributes
                0x000000b3       0x37 DISCO_F746NG\InteropExports_clock.o
 .ARM.attributes
                0x000000ea       0x37 DISCO_F746NG\InteropExports_core.o
 .ARM.attributes
                0x00000121       0x37 DISCO_F746NG\InteropExports_debug.o
 .ARM.attributes
                0x00000158       0x37 DISCO_F746NG\InteropExports_gpio.o
 .ARM.attributes
                0x0000018f       0x37 DISCO_F746NG\InteropExports_NVIC.o
 .ARM.attributes
                0x000001c6       0x37 DISCO_F746NG\InteropExports_system_timer.o
 .ARM.attributes
                0x000001fd       0x37 DISCO_F746NG\InteropExports_SysTick.o
 .ARM.attributes
                0x00000234       0x21 DISCO_F746NG\startup_stm32f746xx.o
 .ARM.attributes
                0x00000255       0x33 C:\llilum\Zelig\mbed/TARGET_DISCO_F746NG/TOOLCHAIN_GCC_ARM/system_stm32f7xx.o
 .ARM.attributes
                0x00000288       0x33 C:\llilum\Zelig\mbed/TARGET_DISCO_F746NG/TOOLCHAIN_GCC_ARM/board.o
 .ARM.attributes
                0x000002bb       0x33 C:\llilum\Zelig\mbed/TARGET_DISCO_F746NG/TOOLCHAIN_GCC_ARM/cmsis_nvic.o
 .ARM.attributes
                0x000002ee       0x33 C:\llilum\Zelig\mbed/TARGET_DISCO_F746NG/TOOLCHAIN_GCC_ARM/retarget.o
 .ARM.attributes
                0x00000321       0x33 C:\llilum\Zelig\mbed/TARGET_DISCO_F746NG/TOOLCHAIN_GCC_ARM/stm32f7xx_hal_rcc.o
 .ARM.attributes
                0x00000354       0x33 C:\llilum\Zelig\mbed/TARGET_DISCO_F746NG/TOOLCHAIN_GCC_ARM/stm32f7xx_hal_pwr_ex.o
 .ARM.attributes
                0x00000387       0x33 C:\llilum\Zelig\mbed/TARGET_DISCO_F746NG/TOOLCHAIN_GCC_ARM/stm32f7xx_hal.o
 .ARM.attributes
                0x000003ba       0x33 C:\llilum\Zelig\mbed/TARGET_DISCO_F746NG/TOOLCHAIN_GCC_ARM/stm32f7xx_hal_cortex.o
 .ARM.attributes
                0x000003ed       0x33 C:\llilum\Zelig\mbed/TARGET_DISCO_F746NG/TOOLCHAIN_GCC_ARM/stm32f7xx_hal_gpio.o
 .ARM.attributes
                0x00000420       0x33 C:\llilum\Zelig\mbed/TARGET_DISCO_F746NG/TOOLCHAIN_GCC_ARM/stm32f7xx_hal_uart.o
 .ARM.attributes
                0x00000453       0x33 C:\llilum\Zelig\mbed/TARGET_DISCO_F746NG/TOOLCHAIN_GCC_ARM/hal_tick.o
 .ARM.attributes
                0x00000486       0x33 C:\llilum\Zelig\mbed/TARGET_DISCO_F746NG/TOOLCHAIN_GCC_ARM/stm32f7xx_hal_tim.o
 .ARM.attributes
                0x000004b9       0x33 C:\llilum\Zelig\mbed/TARGET_DISCO_F746NG/TOOLCHAIN_GCC_ARM\libmbed.a(gpio_api.o)
 .ARM.attributes
                0x000004ec       0x33 C:\llilum\Zelig\mbed/TARGET_DISCO_F746NG/TOOLCHAIN_GCC_ARM\libmbed.a(gpio_irq_api.o)
 .ARM.attributes
                0x0000051f       0x33 C:\llilum\Zelig\mbed/TARGET_DISCO_F746NG/TOOLCHAIN_GCC_ARM\libmbed.a(pinmap.o)
 .ARM.attributes
                0x00000552       0x33 C:\llilum\Zelig\mbed/TARGET_DISCO_F746NG/TOOLCHAIN_GCC_ARM\libmbed.a(serial_api.o)
 .ARM.attributes
                0x00000585       0x33 C:\llilum\Zelig\mbed/TARGET_DISCO_F746NG/TOOLCHAIN_GCC_ARM\libmbed.a(us_ticker.o)
 .ARM.attributes
                0x000005b8       0x33 C:\llilum\Zelig\mbed/TARGET_DISCO_F746NG/TOOLCHAIN_GCC_ARM\libmbed.a(assert.o)
 .ARM.attributes
                0x000005eb       0x33 C:\llilum\Zelig\mbed/TARGET_DISCO_F746NG/TOOLCHAIN_GCC_ARM\libmbed.a(error.o)
 .ARM.attributes
                0x0000061e       0x33 C:\llilum\Zelig\mbed/TARGET_DISCO_F746NG/TOOLCHAIN_GCC_ARM\libmbed.a(gpio.o)
 .ARM.attributes
                0x00000651       0x33 C:\llilum\Zelig\mbed/TARGET_DISCO_F746NG/TOOLCHAIN_GCC_ARM\libmbed.a(pinmap_common.o)
 .ARM.attributes
                0x00000684       0x33 C:\llilum\Zelig\mbed/TARGET_DISCO_F746NG/TOOLCHAIN_GCC_ARM\libmbed.a(ticker_api.o)
 .ARM.attributes
                0x000006b7       0x33 C:\llilum\Zelig\mbed/TARGET_DISCO_F746NG/TOOLCHAIN_GCC_ARM\libmbed.a(us_ticker_api.o)
 .ARM.attributes
                0x000006ea       0x33 C:\llilum\Zelig\mbed/TARGET_DISCO_F746NG/TOOLCHAIN_GCC_ARM\libmbed.a(wait_api.o)
 .ARM.attributes
                0x0000071d       0x33 C:\llilum\Zelig\mbed/TARGET_DISCO_F746NG/TOOLCHAIN_GCC_ARM\libmbed.a(PeripheralPins.o)
 .ARM.attributes
                0x00000750       0x32 c:/gccarm/bin/../lib/gcc/arm-none-eabi/4.9.3/../../../../arm-none-eabi/lib/armv7e-m/softfp\libc_nano.a(lib_a-aeabi_memclr.o)
 .ARM.attributes
                0x00000782       0x32 c:/gccarm/bin/../lib/gcc/arm-none-eabi/4.9.3/../../../../arm-none-eabi/lib/armv7e-m/softfp\libc_nano.a(lib_a-aeabi_memcpy.o)
 .ARM.attributes