Archive member included because of file (symbol)

C:\llilum\Zelig\mbed/TARGET_DISCO_F746NG/TOOLCHAIN_GCC_ARM\libmbed.a(gpio_api.o)
                              DISCO_F746NG\InteropExports_gpio.o (gpio_mode)
C:\llilum\Zelig\mbed/TARGET_DISCO_F746NG/TOOLCHAIN_GCC_ARM\libmbed.a(i2c_api.o)
                              DISCO_F746NG\InteropExports_i2c.o (i2c_init)
C:\llilum\Zelig\mbed/TARGET_DISCO_F746NG/TOOLCHAIN_GCC_ARM\libmbed.a(pinmap.o)
                              C:\llilum\Zelig\mbed/TARGET_DISCO_F746NG/TOOLCHAIN_GCC_ARM\libmbed.a(gpio_api.o) (Set_GPIO_Clock)
C:\llilum\Zelig\mbed/TARGET_DISCO_F746NG/TOOLCHAIN_GCC_ARM\libmbed.a(serial_api.o)
                              C:\llilum\Zelig\mbed/TARGET_DISCO_F746NG/TOOLCHAIN_GCC_ARM/retarget.o (stdio_uart_inited)
C:\llilum\Zelig\mbed/TARGET_DISCO_F746NG/TOOLCHAIN_GCC_ARM\libmbed.a(spi_api.o)
                              DISCO_F746NG\InteropExports_spi.o (spi_init)
C:\llilum\Zelig\mbed/TARGET_DISCO_F746NG/TOOLCHAIN_GCC_ARM\libmbed.a(us_ticker.o)
                              DISCO_F746NG\InteropExports_system_timer.o (us_ticker_init)
C:\llilum\Zelig\mbed/TARGET_DISCO_F746NG/TOOLCHAIN_GCC_ARM\libmbed.a(assert.o)
                              DISCO_F746NG\InteropExports_gpio.o (mbed_assert_internal)
C:\llilum\Zelig\mbed/TARGET_DISCO_F746NG/TOOLCHAIN_GCC_ARM\libmbed.a(FilePath.o)
                              C:\llilum\Zelig\mbed/TARGET_DISCO_F746NG/TOOLCHAIN_GCC_ARM/retarget.o (mbed::FilePath::FilePath(char const*))
C:\llilum\Zelig\mbed/TARGET_DISCO_F746NG/TOOLCHAIN_GCC_ARM\libmbed.a(FileSystemLike.o)
                              C:\llilum\Zelig\mbed/TARGET_DISCO_F746NG/TOOLCHAIN_GCC_ARM/retarget.o (mbed::FileSystemLike::opendir())
C:\llilum\Zelig\mbed/TARGET_DISCO_F746NG/TOOLCHAIN_GCC_ARM\libmbed.a(error.o)
                              C:\llilum\Zelig\mbed/TARGET_DISCO_F746NG/TOOLCHAIN_GCC_ARM/retarget.o (error)
C:\llilum\Zelig\mbed/TARGET_DISCO_F746NG/TOOLCHAIN_GCC_ARM\libmbed.a(gpio.o)
                              DISCO_F746NG\InteropExports_gpio.o (gpio_init_in)
C:\llilum\Zelig\mbed/TARGET_DISCO_F746NG/TOOLCHAIN_GCC_ARM\libmbed.a(pinmap_common.o)
                              C:\llilum\Zelig\mbed/TARGET_DISCO_F746NG/TOOLCHAIN_GCC_ARM\libmbed.a(i2c_api.o) (pinmap_pinout)
C:\llilum\Zelig\mbed/TARGET_DISCO_F746NG/TOOLCHAIN_GCC_ARM\libmbed.a(ticker_api.o)
                              DISCO_F746NG\InteropExports_system_timer.o (ticker_set_handler)
C:\llilum\Zelig\mbed/TARGET_DISCO_F746NG/TOOLCHAIN_GCC_ARM\libmbed.a(us_ticker_api.o)
                              DISCO_F746NG\InteropExports_system_timer.o (get_us_ticker_data)
C:\llilum\Zelig\mbed/TARGET_DISCO_F746NG/TOOLCHAIN_GCC_ARM\libmbed.a(wait_api.o)
                              C:\llilum\Zelig\mbed/TARGET_DISCO_F746NG/TOOLCHAIN_GCC_ARM/board.o (wait_ms)
C:\llilum\Zelig\mbed/TARGET_DISCO_F746NG/TOOLCHAIN_GCC_ARM\libmbed.a(PeripheralPins.o)
                              C:\llilum\Zelig\mbed/TARGET_DISCO_F746NG/TOOLCHAIN_GCC_ARM\libmbed.a(i2c_api.o) (PinMap_I2C_SDA)
C:\llilum\Zelig\mbed/TARGET_DISCO_F746NG/TOOLCHAIN_GCC_ARM\libmbed.a(FileBase.o)
                              C:\llilum\Zelig\mbed/TARGET_DISCO_F746NG/TOOLCHAIN_GCC_ARM\libmbed.a(FileSystemLike.o) (mbed::FileBase::FileBase(char const*, mbed::PathType))
c:/gccarm/bin/../lib/gcc/arm-none-eabi/4.9.3/../../../../arm-none-eabi/lib/armv7e-m/softfp\libstdc++_nano.a(del_op.o)
                              C:\llilum\Zelig\mbed/TARGET_DISCO_F746NG/TOOLCHAIN_GCC_ARM/retarget.o (operator delete(void*))
c:/gccarm/bin/../lib/gcc/arm-none-eabi/4.9.3/../../../../arm-none-eabi/lib/armv7e-m/softfp\libstdc++_nano.a(new_op.o)
                              C:\llilum\Zelig\mbed/TARGET_DISCO_F746NG/TOOLCHAIN_GCC_ARM\libmbed.a(FileSystemLike.o) (operator new(unsigned int))
c:/gccarm/bin/../lib/gcc/arm-none-eabi/4.9.3/../../../../arm-none-eabi/lib/armv7e-m/softfp\libstdc++_nano.a(new_handler.o)
                              c:/gccarm/bin/../lib/gcc/arm-none-eabi/4.9.3/../../../../arm-none-eabi/lib/armv7e-m/softfp\libstdc++_nano.a(new_op.o) (std::get_new_handler())
c:/gccarm/bin/../lib/gcc/arm-none-eabi/4.9.3/../../../../arm-none-eabi/lib/armv7e-m/softfp\libc_nano.a(lib_a-abort.o)
                              c:/gccarm/bin/../lib/gcc/arm-none-eabi/4.9.3/../../../../arm-none-eabi/lib/armv7e-m/softfp\libstdc++_nano.a(new_op.o) (abort)
c:/gccarm/bin/../lib/gcc/arm-none-eabi/4.9.3/../../../../arm-none-eabi/lib/armv7e-m/softfp\libc_nano.a(lib_a-aeabi_memclr.o)
                              .\Microsoft.Zelig.Test.mbed.Simple_opt.o (__aeabi_memclr)
c:/gccarm/bin/../lib/gcc/arm-none-eabi/4.9.3/../../../../arm-none-eabi/lib/armv7e-m/softfp\libc_nano.a(lib_a-aeabi_memcpy.o)
                              .\Microsoft.Zelig.Test.mbed.Simple_opt.o (__aeabi_memcpy)
c:/gccarm/bin/../lib/gcc/arm-none-eabi/4.9.3/../../../../arm-none-eabi/lib/armv7e-m/softfp\libc_nano.a(lib_a-aeabi_memmove-soft.o)
                              .\Microsoft.Zelig.Test.mbed.Simple_opt.o (__aeabi_memmove)
[...]
Memory Configuration

Name             Origin             Length             Attributes
FLASH            0x08000000         0x00100000         xr
RAM              0x200001c8         0x0004fe38         xrw
*default*        0x00000000         0xffffffff

Linker script and memory map

LOAD c:/gccarm/bin/../lib/gcc/arm-none-eabi/4.9.3/armv7e-m/softfp/crti.o
LOAD c:/gccarm/bin/../lib/gcc/arm-none-eabi/4.9.3/armv7e-m/softfp/crtbegin.o
LOAD c:/gccarm/bin/../lib/gcc/arm-none-eabi/4.9.3/../../../../arm-none-eabi/lib/armv7e-m/softfp/crt0.o
LOAD .\Microsoft.Zelig.Test.mbed.Simple_opt.o
LOAD DISCO_F746NG\InteropExports_clock.o
LOAD DISCO_F746NG\InteropExports_core.o
LOAD DISCO_F746NG\InteropExports_debug.o
LOAD DISCO_F746NG\InteropExports_gpio.o
LOAD DISCO_F746NG\InteropExports_i2c.o
LOAD DISCO_F746NG\InteropExports_mem.o
LOAD DISCO_F746NG\InteropExports_NVIC.o
LOAD DISCO_F746NG\InteropExports_serial.o
LOAD DISCO_F746NG\InteropExports_spi.o
LOAD DISCO_F746NG\InteropExports_system_timer.o
LOAD DISCO_F746NG\InteropExports_SysTick.o
LOAD DISCO_F746NG\InteropExports_threading.o
LOAD DISCO_F746NG\startup_stm32f746xx.o
LOAD C:\llilum\Zelig\mbed/TARGET_DISCO_F746NG/TOOLCHAIN_GCC_ARM/system_stm32f7xx.o
LOAD C:\llilum\Zelig\mbed/TARGET_DISCO_F746NG/TOOLCHAIN_GCC_ARM/board.o
LOAD C:\llilum\Zelig\mbed/TARGET_DISCO_F746NG/TOOLCHAIN_GCC_ARM/cmsis_nvic.o
LOAD C:\llilum\Zelig\mbed/TARGET_DISCO_F746NG/TOOLCHAIN_GCC_ARM/retarget.o
LOAD C:\llilum\Zelig\mbed/TARGET_DISCO_F746NG/TOOLCHAIN_GCC_ARM/stm32f7xx_hal_rcc.o
LOAD C:\llilum\Zelig\mbed/TARGET_DISCO_F746NG/TOOLCHAIN_GCC_ARM/stm32f7xx_hal_pwr_ex.o
LOAD C:\llilum\Zelig\mbed/TARGET_DISCO_F746NG/TOOLCHAIN_GCC_ARM/stm32f7xx_hal.o
LOAD C:\llilum\Zelig\mbed/TARGET_DISCO_F746NG/TOOLCHAIN_GCC_ARM/stm32f7xx_hal_cortex.o
LOAD C:\llilum\Zelig\mbed/TARGET_DISCO_F746NG/TOOLCHAIN_GCC_ARM/stm32f7xx_hal_gpio.o
LOAD C:\llilum\Zelig\mbed/TARGET_DISCO_F746NG/TOOLCHAIN_GCC_ARM/stm32f7xx_hal_uart.o
LOAD C:\llilum\Zelig\mbed/TARGET_DISCO_F746NG/TOOLCHAIN_GCC_ARM/stm32f7xx_hal_spi.o
LOAD C:\llilum\Zelig\mbed/TARGET_DISCO_F746NG/TOOLCHAIN_GCC_ARM/hal_tick.o
LOAD C:\llilum\Zelig\mbed/TARGET_DISCO_F746NG/TOOLCHAIN_GCC_ARM/stm32f7xx_hal_tim.o
LOAD C:\llilum\Zelig\mbed/TARGET_DISCO_F746NG/TOOLCHAIN_GCC_ARM\libmbed.a
LOAD c:/gccarm/bin/../lib/gcc/arm-none-eabi/4.9.3/../../../../arm-none-eabi/lib/armv7e-m/softfp\libstdc++_nano.a
LOAD c:/gccarm/bin/../lib/gcc/arm-none-eabi/4.9.3/../../../../arm-none-eabi/lib/armv7e-m/softfp\libsupc++_nano.a
LOAD c:/gccarm/bin/../lib/gcc/arm-none-eabi/4.9.3/../../../../arm-none-eabi/lib/armv7e-m/softfp\libm.a
LOAD c:/gccarm/bin/../lib/gcc/arm-none-eabi/4.9.3/../../../../arm-none-eabi/lib/armv7e-m/softfp\libc_nano.a
LOAD c:/gccarm/bin/../lib/gcc/arm-none-eabi/4.9.3/armv7e-m/softfp\libgcc.a
LOAD c:/gccarm/bin/../lib/gcc/arm-none-eabi/4.9.3/../../../../arm-none-eabi/lib/armv7e-m/softfp\libnosys.a
LOAD C:\llilum\Zelig\mbed/TARGET_DISCO_F746NG/TOOLCHAIN_GCC_ARM\libmbed.a
LOAD c:/gccarm/bin/../lib/gcc/arm-none-eabi/4.9.3/../../../../arm-none-eabi/lib/armv7e-m/softfp\libstdc++_nano.a
LOAD c:/gccarm/bin/../lib/gcc/arm-none-eabi/4.9.3/../../../../arm-none-eabi/lib/armv7e-m/softfp\libsupc++_nano.a
LOAD c:/gccarm/bin/../lib/gcc/arm-none-eabi/4.9.3/../../../../arm-none-eabi/lib/armv7e-m/softfp\libm.a
LOAD c:/gccarm/bin/../lib/gcc/arm-none-eabi/4.9.3/../../../../arm-none-eabi/lib/armv7e-m/softfp\libc_nano.a
LOAD c:/gccarm/bin/../lib/gcc/arm-none-eabi/4.9.3/armv7e-m/softfp\libgcc.a
LOAD c:/gccarm/bin/../lib/gcc/arm-none-eabi/4.9.3/../../../../arm-none-eabi/lib/armv7e-m/softfp\libnosys.a
START GROUP
LOAD c:/gccarm/bin/../lib/gcc/arm-none-eabi/4.9.3/armv7e-m/softfp\libgcc.a
LOAD c:/gccarm/bin/../lib/gcc/arm-none-eabi/4.9.3/../../../../arm-none-eabi/lib/armv7e-m/softfp\libc_nano.a
END GROUP
START GROUP
LOAD c:/gccarm/bin/../lib/gcc/arm-none-eabi/4.9.3/armv7e-m/softfp\libgcc.a
LOAD c:/gccarm/bin/../lib/gcc/arm-none-eabi/4.9.3/../../../../arm-none-eabi/lib/armv7e-m/softfp\libc_nano.a
END GROUP
LOAD c:/gccarm/bin/../lib/gcc/arm-none-eabi/4.9.3/armv7e-m/softfp/crtend.o
LOAD c:/gccarm/bin/../lib/gcc/arm-none-eabi/4.9.3/armv7e-m/softfp/crtn.o

.text           0x08000000    0x274c8
 *(.isr_vector)
 .isr_vector    0x08000000      0x1c8 DISCO_F746NG\startup_stm32f746xx.o
                0x08000000                g_pfnVectors
 *(.text*)
 .text          0x080001c8       0x5c c:/gccarm/bin/../lib/gcc/arm-none-eabi/4.9.3/armv7e-m/softfp/crtbegin.o
 .text          0x08000224       0x74 c:/gccarm/bin/../lib/gcc/arm-none-eabi/4.9.3/../../../../arm-none-eabi/lib/armv7e-m/softfp/crt0.o
                0x08000224                _start
                0x08000224                _mainCRTStartup
 *fill*         0x08000298        0x8 
 .text          0x080002a0    0x1cb44 .\Microsoft.Zelig.Test.mbed.Simple_opt.o
                0x080002a0                HardFault_Handler
                0x08000328                main
                0x08000368                AnyInterrupt
                0x0800036a                AnyInterrupt.1
                0x08005c88                Generic_FaultHandler_Zelig
                0x0800ad80                SVC_Handler_Zelig
                0x0800add8                PendSV_Handler_Zelig
                0x0800b0a4                SVC_Handler_Zelig_VFP_NoFPContext
                0x0800b0fc                PendSV_Handler_Zelig_VFP_FullFPContext
                0x0800b13c                PendSV_Handler_Zelig_VFP_NoFPContext
                0x08010f92                SystemTimer_Handler
                0x080114f0                SysTick_Handler
 .text.CMSIS_STUB_CLOCK__GetSystemCoreClock
                0x0801cde4        0xc DISCO_F746NG\InteropExports_clock.o
                0x0801cde4                CMSIS_STUB_CLOCK__GetSystemCoreClock
 .text.CMSIS_STUB_SCB__get_CONTROL
                0x0801cdf0       0x14 DISCO_F746NG\InteropExports_core.o
                0x0801cdf0                CMSIS_STUB_SCB__get_CONTROL
 .text.CMSIS_STUB_SCB__get_IPSR
                0x0801ce04       0x14 DISCO_F746NG\InteropExports_core.o
                0x0801ce04                CMSIS_STUB_SCB__get_IPSR
 .text.CMSIS_STUB_SCB__get_PSP
                0x0801ce18       0x14 DISCO_F746NG\InteropExports_core.o
                0x0801ce18                CMSIS_STUB_SCB__get_PSP
 .text.CMSIS_STUB_SCB__set_PSP
                0x0801ce2c       0x18 DISCO_F746NG\InteropExports_core.o
                0x0801ce2c                CMSIS_STUB_SCB__set_PSP
 .text.CMSIS_STUB_SCB__get_PRIMASK
                0x0801ce44       0x14 DISCO_F746NG\InteropExports_core.o
                0x0801ce44                CMSIS_STUB_SCB__get_PRIMASK
 .text.CMSIS_STUB_SCB__get_BASEPRI
                0x0801ce58       0x14 DISCO_F746NG\InteropExports_core.o
                0x0801ce58                CMSIS_STUB_SCB__get_BASEPRI
 .text.CMSIS_STUB_SCB__set_BASEPRI
                0x0801ce6c       0x14 DISCO_F746NG\InteropExports_core.o
                0x0801ce6c                CMSIS_STUB_SCB__set_BASEPRI
 .text.CUSTOM_STUB_SCB__get_FPCCR
                0x0801ce80        0xc DISCO_F746NG\InteropExports_core.o
                0x0801ce80                CUSTOM_STUB_SCB__get_FPCCR
 .text.CUSTOM_STUB_SCB__set_FPCCR
                0x0801ce8c       0x14 DISCO_F746NG\InteropExports_core.o
                0x0801ce8c                CUSTOM_STUB_SCB__set_FPCCR
 .text.CUSTOM_STUB_SCB_get_CCR
                0x0801cea0        0xc DISCO_F746NG\InteropExports_core.o
                0x0801cea0                CUSTOM_STUB_SCB_get_CCR
 .text.CUSTOM_STUB_SCB_set_CCR
                0x0801ceac       0x14 DISCO_F746NG\InteropExports_core.o
                0x0801ceac                CUSTOM_STUB_SCB_set_CCR
 .text.CUSTOM_STUB_SCB_SHCRS_EnableSystemHandler
                0x0801cec0       0x20 DISCO_F746NG\InteropExports_core.o
                0x0801cec0                CUSTOM_STUB_SCB_SHCRS_EnableSystemHandler
 .text.CUSTOM_STUB_SCB_ICSR_RaiseSystemException
                0x0801cee0       0x20 DISCO_F746NG\InteropExports_core.o
                0x0801cee0                CUSTOM_STUB_SCB_ICSR_RaiseSystemException
 .text.CUSTOM_STUB_SCB_SCR_SetSystemControlRegister
                0x0801cf00       0x14 DISCO_F746NG\InteropExports_core.o
                0x0801cf00                CUSTOM_STUB_SCB_SCR_SetSystemControlRegister
 .text.CMSIS_STUB_POWER_WaitForEvent
                0x0801cf14        0x4 DISCO_F746NG\InteropExports_core.o
                0x0801cf14                CMSIS_STUB_POWER_WaitForEvent
 .text.CUSTOM_STUB_RaiseSupervisorCallForLongJump
                0x0801cf18        0x4 DISCO_F746NG\InteropExports_core.o
                0x0801cf18                CUSTOM_STUB_RaiseSupervisorCallForLongJump
 *fill*         0x0801cf1c        0x4 
 .text.CUSTOM_STUB_RaiseSupervisorCallForStartThreads
                0x0801cf20        0x4 DISCO_F746NG\InteropExports_core.o
                0x0801cf20                CUSTOM_STUB_RaiseSupervisorCallForStartThreads
 *fill*         0x0801cf24        0x4 
 .text.CUSTOM_STUB_RaiseSupervisorCallForRetireThread
                0x0801cf28        0x4 DISCO_F746NG\InteropExports_core.o
                0x0801cf28                CUSTOM_STUB_RaiseSupervisorCallForRetireThread
 .text.PendSV_Handler
                0x0801cf2c       0x5c DISCO_F746NG\InteropExports_core.o
                0x0801cf2c                PendSV_Handler
 .text.CUSTOM_STUB_SetExcReturn
                0x0801cf88       0x14 DISCO_F746NG\InteropExports_core.o
                0x0801cf88                CUSTOM_STUB_SetExcReturn
 .text.SVC_Handler
                0x0801cf9c       0x28 DISCO_F746NG\InteropExports_core.o
                0x0801cf9c                SVC_Handler
 .text.CUSTOM_STUB_GetFPContextFlag
                0x0801cfc4        0xc DISCO_F746NG\InteropExports_core.o
                0x0801cfc4                CUSTOM_STUB_GetFPContextFlag
 .text.Break    0x0801cfd0        0x4 DISCO_F746NG\InteropExports_debug.o
                0x0801cfd0                Break
 .text.Breakpoint
                0x0801cfd4       0x1c DISCO_F746NG\InteropExports_debug.o
                0x0801cfd4                Breakpoint
 .text.Nop      0x0801cff0        0x4 DISCO_F746NG\InteropExports_debug.o
                0x0801cff0                Nop
 .text.ConvertToCharString
                0x0801cff4       0x48 DISCO_F746NG\InteropExports_debug.o
                0x0801cff4                ConvertToCharString
 .text.DebugLogPrint
                0x0801d03c        0x8 DISCO_F746NG\InteropExports_debug.o
                0x0801d03c                DebugLogPrint
 .text.DebugLog0
                0x0801d044       0x4c DISCO_F746NG\InteropExports_debug.o
                0x0801d044                DebugLog0
 .text.DebugLog1
                0x0801d090       0x64 DISCO_F746NG\InteropExports_debug.o
                0x0801d090                DebugLog1
 .text.CUSTOM_STUB_DebuggerConnected
                0x0801d0f4       0x10 DISCO_F746NG\InteropExports_debug.o
                0x0801d0f4                CUSTOM_STUB_DebuggerConnected
 .text.CUSTOM_STUB_SCB__get_CFSR
                0x0801d104        0xc DISCO_F746NG\InteropExports_debug.o
                0x0801d104                CUSTOM_STUB_SCB__get_CFSR
 .text.CUSTOM_STUB_SCB__get_HFSR
                0x0801d110        0xc DISCO_F746NG\InteropExports_debug.o
                0x0801d110                CUSTOM_STUB_SCB__get_HFSR
 .text.CUSTOM_STUB_SCB__get_BFAR
                0x0801d11c        0xc DISCO_F746NG\InteropExports_debug.o
                0x0801d11c                CUSTOM_STUB_SCB__get_BFAR
 .text.BusFault_Handler
                0x0801d128       0x14 DISCO_F746NG\InteropExports_debug.o
                0x0801d128                BusFault_Handler
 .text.gpio_write
                0x0801d13c       0x4c DISCO_F746NG\InteropExports_gpio.o
 .text.tmp_gpio_write
                0x0801d188       0x18 DISCO_F746NG\InteropExports_gpio.o
                0x0801d188                tmp_gpio_write
 .text.tmp_gpio_alloc
                0x0801d1a0       0x1c DISCO_F746NG\InteropExports_gpio.o
                0x0801d1a0                tmp_gpio_alloc
 .text.tmp_gpio_init
                0x0801d1bc       0x1c DISCO_F746NG\InteropExports_gpio.o
                0x0801d1bc                tmp_gpio_init
 .text.tmp_gpio_free
                0x0801d1d8       0x14 DISCO_F746NG\InteropExports_gpio.o
                0x0801d1d8                tmp_gpio_free
 .text.tmp_gpio_dir
                0x0801d1ec       0x1c DISCO_F746NG\InteropExports_gpio.o
                0x0801d1ec                tmp_gpio_dir
 .text.tmp_gpio_mode
                0x0801d208       0x1c DISCO_F746NG\InteropExports_gpio.o
                0x0801d208                tmp_gpio_mode
 .text.NVIC_SetPriorityGrouping
                0x0801d224       0x3c DISCO_F746NG\InteropExports_NVIC.o
 .text.NVIC_SetPriority
                0x0801d260       0x4c DISCO_F746NG\InteropExports_NVIC.o
 .text.CMSIS_STUB_NVIC_SetPriorityGrouping
                0x0801d2ac       0x18 DISCO_F746NG\InteropExports_NVIC.o
                0x0801d2ac                CMSIS_STUB_NVIC_SetPriorityGrouping
 .text.CMSIS_STUB_NVIC_SetPriority
                0x0801d2c4       0x24 DISCO_F746NG\InteropExports_NVIC.o
                0x0801d2c4                CMSIS_STUB_NVIC_SetPriority
 .text.tmp_spi_format
                0x0801d2e8       0x20 DISCO_F746NG\InteropExports_spi.o
                0x0801d2e8                tmp_spi_format
 .text.tmp_spi_frequency
                0x0801d308       0x18 DISCO_F746NG\InteropExports_spi.o
                0x0801d308                tmp_spi_frequency
 .text.tmp_spi_alloc
                0x0801d320       0x1c DISCO_F746NG\InteropExports_spi.o
                0x0801d320                tmp_spi_alloc
 .text.tmp_spi_init
                0x0801d33c       0x34 DISCO_F746NG\InteropExports_spi.o
                0x0801d33c                tmp_spi_init
 .text.tmp_timer_event_alloc
                0x0801d370       0x1c DISCO_F746NG\InteropExports_system_timer.o
                0x0801d370                tmp_timer_event_alloc
 .text.tmp_sys_timer_read
                0x0801d38c        0xc DISCO_F746NG\InteropExports_system_timer.o
                0x0801d38c                tmp_sys_timer_read
 .text.tmp_interrupt_handler
                0x0801d398       0x14 DISCO_F746NG\InteropExports_system_timer.o
                0x0801d398                tmp_interrupt_handler
 .text.tmp_sys_timer_init
                0x0801d3ac       0x1c DISCO_F746NG\InteropExports_system_timer.o
                0x0801d3ac                tmp_sys_timer_init
 .text.tmp_sys_timer_insert_event
                0x0801d3c8       0x28 DISCO_F746NG\InteropExports_system_timer.o
                0x0801d3c8                tmp_sys_timer_insert_event
 .text.tmp_sys_timer_remove_event
                0x0801d3f0       0x1c DISCO_F746NG\InteropExports_system_timer.o
                0x0801d3f0                tmp_sys_timer_remove_event
 .text.CMSIS_STUB_SysTick_GetCTRL
                0x0801d40c        0xc DISCO_F746NG\InteropExports_SysTick.o
                0x0801d40c                CMSIS_STUB_SysTick_GetCTRL
 .text.CMSIS_STUB_SysTick_SetCTRL
                0x0801d418       0x14 DISCO_F746NG\InteropExports_SysTick.o
                0x0801d418                CMSIS_STUB_SysTick_SetCTRL
 .text.CMSIS_STUB_SysTick_SetLOAD
                0x0801d42c       0x1c DISCO_F746NG\InteropExports_SysTick.o
                0x0801d42c                CMSIS_STUB_SysTick_SetLOAD
 .text.CMSIS_STUB_SysTick_GetVAL
                0x0801d448       0x10 DISCO_F746NG\InteropExports_SysTick.o
                0x0801d448                CMSIS_STUB_SysTick_GetVAL
 .text.CMSIS_STUB_SysTick_SetVAL
                0x0801d458       0x1c DISCO_F746NG\InteropExports_SysTick.o
                0x0801d458                CMSIS_STUB_SysTick_SetVAL
 .text.CMSIS_STUB_SysTick_GetCALIB
                0x0801d474        0xc DISCO_F746NG\InteropExports_SysTick.o
                0x0801d474                CMSIS_STUB_SysTick_GetCALIB
 .text.Reset_Handler
                0x0801d480       0x4c DISCO_F746NG\startup_stm32f746xx.o
                0x0801d480                Reset_Handler
 .text.Default_Handler
                0x0801d4cc        0x2 DISCO_F746NG\startup_stm32f746xx.o
                0x0801d4cc                RTC_Alarm_IRQHandler
                0x0801d4cc                EXTI2_IRQHandler
                0x0801d4cc                TIM8_CC_IRQHandler
                0x0801d4cc                DebugMon_Handler
                0x0801d4cc                UART8_IRQHandler
                0x0801d4cc                SPI4_IRQHandler
                0x0801d4cc                TIM1_CC_IRQHandler
                0x0801d4cc                DMA2_Stream5_IRQHandler
                0x0801d4cc                DMA1_Stream5_IRQHandler
                0x0801d4cc                PVD_IRQHandler
                0x0801d4cc                TAMP_STAMP_IRQHandler
                0x0801d4cc                NMI_Handler
                0x0801d4cc                CAN2_RX1_IRQHandler
                0x0801d4cc                EXTI3_IRQHandler
                0x0801d4cc                TIM8_TRG_COM_TIM14_IRQHandler
                0x0801d4cc                TIM1_UP_TIM10_IRQHandler
                0x0801d4cc                TIM8_UP_TIM13_IRQHandler
                0x0801d4cc                I2C3_ER_IRQHandler
                0x0801d4cc                EXTI0_IRQHandler
                0x0801d4cc                I2C2_EV_IRQHandler
                0x0801d4cc                DMA1_Stream2_IRQHandler
                0x0801d4cc                CAN1_RX0_IRQHandler
                0x0801d4cc                FPU_IRQHandler
                0x0801d4cc                OTG_HS_WKUP_IRQHandler
                0x0801d4cc                UsageFault_Handler
                0x0801d4cc                LTDC_ER_IRQHandler
                0x0801d4cc                CAN2_SCE_IRQHandler
                0x0801d4cc                DMA2_Stream2_IRQHandler
                0x0801d4cc                SPI1_IRQHandler
                0x0801d4cc                TIM6_DAC_IRQHandler
                0x0801d4cc                TIM1_BRK_TIM9_IRQHandler
                0x0801d4cc                DCMI_IRQHandler
                0x0801d4cc                CAN2_RX0_IRQHandler
                0x0801d4cc                DMA2_Stream3_IRQHandler
                0x0801d4cc                SAI2_IRQHandler
                0x0801d4cc                USART6_IRQHandler
                0x0801d4cc                USART3_IRQHandler
                0x0801d4cc                CAN1_RX1_IRQHandler
                0x0801d4cc                UART5_IRQHandler
                0x0801d4cc                DMA2_Stream0_IRQHandler
                0x0801d4cc                TIM4_IRQHandler
                0x0801d4cc                QUADSPI_IRQHandler
                0x0801d4cc                I2C1_EV_IRQHandler
                0x0801d4cc                DMA1_Stream6_IRQHandler
                0x0801d4cc                DMA1_Stream1_IRQHandler
                0x0801d4cc                UART4_IRQHandler
                0x0801d4cc                TIM3_IRQHandler
                0x0801d4cc                RCC_IRQHandler
                0x0801d4cc                TIM8_BRK_TIM12_IRQHandler
                0x0801d4cc                Default_Handler
                0x0801d4cc                CEC_IRQHandler
                0x0801d4cc                EXTI15_10_IRQHandler
                0x0801d4cc                ADC_IRQHandler
                0x0801d4cc                DMA1_Stream7_IRQHandler
                0x0801d4cc                SPI5_IRQHandler
                0x0801d4cc                TIM7_IRQHandler
                0x0801d4cc                SDMMC1_IRQHandler
                0x0801d4cc                CAN2_TX_IRQHandler
                0x0801d4cc                TIM5_IRQHandler
                0x0801d4cc                DMA2_Stream7_IRQHandler
                0x0801d4cc                I2C3_EV_IRQHandler
                0x0801d4cc                EXTI9_5_IRQHandler
                0x0801d4cc                RTC_WKUP_IRQHandler
                0x0801d4cc                LTDC_IRQHandler
                0x0801d4cc                ETH_WKUP_IRQHandler
                0x0801d4cc                SPDIF_RX_IRQHandler
                0x0801d4cc                SPI2_IRQHandler
                0x0801d4cc                OTG_HS_EP1_IN_IRQHandler
                0x0801d4cc                MemManage_Handler
                0x0801d4cc                DMA1_Stream0_IRQHandler
                0x0801d4cc                CAN1_TX_IRQHandler
                0x0801d4cc                EXTI4_IRQHandler
                0x0801d4cc                RNG_IRQHandler
                0x0801d4cc                ETH_IRQHandler
                0x0801d4cc                OTG_HS_EP1_OUT_IRQHandler
                0x0801d4cc                WWDG_IRQHandler
                0x0801d4cc                SPI6_IRQHandler
                0x0801d4cc                I2C4_EV_IRQHandler
                0x0801d4cc                TIM2_IRQHandler
                0x0801d4cc                OTG_FS_WKUP_IRQHandler
                0x0801d4cc                TIM1_TRG_COM_TIM11_IRQHandler
                0x0801d4cc                OTG_HS_IRQHandler
                0x0801d4cc                DMA2D_IRQHandler
                0x0801d4cc                EXTI1_IRQHandler
                0x0801d4cc                UART7_IRQHandler
                0x0801d4cc                USART2_IRQHandler
                0x0801d4cc                I2C2_ER_IRQHandler
                0x0801d4cc                DMA2_Stream1_IRQHandler
                0x0801d4cc                CAN1_SCE_IRQHandler
                0x0801d4cc                FLASH_IRQHandler
                0x0801d4cc                DMA2_Stream4_IRQHandler
                0x0801d4cc                USART1_IRQHandler
                0x0801d4cc                OTG_FS_IRQHandler
                0x0801d4cc                SPI3_IRQHandler
                0x0801d4cc                DMA1_Stream4_IRQHandler
                0x0801d4cc                I2C1_ER_IRQHandler
                0x0801d4cc                FMC_IRQHandler
                0x0801d4cc                LPTIM1_IRQHandler
                0x0801d4cc                I2C4_ER_IRQHandler
                0x0801d4cc                DMA2_Stream6_IRQHandler
                0x0801d4cc                SAI1_IRQHandler
                0x0801d4cc                DMA1_Stream3_IRQHandler
 *fill*         0x0801d4ce        0x2 
 .text.SetSysClock_PLL_HSE
                0x0801d4d0       0x88 C:\llilum\Zelig\mbed/TARGET_DISCO_F746NG/TOOLCHAIN_GCC_ARM/system_stm32f7xx.o
                0x0801d4d0                SetSysClock_PLL_HSE
 .text.SetSysClock_PLL_HSI
                0x0801d558      0x100 C:\llilum\Zelig\mbed/TARGET_DISCO_F746NG/TOOLCHAIN_GCC_ARM/system_stm32f7xx.o
                0x0801d558                SetSysClock_PLL_HSI
 .text.SetSysClock
                0x0801d658       0x18 C:\llilum\Zelig\mbed/TARGET_DISCO_F746NG/TOOLCHAIN_GCC_ARM/system_stm32f7xx.o
                0x0801d658                SetSysClock
 .text.SystemInit
                0x0801d670       0xe0 C:\llilum\Zelig\mbed/TARGET_DISCO_F746NG/TOOLCHAIN_GCC_ARM/system_stm32f7xx.o
                0x0801d670                SystemInit
 .text.mbed_die
                0x0801d750       0x14 C:\llilum\Zelig\mbed/TARGET_DISCO_F746NG/TOOLCHAIN_GCC_ARM/board.o
                0x0801d750                mbed_die
 .text.NVIC_SetVector
                0x0801d764       0x48 C:\llilum\Zelig\mbed/TARGET_DISCO_F746NG/TOOLCHAIN_GCC_ARM/cmsis_nvic.o
                0x0801d764                NVIC_SetVector
 .text._ZL11init_serialv
                0x0801d7ac       0x20 C:\llilum\Zelig\mbed/TARGET_DISCO_F746NG/TOOLCHAIN_GCC_ARM/retarget.o
 .text._close   0x0801d7cc       0x50 C:\llilum\Zelig\mbed/TARGET_DISCO_F746NG/TOOLCHAIN_GCC_ARM/retarget.o
                0x0801d7cc                _close
 .text._write   0x0801d81c       0x88 C:\llilum\Zelig\mbed/TARGET_DISCO_F746NG/TOOLCHAIN_GCC_ARM/retarget.o
                0x0801d81c                _write
 .text._read    0x0801d8a4       0x74 C:\llilum\Zelig\mbed/TARGET_DISCO_F746NG/TOOLCHAIN_GCC_ARM/retarget.o
                0x0801d8a4                _read
 .text._isatty  0x0801d918       0x44 C:\llilum\Zelig\mbed/TARGET_DISCO_F746NG/TOOLCHAIN_GCC_ARM/retarget.o
                0x0801d918                _isatty
 .text._lseek   0x0801d95c       0x4c C:\llilum\Zelig\mbed/TARGET_DISCO_F746NG/TOOLCHAIN_GCC_ARM/retarget.o
                0x0801d95c                _lseek
 .text._fstat   0x0801d9a8       0x3c C:\llilum\Zelig\mbed/TARGET_DISCO_F746NG/TOOLCHAIN_GCC_ARM/retarget.o
                0x0801d9a8                _fstat
 .text.mbed_main
                0x0801d9e4        0x4 C:\llilum\Zelig\mbed/TARGET_DISCO_F746NG/TOOLCHAIN_GCC_ARM/retarget.o
                0x0801d9e4                mbed_main
 .text.mbed_sdk_init
                0x0801d9e8        0x4 C:\llilum\Zelig\mbed/TARGET_DISCO_F746NG/TOOLCHAIN_GCC_ARM/retarget.o
                0x0801d9e8                mbed_sdk_init
 .text.__wrap_main
                0x0801d9ec       0x14 C:\llilum\Zelig\mbed/TARGET_DISCO_F746NG/TOOLCHAIN_GCC_ARM/retarget.o
                0x0801d9ec                __wrap_main
 .text._sbrk    0x0801da00       0x58 C:\llilum\Zelig\mbed/TARGET_DISCO_F746NG/TOOLCHAIN_GCC_ARM/retarget.o
                0x0801da00                _sbrk
 .text._exit    0x0801da58       0x30 C:\llilum\Zelig\mbed/TARGET_DISCO_F746NG/TOOLCHAIN_GCC_ARM/retarget.o
                0x0801da58                _exit
 .text.HAL_RCC_OscConfig
                0x0801da88      0x428 C:\llilum\Zelig\mbed/TARGET_DISCO_F746NG/TOOLCHAIN_GCC_ARM/stm32f7xx_hal_rcc.o
                0x0801da88                HAL_RCC_OscConfig
 .text.HAL_RCC_ClockConfig
                0x0801deb0      0x1bc C:\llilum\Zelig\mbed/TARGET_DISCO_F746NG/TOOLCHAIN_GCC_ARM/stm32f7xx_hal_rcc.o
                0x0801deb0                HAL_RCC_ClockConfig
 .text.HAL_RCC_GetSysClockFreq
                0x0801e06c       0x9c C:\llilum\Zelig\mbed/TARGET_DISCO_F746NG/TOOLCHAIN_GCC_ARM/stm32f7xx_hal_rcc.o
                0x0801e06c                HAL_RCC_GetSysClockFreq
 .text.HAL_RCC_GetHCLKFreq
                0x0801e108       0x38 C:\llilum\Zelig\mbed/TARGET_DISCO_F746NG/TOOLCHAIN_GCC_ARM/stm32f7xx_hal_rcc.o
                0x0801e108                HAL_RCC_GetHCLKFreq
 .text.HAL_RCC_GetPCLK1Freq
                0x0801e140       0x30 C:\llilum\Zelig\mbed/TARGET_DISCO_F746NG/TOOLCHAIN_GCC_ARM/stm32f7xx_hal_rcc.o
                0x0801e140                HAL_RCC_GetPCLK1Freq
 .text.HAL_RCC_GetPCLK2Freq
                0x0801e170       0x30 C:\llilum\Zelig\mbed/TARGET_DISCO_F746NG/TOOLCHAIN_GCC_ARM/stm32f7xx_hal_rcc.o
                0x0801e170                HAL_RCC_GetPCLK2Freq
 .text.HAL_RCC_GetClockConfig
                0x0801e1a0       0x44 C:\llilum\Zelig\mbed/TARGET_DISCO_F746NG/TOOLCHAIN_GCC_ARM/stm32f7xx_hal_rcc.o
                0x0801e1a0                HAL_RCC_GetClockConfig
 .text.HAL_PWREx_EnableOverDrive
                0x0801e1e4       0x78 C:\llilum\Zelig\mbed/TARGET_DISCO_F746NG/TOOLCHAIN_GCC_ARM/stm32f7xx_hal_pwr_ex.o
                0x0801e1e4                HAL_PWREx_EnableOverDrive
 .text.HAL_MspInit
                0x0801e25c        0x4 C:\llilum\Zelig\mbed/TARGET_DISCO_F746NG/TOOLCHAIN_GCC_ARM/stm32f7xx_hal.o
                0x0801e25c                HAL_MspInit
 .text.HAL_Init
                0x0801e260       0x24 C:\llilum\Zelig\mbed/TARGET_DISCO_F746NG/TOOLCHAIN_GCC_ARM/stm32f7xx_hal.o
                0x0801e260                HAL_Init
 .text.HAL_IncTick
                0x0801e284       0x10 C:\llilum\Zelig\mbed/TARGET_DISCO_F746NG/TOOLCHAIN_GCC_ARM/stm32f7xx_hal.o
                0x0801e284                HAL_IncTick
 .text.HAL_GetTick
                0x0801e294        0xc C:\llilum\Zelig\mbed/TARGET_DISCO_F746NG/TOOLCHAIN_GCC_ARM/stm32f7xx_hal.o
                0x0801e294                HAL_GetTick
 .text.HAL_NVIC_SetPriorityGrouping
                0x0801e2a0       0x28 C:\llilum\Zelig\mbed/TARGET_DISCO_F746NG/TOOLCHAIN_GCC_ARM/stm32f7xx_hal_cortex.o
                0x0801e2a0                HAL_NVIC_SetPriorityGrouping
 .text.HAL_GPIO_Init
                0x0801e2c8      0x254 C:\llilum\Zelig\mbed/TARGET_DISCO_F746NG/TOOLCHAIN_GCC_ARM/stm32f7xx_hal_gpio.o
                0x0801e2c8                HAL_GPIO_Init
 .text.HAL_UART_MspInit
                0x0801e51c        0x4 C:\llilum\Zelig\mbed/TARGET_DISCO_F746NG/TOOLCHAIN_GCC_ARM/stm32f7xx_hal_uart.o
                0x0801e51c                HAL_UART_MspInit
 .text.UART_WaitOnFlagUntilTimeout
                0x0801e520       0x90 C:\llilum\Zelig\mbed/TARGET_DISCO_F746NG/TOOLCHAIN_GCC_ARM/stm32f7xx_hal_uart.o
                0x0801e520                UART_WaitOnFlagUntilTimeout
 .text.UART_SetConfig
                0x0801e5b0      0x2d0 C:\llilum\Zelig\mbed/TARGET_DISCO_F746NG/TOOLCHAIN_GCC_ARM/stm32f7xx_hal_uart.o
                0x0801e5b0                UART_SetConfig
 .text.UART_AdvFeatureConfig
                0x0801e880       0xb0 C:\llilum\Zelig\mbed/TARGET_DISCO_F746NG/TOOLCHAIN_GCC_ARM/stm32f7xx_hal_uart.o
                0x0801e880                UART_AdvFeatureConfig
 .text.UART_CheckIdleState
                0x0801e930       0x54 C:\llilum\Zelig\mbed/TARGET_DISCO_F746NG/TOOLCHAIN_GCC_ARM/stm32f7xx_hal_uart.o
                0x0801e930                UART_CheckIdleState
 .text.HAL_UART_Init
                0x0801e984       0x6c C:\llilum\Zelig\mbed/TARGET_DISCO_F746NG/TOOLCHAIN_GCC_ARM/stm32f7xx_hal_uart.o
                0x0801e984                HAL_UART_Init
 .text.HAL_SPI_MspInit
                0x0801e9f0        0x4 C:\llilum\Zelig\mbed/TARGET_DISCO_F746NG/TOOLCHAIN_GCC_ARM/stm32f7xx_hal_spi.o
                0x0801e9f0                HAL_SPI_MspInit
 .text.HAL_SPI_Init
                0x0801e9f4       0xdc C:\llilum\Zelig\mbed/TARGET_DISCO_F746NG/TOOLCHAIN_GCC_ARM/stm32f7xx_hal_spi.o
                0x0801e9f4                HAL_SPI_Init
 .text.timer_irq_handler
                0x0801ead0       0x50 C:\llilum\Zelig\mbed/TARGET_DISCO_F746NG/TOOLCHAIN_GCC_ARM/hal_tick.o
                0x0801ead0                timer_irq_handler
 .text.HAL_InitTick
                0x0801eb20       0xc8 C:\llilum\Zelig\mbed/TARGET_DISCO_F746NG/TOOLCHAIN_GCC_ARM/hal_tick.o
                0x0801eb20                HAL_InitTick
 .text.HAL_TIM_OC_MspInit
                0x0801ebe8        0x4 C:\llilum\Zelig\mbed/TARGET_DISCO_F746NG/TOOLCHAIN_GCC_ARM/stm32f7xx_hal_tim.o
                0x0801ebe8                HAL_TIM_OC_MspInit
 .text.HAL_TIM_OC_Start
                0x0801ebec       0x48 C:\llilum\Zelig\mbed/TARGET_DISCO_F746NG/TOOLCHAIN_GCC_ARM/stm32f7xx_hal_tim.o
                0x0801ebec                HAL_TIM_OC_Start
 .text.TIM_Base_SetConfig
                0x0801ec34      0x110 C:\llilum\Zelig\mbed/TARGET_DISCO_F746NG/TOOLCHAIN_GCC_ARM/stm32f7xx_hal_tim.o
                0x0801ec34                TIM_Base_SetConfig
 .text.HAL_TIM_OC_Init
                0x0801ed44       0x38 C:\llilum\Zelig\mbed/TARGET_DISCO_F746NG/TOOLCHAIN_GCC_ARM/stm32f7xx_hal_tim.o
                0x0801ed44                HAL_TIM_OC_Init
 .text.gpio_set
                0x0801ed7c       0x48 C:\llilum\Zelig\mbed/TARGET_DISCO_F746NG/TOOLCHAIN_GCC_ARM\libmbed.a(gpio_api.o)
                0x0801ed7c                gpio_set
 .text.gpio_init
                0x0801edc4       0x64 C:\llilum\Zelig\mbed/TARGET_DISCO_F746NG/TOOLCHAIN_GCC_ARM\libmbed.a(gpio_api.o)
                0x0801edc4                gpio_init
 .text.gpio_mode
                0x0801ee28       0x24 C:\llilum\Zelig\mbed/TARGET_DISCO_F746NG/TOOLCHAIN_GCC_ARM\libmbed.a(gpio_api.o)
                0x0801ee28                gpio_mode
 .text.gpio_dir
                0x0801ee4c       0x58 C:\llilum\Zelig\mbed/TARGET_DISCO_F746NG/TOOLCHAIN_GCC_ARM\libmbed.a(gpio_api.o)
                0x0801ee4c                gpio_dir
 .text.Set_GPIO_Clock
                0x0801eea4      0x1d4 C:\llilum\Zelig\mbed/TARGET_DISCO_F746NG/TOOLCHAIN_GCC_ARM\libmbed.a(pinmap.o)
                0x0801eea4                Set_GPIO_Clock
 .text.pin_function
                0x0801f078       0x9c C:\llilum\Zelig\mbed/TARGET_DISCO_F746NG/TOOLCHAIN_GCC_ARM\libmbed.a(pinmap.o)
                0x0801f078                pin_function
 .text.pin_mode
                0x0801f114       0x90 C:\llilum\Zelig\mbed/TARGET_DISCO_F746NG/TOOLCHAIN_GCC_ARM\libmbed.a(pinmap.o)
                0x0801f114                pin_mode
 .text.init_uart
                0x0801f1a4       0x84 C:\llilum\Zelig\mbed/TARGET_DISCO_F746NG/TOOLCHAIN_GCC_ARM\libmbed.a(serial_api.o)
 .text.serial_init
                0x0801f228      0x268 C:\llilum\Zelig\mbed/TARGET_DISCO_F746NG/TOOLCHAIN_GCC_ARM\libmbed.a(serial_api.o)
                0x0801f228                serial_init
 .text.serial_getc
                0x0801f490       0x2c C:\llilum\Zelig\mbed/TARGET_DISCO_F746NG/TOOLCHAIN_GCC_ARM\libmbed.a(serial_api.o)
                0x0801f490                serial_getc
 .text.serial_putc
                0x0801f4bc       0x2c C:\llilum\Zelig\mbed/TARGET_DISCO_F746NG/TOOLCHAIN_GCC_ARM\libmbed.a(serial_api.o)
                0x0801f4bc                serial_putc
 .text.serial_readable
                0x0801f4e8       0x30 C:\llilum\Zelig\mbed/TARGET_DISCO_F746NG/TOOLCHAIN_GCC_ARM\libmbed.a(serial_api.o)
                0x0801f4e8                serial_readable
 .text.serial_writable
                0x0801f518       0x30 C:\llilum\Zelig\mbed/TARGET_DISCO_F746NG/TOOLCHAIN_GCC_ARM\libmbed.a(serial_api.o)
                0x0801f518                serial_writable
 .text.init_spi
                0x0801f548       0xa0 C:\llilum\Zelig\mbed/TARGET_DISCO_F746NG/TOOLCHAIN_GCC_ARM\libmbed.a(spi_api.o)
 .text.spi_init
                0x0801f5e8      0x180 C:\llilum\Zelig\mbed/TARGET_DISCO_F746NG/TOOLCHAIN_GCC_ARM\libmbed.a(spi_api.o)
                0x0801f5e8                spi_init
 .text.spi_format
                0x0801f768       0xa4 C:\llilum\Zelig\mbed/TARGET_DISCO_F746NG/TOOLCHAIN_GCC_ARM\libmbed.a(spi_api.o)
                0x0801f768                spi_format
 .text.spi_frequency
                0x0801f80c      0x1a8 C:\llilum\Zelig\mbed/TARGET_DISCO_F746NG/TOOLCHAIN_GCC_ARM\libmbed.a(spi_api.o)
                0x0801f80c                spi_frequency
 .text.us_ticker_init
                0x0801f9b4       0x2c C:\llilum\Zelig\mbed/TARGET_DISCO_F746NG/TOOLCHAIN_GCC_ARM\libmbed.a(us_ticker.o)
                0x0801f9b4                us_ticker_init
 .text.us_ticker_read
                0x0801f9e0       0x20 C:\llilum\Zelig\mbed/TARGET_DISCO_F746NG/TOOLCHAIN_GCC_ARM\libmbed.a(us_ticker.o)
                0x0801f9e0                us_ticker_read
 .text.us_ticker_set_interrupt
                0x0801fa00       0x24 C:\llilum\Zelig\mbed/TARGET_DISCO_F746NG/TOOLCHAIN_GCC_ARM\libmbed.a(us_ticker.o)
                0x0801fa00                us_ticker_set_interrupt
 .text.us_ticker_disable_interrupt
                0x0801fa24       0x18 C:\llilum\Zelig\mbed/TARGET_DISCO_F746NG/TOOLCHAIN_GCC_ARM\libmbed.a(us_ticker.o)
                0x0801fa24                us_ticker_disable_interrupt
 .text.us_ticker_clear_interrupt
                0x0801fa3c       0x10 C:\llilum\Zelig\mbed/TARGET_DISCO_F746NG/TOOLCHAIN_GCC_ARM\libmbed.a(us_ticker.o)
                0x0801fa3c                us_ticker_clear_interrupt
 .text.mbed_assert_internal
                0x0801fa4c       0x18 C:\llilum\Zelig\mbed/TARGET_DISCO_F746NG/TOOLCHAIN_GCC_ARM\libmbed.a(assert.o)
                0x0801fa4c                mbed_assert_internal
 .text.error    0x0801fa64       0x24 C:\llilum\Zelig\mbed/TARGET_DISCO_F746NG/TOOLCHAIN_GCC_ARM\libmbed.a(error.o)
                0x0801fa64                error
 .text._gpio_init_in
                0x0801fa88       0x44 C:\llilum\Zelig\mbed/TARGET_DISCO_F746NG/TOOLCHAIN_GCC_ARM\libmbed.a(gpio.o)
 .text.gpio_init_in
                0x0801facc       0x20 C:\llilum\Zelig\mbed/TARGET_DISCO_F746NG/TOOLCHAIN_GCC_ARM\libmbed.a(gpio.o)
                0x0801facc                gpio_init_in
 .text.gpio_init_in_ex
                0x0801faec       0x2c C:\llilum\Zelig\mbed/TARGET_DISCO_F746NG/TOOLCHAIN_GCC_ARM\libmbed.a(gpio.o)
                0x0801faec                gpio_init_in_ex
 .text.pinmap_pinout
                0x0801fb18       0x68 C:\llilum\Zelig\mbed/TARGET_DISCO_F746NG/TOOLCHAIN_GCC_ARM\libmbed.a(pinmap_common.o)
                0x0801fb18                pinmap_pinout
 .text.pinmap_merge
                0x0801fb80       0x44 C:\llilum\Zelig\mbed/TARGET_DISCO_F746NG/TOOLCHAIN_GCC_ARM\libmbed.a(pinmap_common.o)
                0x0801fb80                pinmap_merge
 .text.pinmap_find_peripheral
                0x0801fbc4       0x3c C:\llilum\Zelig\mbed/TARGET_DISCO_F746NG/TOOLCHAIN_GCC_ARM\libmbed.a(pinmap_common.o)
                0x0801fbc4                pinmap_find_peripheral
 .text.pinmap_peripheral
                0x0801fc00       0x4c C:\llilum\Zelig\mbed/TARGET_DISCO_F746NG/TOOLCHAIN_GCC_ARM\libmbed.a(pinmap_common.o)
                0x0801fc00                pinmap_peripheral
 .text.ticker_set_handler
                0x0801fc4c       0x20 C:\llilum\Zelig\mbed/TARGET_DISCO_F746NG/TOOLCHAIN_GCC_ARM\libmbed.a(ticker_api.o)
                0x0801fc4c                ticker_set_handler
 .text.ticker_irq_handler
                0x0801fc6c       0x88 C:\llilum\Zelig\mbed/TARGET_DISCO_F746NG/TOOLCHAIN_GCC_ARM\libmbed.a(ticker_api.o)
                0x0801fc6c                ticker_irq_handler
 .text.ticker_insert_event
                0x0801fcf4       0x74 C:\llilum\Zelig\mbed/TARGET_DISCO_F746NG/TOOLCHAIN_GCC_ARM\libmbed.a(ticker_api.o)
                0x0801fcf4                ticker_insert_event
 .text.ticker_remove_event
                0x0801fd68       0x7c C:\llilum\Zelig\mbed/TARGET_DISCO_F746NG/TOOLCHAIN_GCC_ARM\libmbed.a(ticker_api.o)
                0x0801fd68                ticker_remove_event
 .text.get_us_ticker_data
                0x0801fde4        0xc C:\llilum\Zelig\mbed/TARGET_DISCO_F746NG/TOOLCHAIN_GCC_ARM\libmbed.a(us_ticker_api.o)
                0x0801fde4                get_us_ticker_data
 .text.us_ticker_irq_handler
                0x0801fdf0       0x10 C:\llilum\Zelig\mbed/TARGET_DISCO_F746NG/TOOLCHAIN_GCC_ARM\libmbed.a(us_ticker_api.o)
                0x0801fdf0                us_ticker_irq_handler
 .text.wait_ms  0x0801fe00       0x1c C:\llilum\Zelig\mbed/TARGET_DISCO_F746NG/TOOLCHAIN_GCC_ARM\libmbed.a(wait_api.o)
                0x0801fe00                wait_ms
 .text.wait_us  0x0801fe1c       0x24 C:\llilum\Zelig\mbed/TARGET_DISCO_F746NG/TOOLCHAIN_GCC_ARM\libmbed.a(wait_api.o)
                0x0801fe1c                wait_us
 .text.abort    0x0801fe40        0xe c:/gccarm/bin/../lib/gcc/arm-none-eabi/4.9.3/../../../../arm-none-eabi/lib/armv7e-m/softfp\libc_nano.a(lib_a-abort.o)
                0x0801fe40                abort
 .text.__aeabi_memclr
                0x0801fe4e        0x6 c:/gccarm/bin/../lib/gcc/arm-none-eabi/4.9.3/../../../../arm-none-eabi/lib/armv7e-m/softfp\libc_nano.a(lib_a-aeabi_memclr.o)
                0x0801fe4e                __aeabi_memclr
                0x0801fe4e                __aeabi_memclr4
                0x0801fe4e                __aeabi_memclr8
 .text.__aeabi_memcpy
                0x0801fe54        0x4 c:/gccarm/bin/../lib/gcc/arm-none-eabi/4.9.3/../../../../arm-none-eabi/lib/armv7e-m/softfp\libc_nano.a(lib_a-aeabi_memcpy.o)
                0x0801fe54                __aeabi_memcpy4
                0x0801fe54                __aeabi_memcpy8
                0x0801fe54                __aeabi_memcpy
 .text          0x0801fe58       0x3a c:/gccarm/bin/../lib/gcc/arm-none-eabi/4.9.3/../../../../arm-none-eabi/lib/armv7e-m/softfp\libc_nano.a(lib_a-aeabi_memmove-soft.o)
                0x0801fe58                __aeabi_memmove
                0x0801fe58                __aeabi_memmove4
                0x0801fe58                __aeabi_memmove8
 .text          0x0801fe92       0x9a c:/gccarm/bin/../lib/gcc/arm-none-eabi/4.9.3/../../../../arm-none-eabi/lib/armv7e-m/softfp\libc_nano.a(lib_a-aeabi_memset-soft.o)
                0x0801fe92                __aeabi_memset8
                0x0801fe92                __aeabi_memset4
                0x0801fe92                __aeabi_memset
 .text.calloc   0x0801ff2c       0x14 c:/gccarm/bin/../lib/gcc/arm-none-eabi/4.9.3/../../../../arm-none-eabi/lib/armv7e-m/softfp\libc_nano.a(lib_a-calloc.o)
                0x0801ff2c                calloc
 .text.__errno  0x0801ff40        0xc c:/gccarm/bin/../lib/gcc/arm-none-eabi/4.9.3/../../../../arm-none-eabi/lib/armv7e-m/softfp\libc_nano.a(lib_a-errno.o)
                0x0801ff40                __errno
 .text.exit     0x0801ff4c       0x28 c:/gccarm/bin/../lib/gcc/arm-none-eabi/4.9.3/../../../../arm-none-eabi/lib/armv7e-m/softfp\libc_nano.a(lib_a-exit.o)
                0x0801ff4c                exit
 .text.__sflush_r
                0x0801ff74      0x108 c:/gccarm/bin/../lib/gcc/arm-none-eabi/4.9.3/../../../../arm-none-eabi/lib/armv7e-m/softfp\libc_nano.a(lib_a-fflush.o)
                0x0801ff74                __sflush_r
 .text._fflush_r
                0x0802007c       0x54 c:/gccarm/bin/../lib/gcc/arm-none-eabi/4.9.3/../../../../arm-none-eabi/lib/armv7e-m/softfp\libc_nano.a(lib_a-fflush.o)
                0x0802007c                _fflush_r
 .text.fflush   0x080200d0       0x24 c:/gccarm/bin/../lib/gcc/arm-none-eabi/4.9.3/../../../../arm-none-eabi/lib/armv7e-m/softfp\libc_nano.a(lib_a-fflush.o)
                0x080200d0                fflush
 .text._cleanup_r
                0x080200f4        0xc c:/gccarm/bin/../lib/gcc/arm-none-eabi/4.9.3/../../../../arm-none-eabi/lib/armv7e-m/softfp\libc_nano.a(lib_a-findfp.o)
                0x080200f4                _cleanup_r
 .text.std.isra.0
                0x08020100       0x48 c:/gccarm/bin/../lib/gcc/arm-none-eabi/4.9.3/../../../../arm-none-eabi/lib/armv7e-m/softfp\libc_nano.a(lib_a-findfp.o)
 .text.__sfmoreglue
                0x08020148       0x2c c:/gccarm/bin/../lib/gcc/arm-none-eabi/4.9.3/../../../../arm-none-eabi/lib/armv7e-m/softfp\libc_nano.a(lib_a-findfp.o)
                0x08020148                __sfmoreglue
 .text.__sinit  0x08020174       0x60 c:/gccarm/bin/../lib/gcc/arm-none-eabi/4.9.3/../../../../arm-none-eabi/lib/armv7e-m/softfp\libc_nano.a(lib_a-findfp.o)
                0x08020174                __sinit
 .text.__sfp    0x080201d4       0x74 c:/gccarm/bin/../lib/gcc/arm-none-eabi/4.9.3/../../../../arm-none-eabi/lib/armv7e-m/softfp\libc_nano.a(lib_a-findfp.o)
                0x080201d4                __sfp
 .text._fwalk_reent
                0x08020248       0x3c c:/gccarm/bin/../lib/gcc/arm-none-eabi/4.9.3/../../../../arm-none-eabi/lib/armv7e-m/softfp\libc_nano.a(lib_a-fwalk.o)
                0x08020248                _fwalk_reent
 .text.__libc_init_array
                0x08020284       0x4c c:/gccarm/bin/../lib/gcc/arm-none-eabi/4.9.3/../../../../arm-none-eabi/lib/armv7e-m/softfp\libc_nano.a(lib_a-init.o)
                0x08020284                __libc_init_array
 .text.malloc   0x080202d0       0x10 c:/gccarm/bin/../lib/gcc/arm-none-eabi/4.9.3/../../../../arm-none-eabi/lib/armv7e-m/softfp\libc_nano.a(lib_a-malloc.o)
                0x080202d0                malloc
 .text.free     0x080202e0       0x10 c:/gccarm/bin/../lib/gcc/arm-none-eabi/4.9.3/../../../../arm-none-eabi/lib/armv7e-m/softfp\libc_nano.a(lib_a-malloc.o)
                0x080202e0                free
 .text.memchr   0x080202f0       0x1e c:/gccarm/bin/../lib/gcc/arm-none-eabi/4.9.3/../../../../arm-none-eabi/lib/armv7e-m/softfp\libc_nano.a(lib_a-memchr.o)
                0x080202f0                memchr
 .text.memcpy   0x0802030e       0x16 c:/gccarm/bin/../lib/gcc/arm-none-eabi/4.9.3/../../../../arm-none-eabi/lib/armv7e-m/softfp\libc_nano.a(lib_a-memcpy.o)
                0x0802030e                memcpy
 .text.memset   0x08020324       0x10 c:/gccarm/bin/../lib/gcc/arm-none-eabi/4.9.3/../../../../arm-none-eabi/lib/armv7e-m/softfp\libc_nano.a(lib_a-memset.o)
                0x08020324                memset
 .text._calloc_r
                0x08020334       0x1c c:/gccarm/bin/../lib/gcc/arm-none-eabi/4.9.3/../../../../arm-none-eabi/lib/armv7e-m/softfp\libc_nano.a(lib_a-nano-callocr.o)
                0x08020334                _calloc_r
 .text._free_r  0x08020350       0x88 c:/gccarm/bin/../lib/gcc/arm-none-eabi/4.9.3/../../../../arm-none-eabi/lib/armv7e-m/softfp\libc_nano.a(lib_a-nano-freer.o)
                0x08020350                _free_r
 .text._malloc_r
                0x080203d8       0xac c:/gccarm/bin/../lib/gcc/arm-none-eabi/4.9.3/../../../../arm-none-eabi/lib/armv7e-m/softfp\libc_nano.a(lib_a-nano-mallocr.o)
                0x080203d8                _malloc_r
 .text.__sfputc_r
                0x08020484       0x2c c:/gccarm/bin/../lib/gcc/arm-none-eabi/4.9.3/../../../../arm-none-eabi/lib/armv7e-m/softfp\libc_nano.a(lib_a-nano-vfprintf.o)
 .text.__sfputs_r
                0x080204b0       0x24 c:/gccarm/bin/../lib/gcc/arm-none-eabi/4.9.3/../../../../arm-none-eabi/lib/armv7e-m/softfp\libc_nano.a(lib_a-nano-vfprintf.o)
                0x080204b0                __sfputs_r
 .text._vfprintf_r
                0x080204d4      0x210 c:/gccarm/bin/../lib/gcc/arm-none-eabi/4.9.3/../../../../arm-none-eabi/lib/armv7e-m/softfp\libc_nano.a(lib_a-nano-vfprintf.o)
                0x080204d4                _vfprintf_r
                0x080204d4                _vfiprintf_r
 .text.vfprintf
                0x080206e4       0x1c c:/gccarm/bin/../lib/gcc/arm-none-eabi/4.9.3/../../../../arm-none-eabi/lib/armv7e-m/softfp\libc_nano.a(lib_a-nano-vfprintf.o)
                0x080206e4                vfprintf
                0x080206e4                vfiprintf
 .text.__cvt    0x08020700       0xc0 c:/gccarm/bin/../lib/gcc/arm-none-eabi/4.9.3/../../../../arm-none-eabi/lib/armv7e-m/softfp\libc_nano.a(lib_a-nano-vfprintf_float.o)
                0x08020700                __cvt
 .text.__exponent
                0x080207c0       0x60 c:/gccarm/bin/../lib/gcc/arm-none-eabi/4.9.3/../../../../arm-none-eabi/lib/armv7e-m/softfp\libc_nano.a(lib_a-nano-vfprintf_float.o)
                0x080207c0                __exponent
 .text._printf_float
                0x08020820      0x48c c:/gccarm/bin/../lib/gcc/arm-none-eabi/4.9.3/../../../../arm-none-eabi/lib/armv7e-m/softfp\libc_nano.a(lib_a-nano-vfprintf_float.o)
                0x08020820                _printf_float
 .text._printf_common
                0x08020cac       0xea c:/gccarm/bin/../lib/gcc/arm-none-eabi/4.9.3/../../../../arm-none-eabi/lib/armv7e-m/softfp\libc_nano.a(lib_a-nano-vfprintf_i.o)
                0x08020cac                _printf_common
 *fill*         0x08020d96        0x2 
 .text._printf_i
                0x08020d98      0x240 c:/gccarm/bin/../lib/gcc/arm-none-eabi/4.9.3/../../../../arm-none-eabi/lib/armv7e-m/softfp\libc_nano.a(lib_a-nano-vfprintf_i.o)
                0x08020d98                _printf_i
 .text._scanf_float
                0x08020fd8      0x3cc c:/gccarm/bin/../lib/gcc/arm-none-eabi/4.9.3/../../../../arm-none-eabi/lib/armv7e-m/softfp\libc_nano.a(lib_a-nano-vfscanf_float.o)
                0x08020fd8                _scanf_float
 .text.__fpclassifyd
                0x080213a4       0x54 c:/gccarm/bin/../lib/gcc/arm-none-eabi/4.9.3/../../../../arm-none-eabi/lib/armv7e-m/softfp\libc_nano.a(lib_a-s_fpclassify.o)
                0x080213a4                __fpclassifyd
 .text._sbrk_r  0x080213f8       0x20 c:/gccarm/bin/../lib/gcc/arm-none-eabi/4.9.3/../../../../arm-none-eabi/lib/armv7e-m/softfp\libc_nano.a(lib_a-sbrkr.o)
                0x080213f8                _sbrk_r
 .text.nanf     0x08021418        0x8 c:/gccarm/bin/../lib/gcc/arm-none-eabi/4.9.3/../../../../arm-none-eabi/lib/armv7e-m/softfp\libc_nano.a(lib_a-sf_nan.o)
                0x08021418                nanf
 .text._raise_r
                0x08021420       0x50 c:/gccarm/bin/../lib/gcc/arm-none-eabi/4.9.3/../../../../arm-none-eabi/lib/armv7e-m/softfp\libc_nano.a(lib_a-signal.o)
                0x08021420                _raise_r
 .text.raise    0x08021470       0x10 c:/gccarm/bin/../lib/gcc/arm-none-eabi/4.9.3/../../../../arm-none-eabi/lib/armv7e-m/softfp\libc_nano.a(lib_a-signal.o)
                0x08021470                raise
 .text._kill_r  0x08021480       0x24 c:/gccarm/bin/../lib/gcc/arm-none-eabi/4.9.3/../../../../arm-none-eabi/lib/armv7e-m/softfp\libc_nano.a(lib_a-signalr.o)
                0x08021480                _kill_r
 .text._getpid_r
                0x080214a4        0x4 c:/gccarm/bin/../lib/gcc/arm-none-eabi/4.9.3/../../../../arm-none-eabi/lib/armv7e-m/softfp\libc_nano.a(lib_a-signalr.o)
                0x080214a4                _getpid_r
 .text.snprintf
                0x080214a8       0x64 c:/gccarm/bin/../lib/gcc/arm-none-eabi/4.9.3/../../../../arm-none-eabi/lib/armv7e-m/softfp\libc_nano.a(lib_a-snprintf.o)
                0x080214a8                sniprintf
                0x080214a8                snprintf
 .text.sprintf  0x0802150c       0x48 c:/gccarm/bin/../lib/gcc/arm-none-eabi/4.9.3/../../../../arm-none-eabi/lib/armv7e-m/softfp\libc_nano.a(lib_a-sprintf.o)
                0x0802150c                siprintf
                0x0802150c                sprintf
 .text.__sread  0x08021554       0x22 c:/gccarm/bin/../lib/gcc/arm-none-eabi/4.9.3/../../../../arm-none-eabi/lib/armv7e-m/softfp\libc_nano.a(lib_a-stdio.o)
                0x08021554                __sread
 .text.__swrite
                0x08021576       0x38 c:/gccarm/bin/../lib/gcc/arm-none-eabi/4.9.3/../../../../arm-none-eabi/lib/armv7e-m/softfp\libc_nano.a(lib_a-stdio.o)
                0x08021576                __swrite
 .text.__sseek  0x080215ae       0x24 c:/gccarm/bin/../lib/gcc/arm-none-eabi/4.9.3/../../../../arm-none-eabi/lib/armv7e-m/softfp\libc_nano.a(lib_a-stdio.o)
                0x080215ae                __sseek
 .text.__sclose
                0x080215d2        0x8 c:/gccarm/bin/../lib/gcc/arm-none-eabi/4.9.3/../../../../arm-none-eabi/lib/armv7e-m/softfp\libc_nano.a(lib_a-stdio.o)
                0x080215d2                __sclose
 .text.strlen   0x080215da       0x10 c:/gccarm/bin/../lib/gcc/arm-none-eabi/4.9.3/../../../../arm-none-eabi/lib/armv7e-m/softfp\libc_nano.a(lib_a-strlen.o)
                0x080215da                strlen
 .text.strncmp  0x080215ea       0x34 c:/gccarm/bin/../lib/gcc/arm-none-eabi/4.9.3/../../../../arm-none-eabi/lib/armv7e-m/softfp\libc_nano.a(lib_a-strncmp.o)
                0x080215ea                strncmp
 .text.match    0x0802161e       0x26 c:/gccarm/bin/../lib/gcc/arm-none-eabi/4.9.3/../../../../arm-none-eabi/lib/armv7e-m/softfp\libc_nano.a(lib_a-strtod.o)
 .text.sulp     0x08021644       0x42 c:/gccarm/bin/../lib/gcc/arm-none-eabi/4.9.3/../../../../arm-none-eabi/lib/armv7e-m/softfp\libc_nano.a(lib_a-strtod.o)
 *fill*         0x08021686        0x2 
 .text._strtod_r
                0x08021688      0xc24 c:/gccarm/bin/../lib/gcc/arm-none-eabi/4.9.3/../../../../arm-none-eabi/lib/armv7e-m/softfp\libc_nano.a(lib_a-strtod.o)
                0x08021688                _strtod_r
 .text._strtol_r
                0x080222ac      0x10c c:/gccarm/bin/../lib/gcc/arm-none-eabi/4.9.3/../../../../arm-none-eabi/lib/armv7e-m/softfp\libc_nano.a(lib_a-strtol.o)
                0x080222ac                _strtol_r
 .text.__swbuf_r
                0x080223b8       0xa8 c:/gccarm/bin/../lib/gcc/arm-none-eabi/4.9.3/../../../../arm-none-eabi/lib/armv7e-m/softfp\libc_nano.a(lib_a-wbuf.o)
                0x080223b8                __swbuf_r
 .text._write_r
                0x08022460       0x24 c:/gccarm/bin/../lib/gcc/arm-none-eabi/4.9.3/../../../../arm-none-eabi/lib/armv7e-m/softfp\libc_nano.a(lib_a-writer.o)
                0x08022460                _write_r
 .text.__swsetup_r
                0x08022484       0xd8 c:/gccarm/bin/../lib/gcc/arm-none-eabi/4.9.3/../../../../arm-none-eabi/lib/armv7e-m/softfp\libc_nano.a(lib_a-wsetup.o)
                0x08022484                __swsetup_r
 .text._close_r
                0x0802255c       0x20 c:/gccarm/bin/../lib/gcc/arm-none-eabi/4.9.3/../../../../arm-none-eabi/lib/armv7e-m/softfp\libc_nano.a(lib_a-closer.o)
                0x0802255c                _close_r
 .text.quorem   0x0802257c      0x11a c:/gccarm/bin/../lib/gcc/arm-none-eabi/4.9.3/../../../../arm-none-eabi/lib/armv7e-m/softfp\libc_nano.a(lib_a-dtoa.o)
 *fill*         0x08022696        0x2 
 .text._dtoa_r  0x08022698      0xb88 c:/gccarm/bin/../lib/gcc/arm-none-eabi/4.9.3/../../../../arm-none-eabi/lib/armv7e-m/softfp\libc_nano.a(lib_a-dtoa.o)
                0x08022698                _dtoa_r
 .text.rshift   0x08023220       0x6c c:/gccarm/bin/../lib/gcc/arm-none-eabi/4.9.3/../../../../arm-none-eabi/lib/armv7e-m/softfp\libc_nano.a(lib_a-gdtoa-gethex.o)
 .text.__hexdig_fun
                0x0802328c       0x2a c:/gccarm/bin/../lib/gcc/arm-none-eabi/4.9.3/../../../../arm-none-eabi/lib/armv7e-m/softfp\libc_nano.a(lib_a-gdtoa-gethex.o)
                0x0802328c                __hexdig_fun
 .text.__gethex
                0x080232b6      0x44a c:/gccarm/bin/../lib/gcc/arm-none-eabi/4.9.3/../../../../arm-none-eabi/lib/armv7e-m/softfp\libc_nano.a(lib_a-gdtoa-gethex.o)
                0x080232b6                __gethex
 .text.L_shift  0x08023700       0x24 c:/gccarm/bin/../lib/gcc/arm-none-eabi/4.9.3/../../../../arm-none-eabi/lib/armv7e-m/softfp\libc_nano.a(lib_a-gdtoa-hexnan.o)
 .text.__hexnan
                0x08023724      0x114 c:/gccarm/bin/../lib/gcc/arm-none-eabi/4.9.3/../../../../arm-none-eabi/lib/armv7e-m/softfp\libc_nano.a(lib_a-gdtoa-hexnan.o)
                0x08023724                __hexnan
 .text._localeconv_r
                0x08023838        0x8 c:/gccarm/bin/../lib/gcc/arm-none-eabi/4.9.3/../../../../arm-none-eabi/lib/armv7e-m/softfp\libc_nano.a(lib_a-locale.o)
                0x08023838                _localeconv_r
 .text._lseek_r
                0x08023840       0x24 c:/gccarm/bin/../lib/gcc/arm-none-eabi/4.9.3/../../../../arm-none-eabi/lib/armv7e-m/softfp\libc_nano.a(lib_a-lseekr.o)
                0x08023840                _lseek_r
 .text.__smakebuf_r
                0x08023864       0x9c c:/gccarm/bin/../lib/gcc/arm-none-eabi/4.9.3/../../../../arm-none-eabi/lib/armv7e-m/softfp\libc_nano.a(lib_a-makebuf.o)
                0x08023864                __smakebuf_r
 .text.memmove  0x08023900       0x36 c:/gccarm/bin/../lib/gcc/arm-none-eabi/4.9.3/../../../../arm-none-eabi/lib/armv7e-m/softfp\libc_nano.a(lib_a-memmove.o)
                0x08023900                memmove
 .text._Balloc  0x08023936       0x6a c:/gccarm/bin/../lib/gcc/arm-none-eabi/4.9.3/../../../../arm-none-eabi/lib/armv7e-m/softfp\libc_nano.a(lib_a-mprec.o)
                0x08023936                _Balloc
 .text._Bfree   0x080239a0       0x2e c:/gccarm/bin/../lib/gcc/arm-none-eabi/4.9.3/../../../../arm-none-eabi/lib/armv7e-m/softfp\libc_nano.a(lib_a-mprec.o)
                0x080239a0                _Bfree
 .text.__multadd
                0x080239ce       0x7c c:/gccarm/bin/../lib/gcc/arm-none-eabi/4.9.3/../../../../arm-none-eabi/lib/armv7e-m/softfp\libc_nano.a(lib_a-mprec.o)
                0x080239ce                __multadd
 .text.__s2b    0x08023a4a       0x80 c:/gccarm/bin/../lib/gcc/arm-none-eabi/4.9.3/../../../../arm-none-eabi/lib/armv7e-m/softfp\libc_nano.a(lib_a-mprec.o)
                0x08023a4a                __s2b
 .text.__hi0bits
                0x08023aca       0x40 c:/gccarm/bin/../lib/gcc/arm-none-eabi/4.9.3/../../../../arm-none-eabi/lib/armv7e-m/softfp\libc_nano.a(lib_a-mprec.o)
                0x08023aca                __hi0bits
 .text.__lo0bits
                0x08023b0a       0x5a c:/gccarm/bin/../lib/gcc/arm-none-eabi/4.9.3/../../../../arm-none-eabi/lib/armv7e-m/softfp\libc_nano.a(lib_a-mprec.o)
                0x08023b0a                __lo0bits
 .text.__i2b    0x08023b64       0x12 c:/gccarm/bin/../lib/gcc/arm-none-eabi/4.9.3/../../../../arm-none-eabi/lib/armv7e-m/softfp\libc_nano.a(lib_a-mprec.o)
                0x08023b64                __i2b
 .text.__multiply
                0x08023b76      0x122 c:/gccarm/bin/../lib/gcc/arm-none-eabi/4.9.3/../../../../arm-none-eabi/lib/armv7e-m/softfp\libc_nano.a(lib_a-mprec.o)
                0x08023b76                __multiply
 .text.__pow5mult
                0x08023c98       0x9c c:/gccarm/bin/../lib/gcc/arm-none-eabi/4.9.3/../../../../arm-none-eabi/lib/armv7e-m/softfp\libc_nano.a(lib_a-mprec.o)
                0x08023c98                __pow5mult
 .text.__lshift
                0x08023d34       0xa6 c:/gccarm/bin/../lib/gcc/arm-none-eabi/4.9.3/../../../../arm-none-eabi/lib/armv7e-m/softfp\libc_nano.a(lib_a-mprec.o)
                0x08023d34                __lshift
 .text.__mcmp   0x08023dda       0x38 c:/gccarm/bin/../lib/gcc/arm-none-eabi/4.9.3/../../../../arm-none-eabi/lib/armv7e-m/softfp\libc_nano.a(lib_a-mprec.o)
                0x08023dda                __mcmp
 .text.__mdiff  0x08023e12       0xbe c:/gccarm/bin/../lib/gcc/arm-none-eabi/4.9.3/../../../../arm-none-eabi/lib/armv7e-m/softfp\libc_nano.a(lib_a-mprec.o)
                0x08023e12                __mdiff
 .text.__ulp    0x08023ed0       0x48 c:/gccarm/bin/../lib/gcc/arm-none-eabi/4.9.3/../../../../arm-none-eabi/lib/armv7e-m/softfp\libc_nano.a(lib_a-mprec.o)
                0x08023ed0                __ulp
 .text.__b2d    0x08023f18       0x9e c:/gccarm/bin/../lib/gcc/arm-none-eabi/4.9.3/../../../../arm-none-eabi/lib/armv7e-m/softfp\libc_nano.a(lib_a-mprec.o)
                0x08023f18                __b2d
 .text.__d2b    0x08023fb6       0xa4 c:/gccarm/bin/../lib/gcc/arm-none-eabi/4.9.3/../../../../arm-none-eabi/lib/armv7e-m/softfp\libc_nano.a(lib_a-mprec.o)
                0x08023fb6                __d2b
 .text.__ratio  0x0802405a       0x52 c:/gccarm/bin/../lib/gcc/arm-none-eabi/4.9.3/../../../../arm-none-eabi/lib/armv7e-m/softfp\libc_nano.a(lib_a-mprec.o)
                0x0802405a                __ratio
 .text.__copybits
                0x080240ac       0x34 c:/gccarm/bin/../lib/gcc/arm-none-eabi/4.9.3/../../../../arm-none-eabi/lib/armv7e-m/softfp\libc_nano.a(lib_a-mprec.o)
                0x080240ac                __copybits
 .text.__any_on
                0x080240e0       0x44 c:/gccarm/bin/../lib/gcc/arm-none-eabi/4.9.3/../../../../arm-none-eabi/lib/armv7e-m/softfp\libc_nano.a(lib_a-mprec.o)
                0x080240e0                __any_on
 .text._realloc_r
                0x08024124       0x4c c:/gccarm/bin/../lib/gcc/arm-none-eabi/4.9.3/../../../../arm-none-eabi/lib/armv7e-m/softfp\libc_nano.a(lib_a-nano-reallocr.o)
                0x08024124                _realloc_r
 .text.__ssputs_r
                0x08024170       0xb2 c:/gccarm/bin/../lib/gcc/arm-none-eabi/4.9.3/../../../../arm-none-eabi/lib/armv7e-m/softfp\libc_nano.a(lib_a-nano-svfprintf.o)
                0x08024170                __ssputs_r
 *fill*         0x08024222        0x2 
 .text._svfprintf_r
                0x08024224      0x1e4 c:/gccarm/bin/../lib/gcc/arm-none-eabi/4.9.3/../../../../arm-none-eabi/lib/armv7e-m/softfp\libc_nano.a(lib_a-nano-svfprintf.o)
                0x08024224                _svfiprintf_r
                0x08024224                _svfprintf_r
 .text._read_r  0x08024408       0x24 c:/gccarm/bin/../lib/gcc/arm-none-eabi/4.9.3/../../../../arm-none-eabi/lib/armv7e-m/softfp\libc_nano.a(lib_a-readr.o)
                0x08024408                _read_r
 .text._fstat_r
                0x0802442c       0x24 c:/gccarm/bin/../lib/gcc/arm-none-eabi/4.9.3/../../../../arm-none-eabi/lib/armv7e-m/softfp\libc_nano.a(lib_a-fstatr.o)
                0x0802442c                _fstat_r
 .text._isatty_r
                0x08024450       0x20 c:/gccarm/bin/../lib/gcc/arm-none-eabi/4.9.3/../../../../arm-none-eabi/lib/armv7e-m/softfp\libc_nano.a(lib_a-isattyr.o)
                0x08024450                _isatty_r
 .text._malloc_usable_size_r
                0x08024470       0x14 c:/gccarm/bin/../lib/gcc/arm-none-eabi/4.9.3/../../../../arm-none-eabi/lib/armv7e-m/softfp\libc_nano.a(lib_a-nano-msizer.o)
                0x08024470                _malloc_usable_size_r
 .text          0x08024484      0x370 c:/gccarm/bin/../lib/gcc/arm-none-eabi/4.9.3/armv7e-m/softfp\libgcc.a(_arm_addsubdf3.o)
                0x08024484                __aeabi_drsub
                0x0802448c                __aeabi_dsub
                0x0802448c                __subdf3
                0x08024490                __aeabi_dadd
                0x08024490                __adddf3
                0x08024708                __floatunsidf
                0x08024708                __aeabi_ui2d
                0x08024728                __floatsidf
                0x08024728                __aeabi_i2d
                0x0802474c                __aeabi_f2d
                0x0802474c                __extendsfdf2
                0x08024788                __floatundidf
                0x08024788                __aeabi_ul2d
                0x08024798                __floatdidf
                0x08024798                __aeabi_l2d
 .text          0x080247f4      0x424 c:/gccarm/bin/../lib/gcc/arm-none-eabi/4.9.3/armv7e-m/softfp\libgcc.a(_arm_muldivdf3.o)
                0x080247f4                __aeabi_dmul
                0x080247f4                __muldf3
                0x08024a48                __divdf3
                0x08024a48                __aeabi_ddiv
 .text          0x08024c18      0x110 c:/gccarm/bin/../lib/gcc/arm-none-eabi/4.9.3/armv7e-m/softfp\libgcc.a(_arm_cmpdf2.o)
                0x08024c18                __gtdf2
                0x08024c18                __gedf2
                0x08024c20                __ltdf2
                0x08024c20                __ledf2
                0x08024c28                __nedf2
                0x08024c28                __eqdf2
                0x08024c28                __cmpdf2
                0x08024ca4                __aeabi_cdrcmple
                0x08024cb4                __aeabi_cdcmpeq
                0x08024cb4                __aeabi_cdcmple
                0x08024cc4                __aeabi_dcmpeq
                0x08024cd8                __aeabi_dcmplt
                0x08024cec                __aeabi_dcmple
                0x08024d00                __aeabi_dcmpge
                0x08024d14                __aeabi_dcmpgt
 .text          0x08024d28       0x50 c:/gccarm/bin/../lib/gcc/arm-none-eabi/4.9.3/armv7e-m/softfp\libgcc.a(_arm_fixdfsi.o)
                0x08024d28                __aeabi_d2iz
                0x08024d28                __fixdfsi
 .text          0x08024d78       0x40 c:/gccarm/bin/../lib/gcc/arm-none-eabi/4.9.3/armv7e-m/softfp\libgcc.a(_arm_fixunsdfsi.o)
                0x08024d78                __aeabi_d2uiz
                0x08024d78                __fixunsdfsi
 .text          0x08024db8       0xa0 c:/gccarm/bin/../lib/gcc/arm-none-eabi/4.9.3/armv7e-m/softfp\libgcc.a(_arm_truncdfsf2.o)
                0x08024db8                __truncdfsf2
                0x08024db8                __aeabi_d2f
 .text          0x08024e58      0x21c c:/gccarm/bin/../lib/gcc/arm-none-eabi/4.9.3/armv7e-m/softfp\libgcc.a(_arm_addsubsf3.o)
                0x08024e58                __aeabi_frsub
                0x08024e60                __subsf3
                0x08024e60                __aeabi_fsub
                0x08024e64                __aeabi_fadd
                0x08024e64                __addsf3
                0x08024fc4                __aeabi_ui2f
                0x08024fc4                __floatunsisf
                0x08024fcc                __aeabi_i2f
                0x08024fcc                __floatsisf
                0x08024fe8                __aeabi_ul2f
                0x08024fe8                __floatundisf
                0x08024ff8                __aeabi_l2f
                0x08024ff8                __floatdisf
 .text          0x08025074      0x2a0 c:/gccarm/bin/../lib/gcc/arm-none-eabi/4.9.3/armv7e-m/softfp\libgcc.a(_arm_muldivsf3.o)
                0x08025074                __mulsf3
                0x08025074                __aeabi_fmul
                0x080251dc                __aeabi_fdiv
                0x080251dc                __divsf3
 .text          0x08025314       0xec c:/gccarm/bin/../lib/gcc/arm-none-eabi/4.9.3/armv7e-m/softfp\libgcc.a(_arm_cmpsf2.o)
                0x08025314                __gesf2
                0x08025314                __gtsf2
                0x0802531c                __lesf2
                0x0802531c                __ltsf2
                0x08025324                __nesf2
                0x08025324                __eqsf2
                0x08025324                __cmpsf2
                0x08025384                __aeabi_cfrcmple
                0x0802538c                __aeabi_cfcmpeq
                0x0802538c                __aeabi_cfcmple
                0x0802539c                __aeabi_fcmpeq
                0x080253b0                __aeabi_fcmplt
                0x080253c4                __aeabi_fcmple
                0x080253d8                __aeabi_fcmpge
                0x080253ec                __aeabi_fcmpgt
 .text          0x08025400       0x2c c:/gccarm/bin/../lib/gcc/arm-none-eabi/4.9.3/armv7e-m/softfp\libgcc.a(_arm_unordsf2.o)
                0x08025400                __unordsf2
                0x08025400                __aeabi_fcmpun
 .text          0x0802542c       0x30 c:/gccarm/bin/../lib/gcc/arm-none-eabi/4.9.3/armv7e-m/softfp\libgcc.a(_aeabi_uldivmod.o)
                0x0802542c                __aeabi_uldivmod
 .text          0x0802545c       0x48 c:/gccarm/bin/../lib/gcc/arm-none-eabi/4.9.3/armv7e-m/softfp\libgcc.a(_fixunsdfdi.o)
                0x0802545c                __fixunsdfdi
                0x0802545c                __aeabi_d2ulz
 .text          0x080254a4       0x60 c:/gccarm/bin/../lib/gcc/arm-none-eabi/4.9.3/armv7e-m/softfp\libgcc.a(bpabi.o)
                0x080254a4                __gnu_ldivmod_helper
                0x080254d4                __gnu_uldivmod_helper
 .text          0x08025504      0xa50 c:/gccarm/bin/../lib/gcc/arm-none-eabi/4.9.3/armv7e-m/softfp\libgcc.a(unwind-arm.o)
                0x080257e0                _Unwind_GetCFA
                0x080257e4                __gnu_Unwind_RaiseException
                0x08025844                __gnu_Unwind_ForcedUnwind
                0x08025858                __gnu_Unwind_Resume
                0x0802589c                __gnu_Unwind_Resume_or_Rethrow
                0x080258ac                _Unwind_Complete
                0x080258b0                _Unwind_DeleteException
                0x080258bc                _Unwind_VRS_Get
                0x0802590c                _Unwind_VRS_Set
                0x0802595c                __gnu_Unwind_Backtrace
                0x08025ca0                __aeabi_unwind_cpp_pr0
                0x08025ca4                __aeabi_unwind_cpp_pr1
                0x08025ca8                __aeabi_unwind_cpp_pr2
                0x08025cac                _Unwind_VRS_Pop
 .text          0x08025f54      0x1ac c:/gccarm/bin/../lib/gcc/arm-none-eabi/4.9.3/armv7e-m/softfp\libgcc.a(libunwind.o)
                0x08025f54                __restore_core_regs
                0x08025f54                restore_core_regs
                0x08025f6c                __gnu_Unwind_Restore_VFP
                0x08025f74                __gnu_Unwind_Save_VFP
                0x08025f7c                __gnu_Unwind_Restore_VFP_D
                0x08025f84                __gnu_Unwind_Save_VFP_D
                0x08025f8c                __gnu_Unwind_Restore_VFP_D_16_to_31
                0x08025f94                __gnu_Unwind_Save_VFP_D_16_to_31
                0x08025f9c                __gnu_Unwind_Restore_WMMXD
                0x08025fe0                __gnu_Unwind_Save_WMMXD
                0x08026024                __gnu_Unwind_Restore_WMMXC
                0x08026038                __gnu_Unwind_Save_WMMXC
                0x0802604c                ___Unwind_RaiseException
                0x0802604c                _Unwind_RaiseException
                0x08026070                _Unwind_Resume
                0x08026070                ___Unwind_Resume
                0x08026094                _Unwind_Resume_or_Rethrow
                0x08026094                ___Unwind_Resume_or_Rethrow
                0x080260b8                _Unwind_ForcedUnwind
                0x080260b8                ___Unwind_ForcedUnwind
                0x080260dc                ___Unwind_Backtrace
                0x080260dc                _Unwind_Backtrace
 .text          0x08026100      0x37c c:/gccarm/bin/../lib/gcc/arm-none-eabi/4.9.3/armv7e-m/softfp\libgcc.a(pr-support.o)
                0x08026158                __gnu_unwind_execute
                0x08026424                __gnu_unwind_frame
                0x0802644c                _Unwind_GetRegionStart
                0x08026458                _Unwind_GetLanguageSpecificData
                0x0802646c                _Unwind_GetDataRelBase
                0x08026474                _Unwind_GetTextRelBase
 .text          0x0802647c        0x4 c:/gccarm/bin/../lib/gcc/arm-none-eabi/4.9.3/armv7e-m/softfp\libgcc.a(_dvmd_tls.o)
                0x0802647c                __aeabi_idiv0
                0x0802647c                __aeabi_ldiv0
 .text          0x08026480      0x29c c:/gccarm/bin/../lib/gcc/arm-none-eabi/4.9.3/armv7e-m/softfp\libgcc.a(_divdi3.o)
                0x08026480                __divdi3
 .text          0x0802671c      0x26c c:/gccarm/bin/../lib/gcc/arm-none-eabi/4.9.3/armv7e-m/softfp\libgcc.a(_udivdi3.o)
                0x0802671c                __udivdi3
 .text._getpid  0x08026988       0x10 c:/gccarm/bin/../lib/gcc/arm-none-eabi/4.9.3/../../../../arm-none-eabi/lib/armv7e-m/softfp\libnosys.a(getpid.o)
                0x08026988                _getpid
 .text._kill    0x08026998       0x10 c:/gccarm/bin/../lib/gcc/arm-none-eabi/4.9.3/../../../../arm-none-eabi/lib/armv7e-m/softfp\libnosys.a(kill.o)
                0x08026998                _kill
 *(.init)
 .init          0x080269a8        0x4 c:/gccarm/bin/../lib/gcc/arm-none-eabi/4.9.3/armv7e-m/softfp/crti.o
                0x080269a8                _init
 .init          0x080269ac        0x8 c:/gccarm/bin/../lib/gcc/arm-none-eabi/4.9.3/armv7e-m/softfp/crtn.o
 *(.fini)
 .fini          0x080269b4        0x4 c:/gccarm/bin/../lib/gcc/arm-none-eabi/4.9.3/armv7e-m/softfp/crti.o
                0x080269b4                _fini
 .fini          0x080269b8        0x8 c:/gccarm/bin/../lib/gcc/arm-none-eabi/4.9.3/armv7e-m/softfp/crtn.o
 *crtbegin.o(.ctors)
 *crtbegin?.o(.ctors)
 *(EXCLUDE_FILE(*crtend.o *crtend?.o) .ctors)
 *(SORT(.ctors.*))
 *(.ctors)
 *crtbegin.o(.dtors)
 *crtbegin?.o(.dtors)
 *(EXCLUDE_FILE(*crtend.o *crtend?.o) .dtors)
 *(SORT(.dtors.*))
 *(.dtors)
 *(.rodata*)
 .rodata.__unnamed_2
                0x080269c0        0x4 .\Microsoft.Zelig.Test.mbed.Simple_opt.o
 .rodata.__unnamed_1
                0x080269c4        0x4 .\Microsoft.Zelig.Test.mbed.Simple_opt.o
 .rodata.__unnamed_8
                0x080269c8        0x2 .\Microsoft.Zelig.Test.mbed.Simple_opt.o
 *fill*         0x080269ca        0x2 
 .rodata.__unnamed_10
                0x080269cc        0x4 .\Microsoft.Zelig.Test.mbed.Simple_opt.o
 .rodata.__unnamed_11
                0x080269d0        0x4 .\Microsoft.Zelig.Test.mbed.Simple_opt.o
 .rodata.__unnamed_12
                0x080269d4        0x2 .\Microsoft.Zelig.Test.mbed.Simple_opt.o
 .rodata.__unnamed_13
                0x080269d6        0x2 .\Microsoft.Zelig.Test.mbed.Simple_opt.o
 .rodata.__unnamed_20
                0x080269d8        0x4 .\Microsoft.Zelig.Test.mbed.Simple_opt.o
 .rodata.__unnamed_39
                0x080269dc        0x4 .\Microsoft.Zelig.Test.mbed.Simple_opt.o
 .rodata.__unnamed_40
                0x080269e0        0x4 .\Microsoft.Zelig.Test.mbed.Simple_opt.o
 .rodata.__unnamed_42
                0x080269e4        0x4 .\Microsoft.Zelig.Test.mbed.Simple_opt.o
 .rodata.__unnamed_21
                0x080269e8        0x4 .\Microsoft.Zelig.Test.mbed.Simple_opt.o
 .rodata.__unnamed_37
                0x080269ec        0x4 .\Microsoft.Zelig.Test.mbed.Simple_opt.o
 .rodata.__unnamed_48
                0x080269f0        0x4 .\Microsoft.Zelig.Test.mbed.Simple_opt.o
 .rodata.__unnamed_46
                0x080269f4        0x4 .\Microsoft.Zelig.Test.mbed.Simple_opt.o
 .rodata.__unnamed_43
                0x080269f8        0x4 .\Microsoft.Zelig.Test.mbed.Simple_opt.o
 .rodata.__unnamed_41
                0x080269fc        0x4 .\Microsoft.Zelig.Test.mbed.Simple_opt.o
 .rodata.__unnamed_65
                0x08026a00        0x4 .\Microsoft.Zelig.Test.mbed.Simple_opt.o
 .rodata.__unnamed_66
                0x08026a04        0x4 .\Microsoft.Zelig.Test.mbed.Simple_opt.o
 .rodata.__unnamed_67
                0x08026a08        0x4 .\Microsoft.Zelig.Test.mbed.Simple_opt.o
 .rodata.__unnamed_68
                0x08026a0c        0x4 .\Microsoft.Zelig.Test.mbed.Simple_opt.o
 .rodata.__unnamed_49
                0x08026a10        0x4 .\Microsoft.Zelig.Test.mbed.Simple_opt.o
 .rodata.__unnamed_72
                0x08026a14        0x4 .\Microsoft.Zelig.Test.mbed.Simple_opt.o
 .rodata.__unnamed_71
                0x08026a18        0x4 .\Microsoft.Zelig.Test.mbed.Simple_opt.o
 .rodata.__unnamed_70
                0x08026a1c        0x4 .\Microsoft.Zelig.Test.mbed.Simple_opt.o
 .rodata.__unnamed_69
                0x08026a20        0x4 .\Microsoft.Zelig.Test.mbed.Simple_opt.o
 .rodata.__unnamed_73
                0x08026a24        0x4 .\Microsoft.Zelig.Test.mbed.Simple_opt.o
 .rodata.__unnamed_50
                0x08026a28        0x4 .\Microsoft.Zelig.Test.mbed.Simple_opt.o
 .rodata.__unnamed_38
                0x08026a2c        0x4 .\Microsoft.Zelig.Test.mbed.Simple_opt.o
 .rodata.__unnamed_74
                0x08026a30        0x4 .\Microsoft.Zelig.Test.mbed.Simple_opt.o
 .rodata.__unnamed_75
                0x08026a34        0x4 .\Microsoft.Zelig.Test.mbed.Simple_opt.o
 .rodata.__unnamed_51
                0x08026a38        0x4 .\Microsoft.Zelig.Test.mbed.Simple_opt.o
 .rodata.__unnamed_52
                0x08026a3c        0x4 .\Microsoft.Zelig.Test.mbed.Simple_opt.o
 .rodata.__unnamed_53
                0x08026a40        0x4 .\Microsoft.Zelig.Test.mbed.Simple_opt.o
 .rodata.__unnamed_54
                0x08026a44        0x4 .\Microsoft.Zelig.Test.mbed.Simple_opt.o
 .rodata.__unnamed_55
                0x08026a48        0x4 .\Microsoft.Zelig.Test.mbed.Simple_opt.o
 .rodata.__unnamed_56
                0x08026a4c        0x4 .\Microsoft.Zelig.Test.mbed.Simple_opt.o
 .rodata.__unnamed_57
                0x08026a50        0x4 .\Microsoft.Zelig.Test.mbed.Simple_opt.o
 .rodata.__unnamed_58
                0x08026a54        0x4 .\Microsoft.Zelig.Test.mbed.Simple_opt.o
 .rodata.__unnamed_59
                0x08026a58        0x4 .\Microsoft.Zelig.Test.mbed.Simple_opt.o
 .rodata.__unnamed_60
                0x08026a5c        0x4 .\Microsoft.Zelig.Test.mbed.Simple_opt.o
 .rodata.__unnamed_61
                0x08026a60        0x4 .\Microsoft.Zelig.Test.mbed.Simple_opt.o
 .rodata.__unnamed_62
                0x08026a64        0x4 .\Microsoft.Zelig.Test.mbed.Simple_opt.o
 .rodata.__unnamed_63
                0x08026a68        0x4 .\Microsoft.Zelig.Test.mbed.Simple_opt.o
 .rodata.__unnamed_64
                0x08026a6c        0x4 .\Microsoft.Zelig.Test.mbed.Simple_opt.o
 .rodata.__unnamed_82
                0x08026a70        0x4 .\Microsoft.Zelig.Test.mbed.Simple_opt.o
 .rodata.__unnamed_83
                0x08026a74        0x4 .\Microsoft.Zelig.Test.mbed.Simple_opt.o
 .rodata.__unnamed_84
                0x08026a78        0x4 .\Microsoft.Zelig.Test.mbed.Simple_opt.o
 .rodata.__unnamed_85
                0x08026a7c        0x4 .\Microsoft.Zelig.Test.mbed.Simple_opt.o
 .rodata.__unnamed_86
                0x08026a80        0x4 .\Microsoft.Zelig.Test.mbed.Simple_opt.o
 .rodata.__unnamed_87
                0x08026a84        0x4 .\Microsoft.Zelig.Test.mbed.Simple_opt.o
 .rodata.__unnamed_93
                0x08026a88        0x1 .\Microsoft.Zelig.Test.mbed.Simple_opt.o
 *fill*         0x08026a89        0x3 
 .rodata.__unnamed_94
                0x08026a8c        0x4 .\Microsoft.Zelig.Test.mbed.Simple_opt.o
 .rodata.__unnamed_95
                0x08026a90        0x1 .\Microsoft.Zelig.Test.mbed.Simple_opt.o
 *fill*         0x08026a91        0x3 
 .rodata.__unnamed_15
                0x08026a94        0x4 .\Microsoft.Zelig.Test.mbed.Simple_opt.o
 .rodata.__unnamed_14
                0x08026a98        0x4 .\Microsoft.Zelig.Test.mbed.Simple_opt.o
 .rodata.__unnamed_101
                0x08026a9c        0x4 .\Microsoft.Zelig.Test.mbed.Simple_opt.o
 .rodata.__unnamed_100
                0x08026aa0        0x4 .\Microsoft.Zelig.Test.mbed.Simple_opt.o
 .rodata.__unnamed_98
                0x08026aa4        0x4 .\Microsoft.Zelig.Test.mbed.Simple_opt.o
 .rodata.__unnamed_99
                0x08026aa8        0x4 .\Microsoft.Zelig.Test.mbed.Simple_opt.o
 .rodata.__unnamed_97
                0x08026aac        0x4 .\Microsoft.Zelig.Test.mbed.Simple_opt.o
 .rodata.__unnamed_102
                0x08026ab0        0x4 .\Microsoft.Zelig.Test.mbed.Simple_opt.o
 .rodata.__unnamed_47
                0x08026ab4        0x4 .\Microsoft.Zelig.Test.mbed.Simple_opt.o
 .rodata.__unnamed_104
                0x08026ab8        0x8 .\Microsoft.Zelig.Test.mbed.Simple_opt.o
 .rodata.__unnamed_105
                0x08026ac0        0x8 .\Microsoft.Zelig.Test.mbed.Simple_opt.o
 .rodata.__unnamed_106
                0x08026ac8        0x8 .\Microsoft.Zelig.Test.mbed.Simple_opt.o
 .rodata.__unnamed_88
                0x08026ad0        0x4 .\Microsoft.Zelig.Test.mbed.Simple_opt.o
 .rodata.__unnamed_89
                0x08026ad4        0x4 .\Microsoft.Zelig.Test.mbed.Simple_opt.o
 .rodata.__unnamed_35
                0x08026ad8        0x1 .\Microsoft.Zelig.Test.mbed.Simple_opt.o
 *fill*         0x08026ad9        0x3 
 .rodata.__unnamed_36
                0x08026adc        0x4 .\Microsoft.Zelig.Test.mbed.Simple_opt.o
 .rodata.__unnamed_107
                0x08026ae0        0x4 .\Microsoft.Zelig.Test.mbed.Simple_opt.o
 .rodata.__unnamed_4
                0x08026ae4        0x4 .\Microsoft.Zelig.Test.mbed.Simple_opt.o
 .rodata.__unnamed_108
                0x08026ae8        0x4 .\Microsoft.Zelig.Test.mbed.Simple_opt.o
 .rodata.__unnamed_109
                0x08026aec        0x4 .\Microsoft.Zelig.Test.mbed.Simple_opt.o
 .rodata.__unnamed_45
                0x08026af0        0x4 .\Microsoft.Zelig.Test.mbed.Simple_opt.o
 .rodata.__unnamed_110
                0x08026af4        0x4 .\Microsoft.Zelig.Test.mbed.Simple_opt.o
 .rodata.__unnamed_111
                0x08026af8        0x1 .\Microsoft.Zelig.Test.mbed.Simple_opt.o
 *fill*         0x08026af9        0x3 
 .rodata.__unnamed_112
                0x08026afc        0x4 .\Microsoft.Zelig.Test.mbed.Simple_opt.o
 .rodata.__unnamed_113
                0x08026b00        0x1 .\Microsoft.Zelig.Test.mbed.Simple_opt.o
 *fill*         0x08026b01        0x3 
 .rodata.__unnamed_114
                0x08026b04        0x4 .\Microsoft.Zelig.Test.mbed.Simple_opt.o
 .rodata.__unnamed_115
                0x08026b08        0x4 .\Microsoft.Zelig.Test.mbed.Simple_opt.o
 .rodata.__unnamed_116
                0x08026b0c        0x4 .\Microsoft.Zelig.Test.mbed.Simple_opt.o
 .rodata.__unnamed_127
                0x08026b10        0x4 .\Microsoft.Zelig.Test.mbed.Simple_opt.o
 .rodata.__unnamed_126
                0x08026b14        0x4 .\Microsoft.Zelig.Test.mbed.Simple_opt.o
 .rodata.__unnamed_125
                0x08026b18        0x4 .\Microsoft.Zelig.Test.mbed.Simple_opt.o
 .rodata.__unnamed_124
                0x08026b1c        0x4 .\Microsoft.Zelig.Test.mbed.Simple_opt.o
 .rodata.__unnamed_123
                0x08026b20        0x4 .\Microsoft.Zelig.Test.mbed.Simple_opt.o
 .rodata.__unnamed_122
                0x08026b24        0x4 .\Microsoft.Zelig.Test.mbed.Simple_opt.o
 .rodata.__unnamed_121
                0x08026b28        0x4 .\Microsoft.Zelig.Test.mbed.Simple_opt.o
 .rodata.__unnamed_120
                0x08026b2c        0x4 .\Microsoft.Zelig.Test.mbed.Simple_opt.o
 .rodata.__unnamed_119
                0x08026b30        0x4 .\Microsoft.Zelig.Test.mbed.Simple_opt.o
 .rodata.__unnamed_118
                0x08026b34        0x4 .\Microsoft.Zelig.Test.mbed.Simple_opt.o
 .rodata.__unnamed_117
                0x08026b38        0x4 .\Microsoft.Zelig.Test.mbed.Simple_opt.o
 .rodata.__unnamed_128
                0x08026b3c        0x4 .\Microsoft.Zelig.Test.mbed.Simple_opt.o
 .rodata.__unnamed_129
                0x08026b40        0x4 .\Microsoft.Zelig.Test.mbed.Simple_opt.o
 .rodata.__unnamed_130
                0x08026b44        0x1 .\Microsoft.Zelig.Test.mbed.Simple_opt.o
 *fill*         0x08026b45        0x3 
 .rodata.__unnamed_131
                0x08026b48        0x4 .\Microsoft.Zelig.Test.mbed.Simple_opt.o
 .rodata.__unnamed_22
                0x08026b4c        0x4 .\Microsoft.Zelig.Test.mbed.Simple_opt.o
 .rodata.__unnamed_23
                0x08026b50        0x4 .\Microsoft.Zelig.Test.mbed.Simple_opt.o
 .rodata.__unnamed_34
                0x08026b54        0x4 .\Microsoft.Zelig.Test.mbed.Simple_opt.o
 .rodata.__unnamed_33
                0x08026b58        0x4 .\Microsoft.Zelig.Test.mbed.Simple_opt.o
 .rodata.__unnamed_32
                0x08026b5c        0x4 .\Microsoft.Zelig.Test.mbed.Simple_opt.o
 .rodata.__unnamed_31
                0x08026b60        0x4 .\Microsoft.Zelig.Test.mbed.Simple_opt.o
 .rodata.__unnamed_30
                0x08026b64        0x4 .\Microsoft.Zelig.Test.mbed.Simple_opt.o
 .rodata.__unnamed_29
                0x08026b68        0x4 .\Microsoft.Zelig.Test.mbed.Simple_opt.o
 .rodata.__unnamed_28
                0x08026b6c        0x4 .\Microsoft.Zelig.Test.mbed.Simple_opt.o
 .rodata.__unnamed_27
                0x08026b70        0x4 .\Microsoft.Zelig.Test.mbed.Simple_opt.o
 .rodata.__unnamed_26
                0x08026b74        0x4 .\Microsoft.Zelig.Test.mbed.Simple_opt.o
 .rodata.__unnamed_25
                0x08026b78        0x4 .\Microsoft.Zelig.Test.mbed.Simple_opt.o
 .rodata.__unnamed_24
                0x08026b7c        0x4 .\Microsoft.Zelig.Test.mbed.Simple_opt.o
 .rodata.__unnamed_132
                0x08026b80        0x4 .\Microsoft.Zelig.Test.mbed.Simple_opt.o
 .rodata.__unnamed_133
                0x08026b84        0x4 .\Microsoft.Zelig.Test.mbed.Simple_opt.o
 .rodata.__unnamed_5
                0x08026b88        0x4 .\Microsoft.Zelig.Test.mbed.Simple_opt.o
 .rodata.__unnamed_134
                0x08026b8c        0x4 .\Microsoft.Zelig.Test.mbed.Simple_opt.o
 .rodata.__unnamed_135
                0x08026b90        0x4 .\Microsoft.Zelig.Test.mbed.Simple_opt.o
 .rodata.__unnamed_136
                0x08026b94        0x4 .\Microsoft.Zelig.Test.mbed.Simple_opt.o
 .rodata.__unnamed_137
                0x08026b98        0x4 .\Microsoft.Zelig.Test.mbed.Simple_opt.o
 .rodata.__unnamed_9
                0x08026b9c        0x4 .\Microsoft.Zelig.Test.mbed.Simple_opt.o
 .rodata.__unnamed_18
                0x08026ba0        0x2 .\Microsoft.Zelig.Test.mbed.Simple_opt.o
 *fill*         0x08026ba2        0x2 
 .rodata.__unnamed_19
                0x08026ba4        0x4 .\Microsoft.Zelig.Test.mbed.Simple_opt.o
 .rodata.__unnamed_138
                0x08026ba8        0x4 .\Microsoft.Zelig.Test.mbed.Simple_opt.o
 .rodata.__unnamed_139
                0x08026bac        0x4 .\Microsoft.Zelig.Test.mbed.Simple_opt.o
 .rodata.__unnamed_142
                0x08026bb0        0x4 .\Microsoft.Zelig.Test.mbed.Simple_opt.o
 .rodata.__unnamed_143
                0x08026bb4        0x4 .\Microsoft.Zelig.Test.mbed.Simple_opt.o
 .rodata.__unnamed_141
                0x08026bb8        0x4 .\Microsoft.Zelig.Test.mbed.Simple_opt.o
 .rodata.__unnamed_140
                0x08026bbc        0x4 .\Microsoft.Zelig.Test.mbed.Simple_opt.o
 .rodata.__unnamed_144
                0x08026bc0        0x4 .\Microsoft.Zelig.Test.mbed.Simple_opt.o
 .rodata.__unnamed_145
                0x08026bc4        0x4 .\Microsoft.Zelig.Test.mbed.Simple_opt.o
 .rodata.__unnamed_146
                0x08026bc8        0x4 .\Microsoft.Zelig.Test.mbed.Simple_opt.o
 .rodata.__unnamed_147
                0x08026bcc        0x4 .\Microsoft.Zelig.Test.mbed.Simple_opt.o
 .rodata.__unnamed_155
                0x08026bd0        0x4 .\Microsoft.Zelig.Test.mbed.Simple_opt.o
 .rodata.__unnamed_156
                0x08026bd4        0x4 .\Microsoft.Zelig.Test.mbed.Simple_opt.o
 .rodata.__unnamed_151
                0x08026bd8        0x2 .\Microsoft.Zelig.Test.mbed.Simple_opt.o
 *fill*         0x08026bda        0x2 
 .rodata.__unnamed_152
                0x08026bdc        0x4 .\Microsoft.Zelig.Test.mbed.Simple_opt.o
 .rodata.__unnamed_153
                0x08026be0        0x2 .\Microsoft.Zelig.Test.mbed.Simple_opt.o
 *fill*         0x08026be2        0x2 
 .rodata.__unnamed_148
                0x08026be4        0x4 .\Microsoft.Zelig.Test.mbed.Simple_opt.o
 .rodata.__unnamed_149
                0x08026be8        0x2 .\Microsoft.Zelig.Test.mbed.Simple_opt.o
 .rodata.__unnamed_150
                0x08026bea        0x2 .\Microsoft.Zelig.Test.mbed.Simple_opt.o
 .rodata.__unnamed_157
                0x08026bec        0x4 .\Microsoft.Zelig.Test.mbed.Simple_opt.o
 .rodata.__unnamed_96
                0x08026bf0        0x4 .\Microsoft.Zelig.Test.mbed.Simple_opt.o
 .rodata.__unnamed_44
                0x08026bf4        0x4 .\Microsoft.Zelig.Test.mbed.Simple_opt.o
 .rodata.__unnamed_76
                0x08026bf8        0x4 .\Microsoft.Zelig.Test.mbed.Simple_opt.o
 .rodata.__unnamed_158
                0x08026bfc        0x4 .\Microsoft.Zelig.Test.mbed.Simple_opt.o
 .rodata.__unnamed_77
                0x08026c00        0x4 .\Microsoft.Zelig.Test.mbed.Simple_opt.o
 .rodata.__unnamed_17
                0x08026c04        0x2 .\Microsoft.Zelig.Test.mbed.Simple_opt.o
 .rodata.__unnamed_16
                0x08026c06        0x2 .\Microsoft.Zelig.Test.mbed.Simple_opt.o
 .rodata.__unnamed_159
                0x08026c08        0x4 .\Microsoft.Zelig.Test.mbed.Simple_opt.o
 .rodata.__unnamed_160
                0x08026c0c        0x4 .\Microsoft.Zelig.Test.mbed.Simple_opt.o
 .rodata.__unnamed_161
                0x08026c10        0x4 .\Microsoft.Zelig.Test.mbed.Simple_opt.o
 .rodata.__unnamed_162
                0x08026c14        0x4 .\Microsoft.Zelig.Test.mbed.Simple_opt.o
 .rodata.__unnamed_154
                0x08026c18        0x4 .\Microsoft.Zelig.Test.mbed.Simple_opt.o
 .rodata.__unnamed_103
                0x08026c1c        0x4 .\Microsoft.Zelig.Test.mbed.Simple_opt.o
 .rodata.__unnamed_163
                0x08026c20        0x4 .\Microsoft.Zelig.Test.mbed.Simple_opt.o
 .rodata.__unnamed_164
                0x08026c24        0x1 .\Microsoft.Zelig.Test.mbed.Simple_opt.o
 .rodata.__unnamed_165
                0x08026c25        0x1 .\Microsoft.Zelig.Test.mbed.Simple_opt.o
 .rodata.__unnamed_166
                0x08026c26        0x1 .\Microsoft.Zelig.Test.mbed.Simple_opt.o
 .rodata.__unnamed_167
                0x08026c27        0x1 .\Microsoft.Zelig.Test.mbed.Simple_opt.o
 .rodata.__unnamed_168
                0x08026c28        0x1 .\Microsoft.Zelig.Test.mbed.Simple_opt.o
 .rodata.__unnamed_7
                0x08026c29        0x1 .\Microsoft.Zelig.Test.mbed.Simple_opt.o
 .rodata.__unnamed_169
                0x08026c2a        0x1 .\Microsoft.Zelig.Test.mbed.Simple_opt.o
 .rodata.__unnamed_6
                0x08026c2b        0x1 .\Microsoft.Zelig.Test.mbed.Simple_opt.o
 .rodata.__unnamed_170
                0x08026c2c        0x1 .\Microsoft.Zelig.Test.mbed.Simple_opt.o
 *fill*         0x08026c2d        0x3 
 .rodata.__unnamed_78
                0x08026c30        0x4 .\Microsoft.Zelig.Test.mbed.Simple_opt.o
 .rodata.__unnamed_79
                0x08026c34        0x4 .\Microsoft.Zelig.Test.mbed.Simple_opt.o
 .rodata.__unnamed_171
                0x08026c38        0x4 .\Microsoft.Zelig.Test.mbed.Simple_opt.o
 .rodata.__unnamed_172
                0x08026c3c        0x1 .\Microsoft.Zelig.Test.mbed.Simple_opt.o
 *fill*         0x08026c3d        0x3 
 .rodata.__unnamed_173
                0x08026c40        0x4 .\Microsoft.Zelig.Test.mbed.Simple_opt.o
 .rodata.__unnamed_174
                0x08026c44        0x4 .\Microsoft.Zelig.Test.mbed.Simple_opt.o
 .rodata.__unnamed_178
                0x08026c48        0x4 .\Microsoft.Zelig.Test.mbed.Simple_opt.o
 .rodata.__unnamed_179
                0x08026c4c        0x4 .\Microsoft.Zelig.Test.mbed.Simple_opt.o
 .rodata.__unnamed_176
                0x08026c50        0x1 .\Microsoft.Zelig.Test.mbed.Simple_opt.o
 .rodata.__unnamed_177
                0x08026c51        0x1 .\Microsoft.Zelig.Test.mbed.Simple_opt.o
 *fill*         0x08026c52        0x2 
 .rodata.__unnamed_80
                0x08026c54        0x4 .\Microsoft.Zelig.Test.mbed.Simple_opt.o
 .rodata.__unnamed_81
                0x08026c58        0x4 .\Microsoft.Zelig.Test.mbed.Simple_opt.o
 .rodata.__unnamed_186
                0x08026c5c        0x4 .\Microsoft.Zelig.Test.mbed.Simple_opt.o
 .rodata.__unnamed_92
                0x08026c60        0x4 .\Microsoft.Zelig.Test.mbed.Simple_opt.o
 .rodata.__unnamed_91
                0x08026c64        0x4 .\Microsoft.Zelig.Test.mbed.Simple_opt.o
 .rodata.__unnamed_187
                0x08026c68        0x4 .\Microsoft.Zelig.Test.mbed.Simple_opt.o
 .rodata.__unnamed_188
                0x08026c6c        0x4 .\Microsoft.Zelig.Test.mbed.Simple_opt.o
 .rodata.__unnamed_184
                0x08026c70        0x1 .\Microsoft.Zelig.Test.mbed.Simple_opt.o
 .rodata.__unnamed_185
                0x08026c71        0x1 .\Microsoft.Zelig.Test.mbed.Simple_opt.o
 *fill*         0x08026c72        0x2 
 .rodata.__unnamed_183
                0x08026c74        0x4 .\Microsoft.Zelig.Test.mbed.Simple_opt.o
 .rodata.__unnamed_181
                0x08026c78        0x4 .\Microsoft.Zelig.Test.mbed.Simple_opt.o
 .rodata.__unnamed_182
                0x08026c7c        0x4 .\Microsoft.Zelig.Test.mbed.Simple_opt.o
 .rodata.__unnamed_180
                0x08026c80        0x4 .\Microsoft.Zelig.Test.mbed.Simple_opt.o
 .rodata.__unnamed_175
                0x08026c84        0x4 .\Microsoft.Zelig.Test.mbed.Simple_opt.o
 .rodata.__unnamed_189
                0x08026c88        0x4 .\Microsoft.Zelig.Test.mbed.Simple_opt.o
 .rodata.__unnamed_190
                0x08026c8c        0x4 .\Microsoft.Zelig.Test.mbed.Simple_opt.o
 .rodata.__unnamed_191
                0x08026c90        0x4 .\Microsoft.Zelig.Test.mbed.Simple_opt.o
 .rodata.__unnamed_192
                0x08026c94        0x4 .\Microsoft.Zelig.Test.mbed.Simple_opt.o
 .rodata.__unnamed_193
                0x08026c98        0x4 .\Microsoft.Zelig.Test.mbed.Simple_opt.o
 .rodata.__unnamed_194
                0x08026c9c        0x4 .\Microsoft.Zelig.Test.mbed.Simple_opt.o
 .rodata.__unnamed_195
                0x08026ca0        0x4 .\Microsoft.Zelig.Test.mbed.Simple_opt.o
 .rodata.__unnamed_3
                0x08026ca4        0x4 .\Microsoft.Zelig.Test.mbed.Simple_opt.o
 .rodata.__unnamed_196
                0x08026ca8        0x4 .\Microsoft.Zelig.Test.mbed.Simple_opt.o
 .rodata.__unnamed_197
                0x08026cac        0x4 .\Microsoft.Zelig.Test.mbed.Simple_opt.o
 .rodata.__unnamed_199
                0x08026cb0        0x4 .\Microsoft.Zelig.Test.mbed.Simple_opt.o
 .rodata.__unnamed_198
                0x08026cb4        0x4 .\Microsoft.Zelig.Test.mbed.Simple_opt.o
 .rodata.__unnamed_90
                0x08026cb8        0x4 .\Microsoft.Zelig.Test.mbed.Simple_opt.o
 .rodata        0x08026cbc       0x25 DISCO_F746NG\InteropExports_debug.o
 *fill*         0x08026ce1        0x3 
 .rodata        0x08026ce4       0x69 DISCO_F746NG\InteropExports_gpio.o
 *fill*         0x08026d4d        0x3 
 .rodata.APBAHBPrescTable
                0x08026d50       0x10 C:\llilum\Zelig\mbed/TARGET_DISCO_F746NG/TOOLCHAIN_GCC_ARM/stm32f7xx_hal_rcc.o
                0x08026d50                APBAHBPrescTable
 .rodata.CSWTCH.36
                0x08026d60        0xd C:\llilum\Zelig\mbed/TARGET_DISCO_F746NG/TOOLCHAIN_GCC_ARM/stm32f7xx_hal_uart.o
 *fill*         0x08026d6d        0x3 
 .rodata.CSWTCH.35
                0x08026d70        0x4 C:\llilum\Zelig\mbed/TARGET_DISCO_F746NG/TOOLCHAIN_GCC_ARM/stm32f7xx_hal_uart.o
 .rodata        0x08026d74       0x7c C:\llilum\Zelig\mbed/TARGET_DISCO_F746NG/TOOLCHAIN_GCC_ARM\libmbed.a(gpio_api.o)
 .rodata.gpio_mode
                0x08026df0       0x34 C:\llilum\Zelig\mbed/TARGET_DISCO_F746NG/TOOLCHAIN_GCC_ARM\libmbed.a(pinmap.o)
 .rodata        0x08026e24       0x85 C:\llilum\Zelig\mbed/TARGET_DISCO_F746NG/TOOLCHAIN_GCC_ARM\libmbed.a(pinmap.o)
 *fill*         0x08026ea9        0x3 
 .rodata        0x08026eac       0x85 C:\llilum\Zelig\mbed/TARGET_DISCO_F746NG/TOOLCHAIN_GCC_ARM\libmbed.a(serial_api.o)
 *fill*         0x08026f31        0x3 
 .rodata        0x08026f34       0x7e C:\llilum\Zelig\mbed/TARGET_DISCO_F746NG/TOOLCHAIN_GCC_ARM\libmbed.a(spi_api.o)
 *fill*         0x08026fb2        0x2 
 .rodata.str1.4
                0x08026fb4       0x34 C:\llilum\Zelig\mbed/TARGET_DISCO_F746NG/TOOLCHAIN_GCC_ARM\libmbed.a(assert.o)
                                 0x31 (size before relaxing)
 .rodata        0x08026fe8       0x66 C:\llilum\Zelig\mbed/TARGET_DISCO_F746NG/TOOLCHAIN_GCC_ARM\libmbed.a(pinmap_common.o)
 *fill*         0x0802704e        0x2 
 .rodata.us_interface
                0x08027050       0x14 C:\llilum\Zelig\mbed/TARGET_DISCO_F746NG/TOOLCHAIN_GCC_ARM\libmbed.a(us_ticker_api.o)
 .rodata.us_data
                0x08027064        0x8 C:\llilum\Zelig\mbed/TARGET_DISCO_F746NG/TOOLCHAIN_GCC_ARM\libmbed.a(us_ticker_api.o)
 .rodata.PinMap_UART_TX
                0x0802706c       0x3c C:\llilum\Zelig\mbed/TARGET_DISCO_F746NG/TOOLCHAIN_GCC_ARM\libmbed.a(PeripheralPins.o)
                0x0802706c                PinMap_UART_TX
 .rodata.PinMap_UART_RX
                0x080270a8       0x30 C:\llilum\Zelig\mbed/TARGET_DISCO_F746NG/TOOLCHAIN_GCC_ARM\libmbed.a(PeripheralPins.o)
                0x080270a8                PinMap_UART_RX
 .rodata.PinMap_SPI_MOSI
                0x080270d8       0x30 C:\llilum\Zelig\mbed/TARGET_DISCO_F746NG/TOOLCHAIN_GCC_ARM\libmbed.a(PeripheralPins.o)
                0x080270d8                PinMap_SPI_MOSI
 .rodata.PinMap_SPI_MISO
                0x08027108       0x30 C:\llilum\Zelig\mbed/TARGET_DISCO_F746NG/TOOLCHAIN_GCC_ARM\libmbed.a(PeripheralPins.o)
                0x08027108                PinMap_SPI_MISO
 .rodata.PinMap_SPI_SCLK
                0x08027138       0x30 C:\llilum\Zelig\mbed/TARGET_DISCO_F746NG/TOOLCHAIN_GCC_ARM\libmbed.a(PeripheralPins.o)
                0x08027138                PinMap_SPI_SCLK
 .rodata.PinMap_SPI_SSEL